10-04 17:30:17.417   618   618 D io_stats: !@   8,0 r 3907902 94625141 w 3569032 34830156 d 1037142 125636528 f 0 314067 iot 3297892 0 th 0 0 0 pt 0 inp 0 0 53161.898
10-04 17:30:17.417   618   618 D io_stats: !@ Read_top(KB): loop33(3007) 8
10-04 17:30:17.417   618   618 D io_stats: !@ Write_top(KB): f2fs_ckpt-254:1(655) 164 kworker/u16:0(31218) 164 droid.bluetooth(1665) 24
10-04 17:30:17.423   914   914 I Layer   : id=17792 Destroyed Screenshot Parent
10-04 17:30:17.426   914  1218 I SurfaceFlinger: id=17793 createSurf (0x0),1 flag=40004, IME-snapshot-surface#0
10-04 17:30:17.430  4083  4083 I SDHMS:BarTender:Analyzer:AppError: analyze app error : uid=10416, pkg=com.example.techdemo, appErrorCount=9
10-04 17:30:17.431  1268  1268 V WindowManager: Changing focus from Window{871728 u0 com.example.techdemo/com.example.techdemo.AddActivity} to null displayId=0 Callers=com.android.server.wm.RootWindowContainer.updateFocusedWindowLocked:583 com.android.server.wm.WindowManagerService.updateFocusedWindowLocked:6496 com.android.server.wm.WindowToken.setExiting:274 com.android.server.wm.DisplayContent.removeWindowToken:1552 
10-04 17:30:17.431  1268  1268 D MARsPolicyManager: onPackageResumedFG pkgName = com.example.techdemo, userId = 0
10-04 17:30:17.431  1268  1268 D StatusBarManagerService: notifyRequestedSystemKey recent=false home=false
10-04 17:30:17.432  1268  3964 D InputTransport: Input channel destroyed: '694e3a4', fd=762
10-04 17:30:17.432  1268  3964 W InputManager-JNI: Input channel object '694e3a4 Toast (client)' was disposed without first being removed with the input manager!
10-04 17:30:17.432  1268  3964 D InputTransport: Input channel destroyed: '694e3a4', fd=901
10-04 17:30:17.432  1268  3964 V WindowManager: removeIfPossible 2, Window{694e3a4 u0 Toast}: mAnimatingExit=true caller=com.android.server.wm.WindowState.removeIfPossible:2984 com.android.server.wm.WindowManagerService.removeWindow:2265 com.android.server.wm.Session.remove:225 android.view.IWindowSession$Stub.onTransact:746 com.android.server.wm.Session.onTransact:176 
10-04 17:30:17.435  1268  1505 D InputMethodManagerService: removeClient
10-04 17:30:17.435  1268  1954 D AutofillSession: handling death of Token{eba7cd1 ActivityRecord{2150336 u0 com.example.techdemo/.AddActivity t5514 f}}} when saving=false
10-04 17:30:17.435  1268  1505 D InputTransport: Input channel destroyed: 'ClientS', fd=933
10-04 17:30:17.436  1268  1505 I InputMethodManagerService: Calling com.android.internal.view.IInputMethod$Stub$Proxy@1f6bd84.hideSoftInput(0, android.os.Binder@29dd0eb, null) for reason: HIDE_REMOVE_CLIENT
10-04 17:30:17.436 22660 22660 D InputTransport: Input channel destroyed: 'ClientS', fd=124
10-04 17:30:17.436 22660 22660 I InputMethod: hideSoftInput(), flags : 0
10-04 17:30:17.437 22660 22660 I GoogleInputMethodService: GoogleInputMethodService.onFinishInputView():2317 
10-04 17:30:17.437  1268  3950 I WindowManager: WIN DEATH: Window{b08aa25 u0 com.example.techdemo/com.example.techdemo.MainActivity}
10-04 17:30:17.437  1683  1683 D InputTransport: Input channel destroyed: '694e3a4', fd=242
10-04 17:30:17.437  1268  3950 D InputTransport: Input channel destroyed: 'b08aa25', fd=910
10-04 17:30:17.437  1268  3950 W InputManager-JNI: Input channel object 'b08aa25 com.example.techdemo/com.example.techdemo.MainActivity (client)' was disposed without first being removed with the input manager!
10-04 17:30:17.437  1268  3950 D InputTransport: Input channel destroyed: 'b08aa25', fd=932
10-04 17:30:17.437 22660 22660 W TooltipLifecycleManager: TooltipLifecycleManager.dismissTooltips():159 Tooltip with id spell_check_add_to_dictionary not found in tooltipManager.
10-04 17:30:17.437  1268  3950 D RestrictionPolicy: isScreenCaptureEnabled : ret=true userId=0
10-04 17:30:17.437   807   807 I Zygote  : Process 31596 exited due to signal 9 (Killed)
10-04 17:30:17.438 22660 22660 I SurfaceView@7aeca13: onWindowVisibilityChanged(8) false android.view.SurfaceView{7aeca13 G.E...... ......I. 0,0-0,0 #7f0b034f app:id/key_pos_header_action_surface} of ViewRootImpl@ac69273[InputMethod]
10-04 17:30:17.438 22660 22660 W InputMethodService: Window size has been changed. This may cause jankiness of resizing window: -1 -> -2
10-04 17:30:17.438 22660 22660 I DecorView: notifyKeepScreenOnChanged: keepScreenOn=false
10-04 17:30:17.438 22660 22660 I MSHandlerLifeCycle: isMultiSplitHandlerRequested: ignored. pkg=com.google.android.inputmethod.latin isActivity=false callers=com.android.internal.policy.DecorView.hasMultiSplitHandlerInNonFreeformMode:891 com.android.internal.policy.DecorView.notifyKeepScreenOnChanged:885 android.view.ViewRootImpl.applyKeepScreenOnFlag:2945 android.view.ViewRootImpl.setLayoutParams:2108 android.view.WindowManagerGlobal.updateViewLayout:537 
10-04 17:30:17.438 22660 22660 I DecorView: notifyKeepScreenOnChanged: keepScreenOn=false
10-04 17:30:17.438 22660 22660 I MSHandlerLifeCycle: isMultiSplitHandlerRequested: ignored. pkg=com.google.android.inputmethod.latin isActivity=false callers=com.android.internal.policy.DecorView.hasMultiSplitHandlerInNonFreeformMode:891 com.android.internal.policy.DecorView.notifyKeepScreenOnChanged:885 android.view.ViewRootImpl.applyKeepScreenOnFlag:2945 android.view.ViewRootImpl.setLayoutParams:2108 android.view.WindowManagerGlobal.updateViewLayout:537 
10-04 17:30:17.438 22660 22660 I DecorView: notifyKeepScreenOnChanged: keepScreenOn=false
10-04 17:30:17.439 22660 22660 I MSHandlerLifeCycle: isMultiSplitHandlerRequested: ignored. pkg=com.google.android.inputmethod.latin isActivity=false callers=com.android.internal.policy.DecorView.hasMultiSplitHandlerInNonFreeformMode:891 com.android.internal.policy.DecorView.notifyKeepScreenOnChanged:885 android.view.ViewRootImpl.applyKeepScreenOnFlag:2945 android.view.ViewRootImpl.setLayoutParams:2108 android.view.WindowManagerGlobal.updateViewLayout:537 
10-04 17:30:17.439 22660 22660 D InputMethodService: AxT9IME.sendInputViewShownState(): false
10-04 17:30:17.439 22660 22660 D InputMethodService: AxT9IME.IS_VISIBLE_CANDIDATE(): 4
10-04 17:30:17.439  1268  4046 I WindowManager: WIN DEATH: Window{871728 u0 com.example.techdemo/com.example.techdemo.AddActivity}
10-04 17:30:17.439  1268  4046 D InputTransport: Input channel destroyed: '871728 ', fd=944
10-04 17:30:17.440  1268  4046 W InputManager-JNI: Input channel object '871728 com.example.techdemo/com.example.techdemo.AddActivity (client)' was disposed without first being removed with the input manager!
10-04 17:30:17.440  1268  4046 D InputTransport: Input channel destroyed: '871728 ', fd=971
10-04 17:30:17.440  1268  4046 D RestrictionPolicy: isScreenCaptureEnabled : ret=true userId=0
10-04 17:30:17.440  1268  4046 I WindowManager: Cancelling animation restarting=true, leash=Surface(name=Surface(name=6aee25d InputMethod)/@0xe7c4759 - animation-leash of insets_animation)/@0x73ceeb3
10-04 17:30:17.440  1268  4046 I WindowManager: Reparenting to original parent: Surface(name=WindowToken{d6c0cf3 android.os.Binder@d96d362})/@0x7daf1e, destroy=false, surface=Surface(name=6aee25d InputMethod)/@0xe7c4759
10-04 17:30:17.440  1268  4046 I WindowManager: Reparenting to leash, surface=Surface(name=6aee25d InputMethod)/@0xe7c4759, leashParent=Surface(name=WindowToken{d6c0cf3 android.os.Binder@d96d362})/@0x7daf1e
10-04 17:30:17.440   914   914 I SurfaceFlinger: [871728 com.example.techdemo/com.example.techdemo.AddActivity#0] FrameRatePriority: -1
10-04 17:30:17.440   914   914 I Layer   : id=17766 removeFromCurrentState b08aa25 com.example.techdemo/com.example.techdemo.MainActivity#0 (125)
10-04 17:30:17.441   914   914 I SurfaceFlinger: id=17766 Removed b08aa25 com.example.techdemo/com.example.techdemo.MainActivity#0 (125)
10-04 17:30:17.441   914   985 I SurfaceFlinger: id=17794 createSurf (0x0),-1 flag=24000, Surface(name=6aee25d InputMethod)/@0xe7c4759 - animation-leash of insets_animation#0
10-04 17:30:17.441   914   914 I Layer   : id=17766 Destroyed b08aa25 com.example.techdemo/com.example.techdemo.MainActivity#0
10-04 17:30:17.443  1268  4046 D WindowManager: makeSurface duration=3 leash=Surface(name=Surface(name=6aee25d InputMethod)/@0xe7c4759 - animation-leash of insets_animation)/@0x8c47206
10-04 17:30:17.444  1268  4046 I WindowManager: Destroying surface Surface(name=com.example.techdemo/com.example.techdemo.AddActivity$_31596)/@0xd0690c7 called by com.android.server.wm.WindowStateAnimator.destroySurface:987 com.android.server.wm.WindowStateAnimator.destroySurfaceLocked:518 com.android.server.wm.WindowState.removeImmediately:2960 com.android.server.wm.WindowState.removeIfPossible:3151 com.android.server.wm.WindowState.access$300:334 com.android.server.wm.WindowState$DeathRecipient.binderDied:3725 android.os.IBinder$DeathRecipient.binderDied:320 android.os.BinderProxy.sendDeathNotice:750 
10-04 17:30:17.449  1268  1505 V InputMethodManagerService: hideCurrentInputLocked : send MSG_HIDE_SOFT_INPUT
10-04 17:30:17.450   914   914 D SurfaceFlinger: Display 4633128672291735999 HWC layers:
10-04 17:30:17.450   914   914 D SurfaceFlinger:      DEVICE | 0xb400007c6ee09690 | 0102 | RGBA_8888    |    0.0    0.0 1080.0 2316.0 |    0    0 1080 2316 | com.example.techdemo/com.example.techdemo.AddActivity$_31596#0
10-04 17:30:17.450   914   914 D SurfaceFlinger:      DEVICE | 0xb400007c6ee05250 | 0000 | RGBA_8888    |    0.0    0.0 1080.0 2241.0 |    0   75 1080 2316 | IME-snapshot-surface#0
10-04 17:30:17.450   914   914 D SurfaceFlinger:      DEVICE | 0xb400007c6ee00010 | 0100 | RGBA_8888    |    0.0    0.0 1080.0 2241.0 |    0   75 1080 2316 | InputMethod$_22660#0
10-04 17:30:17.450   914   914 D SurfaceFlinger:      DEVICE | 0xb400007c6ee03b90 | 0100 | RGBA_8888    |    0.0    0.0 1080.0   75.0 |    0    0 1080   75 | StatusBar$_1683#0
10-04 17:30:17.450   914   914 D SurfaceFlinger:      DEVICE | 0xb400007c6edfe090 | 0100 | RGBA_8888    |    0.0    0.0   67.0  342.0 | 1013  416 1080  758 | com.samsung.android.app.cocktailbars[...]arservice.CocktailBarService$_9298#0
10-04 17:30:17.450   914   914 D SurfaceFlinger:      DEVICE | 0xb400007c6edf4150 | 0100 | RGBA_8888    |    0.0    0.0  420.0  124.0 |  330 1877  750 2001 | Toast$_1683#0
10-04 17:30:17.450   914   914 D SurfaceFlinger:      DEVICE | 0xb400007c6ee0dad0 | 0100 | RGBA_8888    |    0.0    0.0 1080.0  135.0 |    0 2181 1080 2316 | Nav
10-04 17:30:17.450   914   914 D SurfaceFlinger: igationBar0$_1683#0
10-04 17:30:17.450   914   914 D SurfaceFlinger: 
10-04 17:30:17.451   914   914 I Layer   : id=17779 removeFromCurrentState com.example.techdemo/com.example.techdemo.AddActivity$_31596#0 (125)
10-04 17:30:17.451   914   914 I Layer   : id=17778 removeFromCurrentState 871728 com.example.techdemo/com.example.techdemo.AddActivity#0 (125)
10-04 17:30:17.451   914   914 I Layer   : id=17788 removeFromCurrentState Surface(name=6aee25d InputMethod)/@0xe7c4759 - animation-leash of insets_animation#1 (125)
10-04 17:30:17.451  1268  1506 D SamsungAlarmManager: setInexact (T:3/F:0/AC:false) 20321001T173017 now=123686730 - CU:10241/CP:12475/OP:PendingIntent{cd276f4: PendingIntentRecord{a932e1d com.google.android.gms/ startService}}
10-04 17:30:17.451   914   914 I SurfaceFlinger: id=17778 Removed 871728 com.example.techdemo/com.example.techdemo.AddActivity#0 (125)
10-04 17:30:17.451   914   914 I SurfaceFlinger: id=17788 Removed Surface(name=6aee25d InputMethod)/@0xe7c4759 - animation-leash of insets_animation#1 (125)
10-04 17:30:17.452   914   914 I SurfaceFlinger: id=17779 Removed com.example.techdemo/com.example.techdemo.AddActivity$_31596#0 (125)
10-04 17:30:17.452   914   914 I Layer   : id=17778 Destroyed 871728 com.example.techdemo/com.example.techdemo.AddActivity#0
10-04 17:30:17.452   914   914 I Layer   : id=17788 Destroyed Surface(name=6aee25d InputMethod)/@0xe7c4759 - animation-leash of insets_animation#1
10-04 17:30:17.452  1268  1506 V SamsungAlarmManager: setLocked to kernel - W:123814108 / NW:123690029, now=123686731
10-04 17:30:17.452  1268  2832 I ActivityManager: Process com.example.techdemo (pid 31596) has died: fg  TOP (1538,2950)
10-04 17:30:17.453  1268  1322 I libprocessgroup: Successfully killed process cgroup uid 10416 pid 31596 in 0ms
10-04 17:30:17.454  1268  2832 I ActivityTaskManager: Removing activity ActivityRecord{2150336 u0 com.example.techdemo/.AddActivity t5514 f}}(appDied)  from stack callers=com.android.server.wm.ActivityRecord.handleAppDied:4286 com.android.server.wm.WindowProcessController.handleAppDied:1287 com.android.server.wm.ActivityTaskManagerService$LocalService.handleAppDied:7108 com.android.server.am.ActivityManagerService.handleAppDiedLocked:3651 com.android.server.am.ActivityManagerService.appDiedLocked:3841 
10-04 17:30:17.454  1665  1665 D HidDeviceService: handleMessage(): msg.what=8
10-04 17:30:17.456   914   914 E BpTransactionCompletedListener: Failed to transact (-32)
10-04 17:30:17.456   914   914 I Layer   : id=17779 Destroyed com.example.techdemo/com.example.techdemo.AddActivity$_31596#0
10-04 17:30:17.457  1268  2832 I SemDvfsHyPerManager: acquire hyper - AMS_ACT_RESUME/1268@19, type = -999
10-04 17:30:17.457  1268  2832 D ActivityManagerPerformance: AMP_acquire() ACT_RESUME
10-04 17:30:17.458  1268  2832 W WindowManager: Prepare app transition: mNextAppTransitionRequests=[TRANSIT_CLOSE, TRANSIT_CLOSE, TRANSIT_CLOSE, TRANSIT_OPEN], mNextAppTransitionFlags=TRANSIT_FLAG_APP_CRASHED, displayId: 0 Callers=com.android.server.wm.DisplayContent.prepareAppTransition:6369 com.android.server.wm.DisplayContent.prepareAppTransition:6364 com.android.server.wm.Task.resumeTopActivityInnerLocked:8419 com.android.server.wm.Task.resumeTopActivityInnerLocked:8142 com.android.server.wm.Task.resumeTopActivityUncheckedLocked:8040 
10-04 17:30:17.458  1268  2832 D ActivityTaskManager: Add starting com.android.server.wm.ActivityRecord$AddStartingWindow@4000630: typeParam=41
10-04 17:30:17.458   839   963 I HYPER-HAL: [RequestManager.cpp]acquire(): Acquired ID : 828847  [1268 / 19]    HINT : AMS_ACT_RESUME    list : 
10-04 17:30:17.459   914   914 D SurfaceFlinger: Display 4633128672291735999 HWC layers:
10-04 17:30:17.459   914   914 D SurfaceFlinger:      DEVICE | 0xb400007c6ee05250 | 0000 | RGBA_8888    |    0.0    0.0 1080.0 2241.0 |    0   75 1080 2316 | IME-snapshot-surface#0
10-04 17:30:17.459   914   914 D SurfaceFlinger:      DEVICE | 0xb400007c6ee03b90 | 0100 | RGBA_8888    |    0.0    0.0 1080.0   75.0 |    0    0 1080   75 | StatusBar$_1683#0
10-04 17:30:17.459   914   914 D SurfaceFlinger:      DEVICE | 0xb400007c6edfe090 | 0100 | RGBA_8888    |    0.0    0.0   67.0  342.0 | 1013  416 1080  758 | com.samsung.android.app.cocktailbars[...]arservice.CocktailBarService$_9298#0
10-04 17:30:17.459   914   914 D SurfaceFlinger:      DEVICE | 0xb400007c6edf4150 | 0100 | RGBA_8888    |    0.0    0.0  420.0  124.0 |  330 1877  750 2001 | Toast$_1683#0
10-04 17:30:17.459   914   914 D SurfaceFlinger:      DEVICE | 0xb400007c6ee0dad0 | 0100 | RGBA_8888    |    0.0    0.0 1080.0  135.0 |    0 2181 1080 2316 | NavigationBar0$_1683#0
10-04 17:30:17.459   914   914 D SurfaceFlinger: 
10-04 17:30:17.459   914   914 I Layer   : id=17793 removeFromCurrentState IME-snapshot-surface#0 (122)
10-04 17:30:17.459   914   914 I Layer   : id=17774 removeFromCurrentState ActivityRecord{2150336 u0 com.example.techdemo/.AddActivity t5514}#0 (122)
10-04 17:30:17.459   914   914 I SurfaceFlinger: id=17793 Removed IME-snapshot-surface#0 (122)
10-04 17:30:17.459   914   914 I SurfaceFlinger: id=17774 Removed ActivityRecord{2150336 u0 com.example.techdemo/.AddActivity t5514}#0 (122)
10-04 17:30:17.459   914   914 I Layer   : id=17774 Destroyed ActivityRecord{2150336 u0 com.example.techdemo/.AddActivity t5514}#0
10-04 17:30:17.460   914   914 I Layer   : id=17793 Destroyed IME-snapshot-surface#0
10-04 17:30:17.462  1268  2832 I AppOps  : updateUidProcState uid: 10241 procState: 5 capability:15
10-04 17:30:17.463 22660 22660 D InputMethodService: sendInputViewShownStateSSRM(): false
10-04 17:30:17.464  1268  1505 I ActivityManager: Changes in 99034 5 to 7, 8 to 0
10-04 17:30:17.464  1268  1505 I ActivityManager: Changes in 10253 5 to 7, 15 to 0
10-04 17:30:17.464  1268  1505 I ActivityManager: Changes in 10241 5 to 5, 15 to 8
10-04 17:30:17.464  1268  1312 D NetworkPolicy: onUidStateChanged() uid: 99034, isForeground(false, 7)
10-04 17:30:17.464  1268  1312 D NetworkPolicy: onUidStateChanged() uid: 10253, isForeground(false, 7)
10-04 17:30:17.464  1268  1312 D NetworkPolicy: onUidStateChanged() uid: 10241, isForeground(true, 5)
10-04 17:30:17.464  1268  1507 D InputMethodManagerServicePhysicalKey: isConnectedDexOnPC false
10-04 17:30:17.465  1268  1507 D InputMethodManagerService: isImeSwitcherDisabledPackage : false
10-04 17:30:17.465  1268  1507 I InputMethodManagerService: setImeWindowStatus: vis=0, backDisposition=0
10-04 17:30:17.466   914   914 D SurfaceFlinger: Display 4633128672291735999 HWC layers:
10-04 17:30:17.466   914   914 D SurfaceFlinger:      DEVICE | 0xb400007c6ee03b90 | 0100 | RGBA_8888    |    0.0    0.0 1080.0   75.0 |    0    0 1080   75 | StatusBar$_1683#0
10-04 17:30:17.466   914   914 D SurfaceFlinger:      DEVICE | 0xb400007c6edfe090 | 0100 | RGBA_8888    |    0.0    0.0   67.0  342.0 | 1013  416 1080  758 | com.samsung.android.app.cocktailbars[...]arservice.CocktailBarService$_9298#0
10-04 17:30:17.466   914   914 D SurfaceFlinger:      DEVICE | 0xb400007c6edf4150 | 0100 | RGBA_8888    |    0.0    0.0  420.0  124.0 |  330 1877  750 2001 | Toast$_1683#0
10-04 17:30:17.466   914   914 D SurfaceFlinger:      DEVICE | 0xb400007c6ee0dad0 | 0100 | RGBA_8888    |    0.0    0.0 1080.0  135.0 |    0 2181 1080 2316 | NavigationBar0$_1683#0
10-04 17:30:17.466   914   914 D SurfaceFlinger: 
10-04 17:30:17.467  1268  7558 D SGM:GameManager: identifyGamePackage. com.example.techdemo, mCurrentUserId: 0, callerUserId: 0, callingMethodInfo: com.android.server.ssrm.SortingMachine.isGame(SortingMachine.java:162)
10-04 17:30:17.467  1268  7558 D SGM:PkgDataHelper: getGamePkgData(). com.example.techdemo
10-04 17:30:17.467  1665  1665 D HidDeviceService: handleMessage(): msg.what=8
10-04 17:30:17.467  1665  1665 D HidDeviceService: handleMessage(): msg.what=8
10-04 17:30:17.468  4083  8684 I FASProvider: makeValuesForFasUpdate contentValues = package_name=com.example.techdemo extras=0 reason=deleted_from_mars_auto disableReason=deleted_from_mars_auto uid=10416 mode=0 level=1 resetTime=0
10-04 17:30:17.469  1268  1293 W NotificationService: Toast already killed. pkg=com.example.techdemo token=android.os.BinderProxy@6f1bbde
10-04 17:30:17.469  9298  9298 I CocktailBarUiController: onReceive: action=ResponseAxT9Info isVisibleWindow=0
10-04 17:30:17.470  1683  1683 W ToastPresenter: Error calling back com.example.techdemo to notify onToastHide()
10-04 17:30:17.470  1683  1683 W ToastPresenter: android.os.DeadObjectException
10-04 17:30:17.470  1683  1683 W ToastPresenter: 	at android.os.BinderProxy.transactNative(Native Method)
10-04 17:30:17.470  1683  1683 W ToastPresenter: 	at android.os.BinderProxy.transact(BinderProxy.java:635)
10-04 17:30:17.470  1683  1683 W ToastPresenter: 	at android.app.ITransientNotificationCallback$Stub$Proxy.onToastHidden(ITransientNotificationCallback.java:145)
10-04 17:30:17.470  1683  1683 W ToastPresenter: 	at android.widget.ToastPresenter.hide(ToastPresenter.java:464)
10-04 17:30:17.470  1683  1683 W ToastPresenter: 	at com.android.systemui.toast.ToastUI.hideCurrentToast(ToastUI.java:205)
10-04 17:30:17.470  1683  1683 W ToastPresenter: 	at com.android.systemui.toast.ToastUI.hideToast(ToastUI.java:193)
10-04 17:30:17.470  1683  1683 W ToastPresenter: 	at com.android.systemui.statusbar.CommandQueue$H.handleMessage(CommandQueue.java:1721)
10-04 17:30:17.470  1683  1683 W ToastPresenter: 	at android.os.Handler.dispatchMessage(Handler.java:106)
10-04 17:30:17.470  1683  1683 W ToastPresenter: 	at android.os.Looper.loopOnce(Looper.java:226)
10-04 17:30:17.470  1683  1683 W ToastPresenter: 	at android.os.Looper.loop(Looper.java:313)
10-04 17:30:17.470  1683  1683 W ToastPresenter: 	at android.app.ActivityThread.main(ActivityThread.java:8751)
10-04 17:30:17.470  1683  1683 W ToastPresenter: 	at java.lang.reflect.Method.invoke(Native Method)
10-04 17:30:17.470  1683  1683 W ToastPresenter: 	at com.android.internal.os.RuntimeInit$MethodAndArgsCaller.run(RuntimeInit.java:571)
10-04 17:30:17.470  1683  1683 W ToastPresenter: 	at com.android.internal.os.ZygoteInit.main(ZygoteInit.java:1135)
10-04 17:30:17.470  1683  1683 W Looper  : Slow dispatch took 63ms main h=com.android.systemui.statusbar.CommandQueue$H c=null m=3473408
10-04 17:30:17.470  1683  1683 W Looper  : Slow delivery took 55ms main h=android.view.Choreographer$FrameHandler c=android.view.Choreographer$FrameDisplayEventReceiver@a8a74ac m=0
10-04 17:30:17.470  1683  1683 D ShellTaskOrganizer: addStartingWindow: info=StartingWindowInfo{taskId=5514 targetActivityInfo=null displayId=0 topActivityType=1 preferredStartingWindowType=29 insetsState=null topWindowLayoutParams=null mainWindowLayoutParams=null splashScreenThemeResId 7f10025d
10-04 17:30:17.470  1683  1683 W Looper  : Drained
10-04 17:30:17.470  1683  1786 D StartingSurfaceDrawer: addSplashScreen com.example.techdemo theme=7f10025d task=5514 suggestType=3
10-04 17:30:17.470  1683  1683 V Navbar.Store: handleEvent [EventType] ON_NAVBAR_ICON_HINT_CHANGED [Module] NavigationBar  KEYS_NAVBAR_ICON_HINT=0
10-04 17:30:17.471  1683  1683 V Navbar.Store: [Band]SETUPWIZARD_PACK_SET_NAVBAR_ICON_HINT
10-04 17:30:17.471  1683  1683 V Navbar.Store: getValue(BOOL_NAVBAR_BUTTON_FORCED_VISIBLE)=false
10-04 17:30:17.471  1268  1314 W ActivityManager: setHasOverlayUi called on unknown pid: 31596
10-04 17:30:17.471  1683  1683 V Navbar.Store: getValue(BOOL_NAVBAR_SETUPWIZARD_STYLE)=false
10-04 17:30:17.471  1683  1683 V Navbar.Store: [Band]VIS_PACK_REEVAULATE_NAVBAR
10-04 17:30:17.471  1683  1683 V Navbar.Store: apply(REEVALUATE_NAVBAR)
10-04 17:30:17.471  1683  1683 V Navbar.Store: handleEvent [EventType] GET_BOOL_REGION_SAMPLING_ENABLED [Module] LightBarController  KEYS_DEFAULT=false
10-04 17:30:17.471  1683  1683 V Navbar.Store: [Band]COLOR_PACK_GET_REGION_SAMPLING_ENABLED
10-04 17:30:17.471  1683  1683 V Navbar.Store: getValue(BOOL_REGION_SAMPLING_ENABLED)=true
10-04 17:30:17.471  1683  1683 V Navbar.Store: handleEvent [EventType] GET_BOOL_NAVBAR_CAN_MOVE_STATE [Module] SamsungNavigationBarView  KEYS_DEFAULT=true
10-04 17:30:17.471  1683  1683 V Navbar.Store: [Band]CONFIG_PACK_GET_NAVBAR_CAN_MOVE
10-04 17:30:17.471  1683  1683 V Navbar.Store: getValue(BOOL_NAVBAR_CAN_MOVE)=false
10-04 17:30:17.472  1683  1683 V Navbar.Store: handleEvent [EventType] ON_SET_GESTURE_HINT_VISIBILITY [Module] SamsungNavigationBarView  KEYS_DISPLAY_ID=0  KEYS_BACK_ENABLED=true  KEYS_RECENT_ENABLED=true  KEYS_HOME_ENABLED=true
10-04 17:30:17.472  1683  1683 V Navbar.Store: [Band]GESTURE_PACK_SET_HINT_VISIBILITY
10-04 17:30:17.472  1683  1683 V Navbar.Store: apply(UPDATE_GESTURE_HINT_VISIBILITY_STATE)
10-04 17:30:17.472  1683  1683 V Navbar.Store: getValue(BOOL_GESTURE_HINT)=true
10-04 17:30:17.472  1683  1683 V Navbar.Store: getValue(BOOL_SPAY_SHOWING)=false
10-04 17:30:17.472  1683  1683 V Navbar.Store: apply(UPDATE_GESTURE_HINT_VISIBILITY)
10-04 17:30:17.472  1683  1683 V PanelView: Keyboard Button is shownig? : false
10-04 17:30:17.472  1268  1314 D CompatibilityChangeReporter: Compat change id reported: 135634846; UID 10416; state: DISABLED
10-04 17:30:17.472  2260 32495 I TouchInteractionService: onActiveNavBarRegionChanges, region : SkRegion()
10-04 17:30:17.472  1268  1314 D CompatibilityChangeReporter: Compat change id reported: 177438394; UID 10416; state: DISABLED
10-04 17:30:17.472  1268  1314 D CompatibilityChangeReporter: Compat change id reported: 135772972; UID 10416; state: DISABLED
10-04 17:30:17.472  1268  1319 W UsageStatsService: Unexpected activity event reported! (com.example.techdemo/com.example.techdemo.MainActivity event : 23 instanceId : 149223597)
10-04 17:30:17.472  1268  1314 D CompatibilityChangeReporter: Compat change id reported: 135754954; UID 10416; state: ENABLED
10-04 17:30:17.473  1268  1321 D CompatibilityChangeReporter: Compat change id reported: 143937733; UID 10416; state: ENABLED
10-04 17:30:17.475  2260 32495 I TouchInteractionService: onSystemUiStateChanged, stateFlags : 131072
10-04 17:30:17.477  2260  2260 I TouchInteractionService: onSystemUiFlagsChanged, userUnlocked
10-04 17:30:17.480  1268  1505 V WindowManager: Relayout Window{6aee25d u0 InputMethod}: viewVisibility=0 req=1080x2241 d0
10-04 17:30:17.483   914   914 D SurfaceFlinger: Display 4633128672291735999 HWC layers:
10-04 17:30:17.483   914   914 D SurfaceFlinger:      DEVICE | 0xb400007c6ee00010 | 0100 | RGBA_8888    |    0.0    0.0 1080.0 2241.0 |    0   75 1080 2316 | InputMethod$_22660#0
10-04 17:30:17.483   914   914 D SurfaceFlinger:      DEVICE | 0xb400007c6ee03b90 | 0100 | RGBA_8888    |    0.0    0.0 1080.0   75.0 |    0    0 1080   75 | StatusBar$_1683#0
10-04 17:30:17.483   914   914 D SurfaceFlinger:      DEVICE | 0xb400007c6edfe090 | 0100 | RGBA_8888    |    0.0    0.0   67.0  342.0 | 1013  416 1080  758 | com.samsung.android.app.cocktailbars[...]arservice.CocktailBarService$_9298#0
10-04 17:30:17.483   914   914 D SurfaceFlinger:      DEVICE | 0xb400007c6edf4150 | 0100 | RGBA_8888    |    0.0    0.0  420.0  124.0 |  330 1877  750 2001 | Toast$_1683#0
10-04 17:30:17.483   914   914 D SurfaceFlinger:      DEVICE | 0xb400007c6ee0dad0 | 0100 | RGBA_8888    |    0.0    0.0 1080.0  135.0 |    0 2181 1080 2316 | NavigationBar0$_1683#0
10-04 17:30:17.483   914   914 D SurfaceFlinger: 
10-04 17:30:17.485   807   807 D Zygote  : Forked child process 31715
10-04 17:30:17.488  1268  1505 V WindowManager: Relayout hash=6aee25d, pid=22660: mAttrs={(0,0)(fillxfill) gr=BOTTOM CENTER_VERTICAL sim={adjust=pan} ty=INPUT_METHOD fmt=TRANSPARENT wanim=0x1030056 preferredMinDisplayRefreshRate=60.0 receive insets ignoring z-order
10-04 17:30:17.488  1268  1505 V WindowManager:   fl=81800108
10-04 17:30:17.488  1268  1505 V WindowManager:   pfl=12000000
10-04 17:30:17.488  1268  1505 V WindowManager:   vsysui=10
10-04 17:30:17.488  1268  1505 V WindowManager:   apr=LIGHT_NAVIGATION_BARS
10-04 17:30:17.488  1268  1505 V WindowManager:   bhv=DEFAULT
10-04 17:30:17.488  1268  1505 V WindowManager:   fitTypes=STATUS_BARS NAVIGATION_BARS
10-04 17:30:17.488  1268  1505 V WindowManager:   fitSides=LEFT TOP RIGHT
10-04 17:30:17.488  1268  1505 V WindowManager:   fitIgnoreVis dimDuration=150 naviIconColor=0}
10-04 17:30:17.488  1268  1822 D InputTransport: Input channel constructed: '97b8524', fd=762
10-04 17:30:17.488  1268  1822 D InputTransport: Input channel constructed: '97b8524', fd=901
10-04 17:30:17.489  1268  1822 D InputTransport: Input channel constructed: '97b8524', fd=906
10-04 17:30:17.489   914   986 I SurfaceFlinger: id=17795 createSurf (0x0),-1 flag=80004, 97b8524 Splash Screen com.example.techdemo#0
10-04 17:30:17.490  1268  1822 D InputTransport: Input channel destroyed: '97b8524', fd=906
10-04 17:30:17.491  1683  1786 I ViewRootImpl@945a640[techdemo]: setView = android.widget.FrameLayout@899b31f TM=true
10-04 17:30:17.492 22660 22660 I ViewRootImpl@ac69273[InputMethod]: Relayout returned: old=(0,75,1080,2316) new=(0,75,1080,2316) req=(1080,2241)0 dur=10 res=0x1 s={true -5476376648650815056} ch=false fn=7
10-04 17:30:17.492  1268  1822 V WindowManager: Relayout Window{97b8524 u0 Splash Screen com.example.techdemo}: viewVisibility=8 req=1080x2316 d0
10-04 17:30:17.492 31715 31715 I xample.techdem: Late-enabling -Xcheck:jni
10-04 17:30:17.493  1268  1822 V WindowManager: Relayout hash=97b8524, pid=1683: mAttrs={(0,0)(fillxfill) sim={adjust=pan} ty=APPLICATION_STARTING fmt=TRANSLUCENT wanim=0x1030303
10-04 17:30:17.493  1268  1822 V WindowManager:   fl=81030118
10-04 17:30:17.493  1268  1822 V WindowManager:   pfl=36000010
10-04 17:30:17.493  1268  1822 V WindowManager:   apr=LIGHT_STATUS_BARS LIGHT_NAVIGATION_BARS
10-04 17:30:17.493  1268  1822 V WindowManager:   bhv=DEFAULT
10-04 17:30:17.493  1268  1822 V WindowManager:   fitSides= naviIconColor=0}
10-04 17:30:17.494  1683  1786 I ViewRootImpl@945a640[techdemo]: Relayout returned: old=(0,0,1080,2316) new=(0,0,1080,2316) req=(1080,2316)8 dur=2 res=0x1 s={false 0} ch=false fn=-1
10-04 17:30:17.494  1268  1506 D SamsungAlarmManager: setInexact (T:3/F:0/AC:false) 20321001T173017 now=123686773 - CU:10241/CP:30218/OP:PendingIntent{e655a42: PendingIntentRecord{3b3ba53 com.google.android.gms/ startService}}
10-04 17:30:17.494  1268  1506 V SamsungAlarmManager: setLocked to kernel - W:123814108 / NW:123690029, now=123686773
10-04 17:30:17.497  1268  1321 I ActivityManager: Start proc 31715:com.example.techdemo/u0a416 for top-activity {com.example.techdemo/com.example.techdemo.MainActivity}
10-04 17:30:17.497  1268  1321 D ActivityManager: [SecIpm] it's a ML_TYPE_EMPTYPROCESS protected process com.example.techdemo
10-04 17:30:17.518 31715 31715 E USNET   : USNET: appName: com.example.techdemo
10-04 17:30:17.520 22543 22548 I adbd    : jdwp connection from 31715
10-04 17:30:17.520 31715 31715 D ActivityThread: setConscryptValidator
10-04 17:30:17.520 31715 31715 D ActivityThread: setConscryptValidator - put
10-04 17:30:17.524  1268  2832 I ActivityManager: DSS OFF for com.example.techdemo
10-04 17:30:17.533  1268  2832 I DexController: getTaskHasActivityIsWaitingToRun: r=ActivityRecord{10c7e2 u0 com.example.techdemo/.MainActivity t5514}, app=ProcessRecord{7ded1bf 31715:com.example.techdemo/u0a416}
10-04 17:30:17.533  1268  2832 D ActivityManager: attachApplicationLocked() app=ProcessRecord{7ded1bf 31715:com.example.techdemo/u0a416} app.isolatedEntryPoint=null instr2=null
10-04 17:30:17.534  1268  2832 V WindowManager: Setting visibility of Window{97b8524 u0 Splash Screen com.example.techdemo}: true, caller=com.android.server.wm.WindowContainer.sendAppVisibilityToClients:1110 com.android.server.wm.WindowToken.setClientVisible:448 com.android.server.wm.ActivityRecord.setClientVisible:7034 com.android.server.wm.ActivityRecord.setVisibility:5449 com.android.server.wm.ActivityRecord.setVisibility:5344 
10-04 17:30:17.534  1683  1786 I ViewRootImpl@945a640[techdemo]: handleAppVisibility mAppVisible=false visible=true
10-04 17:30:17.534  1268  2832 V WindowManager: rotationForOrientation(orient=SCREEN_ORIENTATION_UNSPECIFIED (-1), last=ROTATION_0 (0)); user=ROTATION_0 (0) 
10-04 17:30:17.534  1268  2832 D WindowManager: rotationForOrientation, orientationSource=ActivityRecord{10c7e2 u0 com.example.techdemo/.MainActivity t5514}
10-04 17:30:17.534  1268  2832 V WindowManager: rotationForOrientation(orient=SCREEN_ORIENTATION_UNSPECIFIED (-1), last=ROTATION_0 (0)); user=ROTATION_0 (0) 
10-04 17:30:17.534  1268  2832 D WindowManager: rotationForOrientation, orientationSource=ActivityRecord{10c7e2 u0 com.example.techdemo/.MainActivity t5514}
10-04 17:30:17.534  1268  2832 V WindowManager: Computed rotation=ROTATION_0 (0) for display id=0 based on lastOrientation=SCREEN_ORIENTATION_UNSPECIFIED (-1) and oldRotation=ROTATION_0 (0), caller=com.android.server.wm.DisplayRotation.updateOrientation:407 com.android.server.wm.DisplayContent.updateOrientation:1939 com.android.server.wm.DisplayContent.updateOrientation:1877 com.android.server.wm.RootWindowContainer.ensureVisibilityAndConfig:2207 com.android.server.wm.ActivityTaskSupervisor.realStartActivityLocked:939 com.android.server.wm.ActivityTaskSupervisor.startSpecificActivity:1253 
10-04 17:30:17.535  1268  2832 D TspStateManager: updateCustomValue customSetting=
10-04 17:30:17.535  1268  2832 V WindowManager: rotationForOrientation(orient=SCREEN_ORIENTATION_UNSPECIFIED (-1), last=ROTATION_0 (0)); user=ROTATION_0 (0) 
10-04 17:30:17.535  1268  2832 D WindowManager: rotationForOrientation, orientationSource=ActivityRecord{10c7e2 u0 com.example.techdemo/.MainActivity t5514}
10-04 17:30:17.535  1268  2832 D TspStateManager: updateCustomValue customSetting=
10-04 17:30:17.535  1268  2832 D SGM:PkgDataHelper: notifyAppCreate(), pkgName: com.example.techdemo, userId: 0, sendRet: true
10-04 17:30:17.535  1268  1470 D SGM:GameManager: onLooperPrepared(), msg: MSG_APP_CREATE, pkgName: com.example.techdemo, userId: 0
10-04 17:30:17.537  1268  2832 D InputDispatcher: Focused application set to (0): 10c7e2 
10-04 17:30:17.537  1268  2832 D SGM:GameManager: TaskStackListener.onTaskFocusChanged(), taskId=5514, focused=true
10-04 17:30:17.537  1268  2832 D SGM:GameManager:   sendRunningComponentFocus(), pkgName: com.example.techdemo, userId: 0
10-04 17:30:17.537  1268  1470 D SGM:GameManager: onLooperPrepared(), msg: MSG_TASK_FOCUSED, pkgName: com.example.techdemo, userId: 0
10-04 17:30:17.537  1268  1470 D SGM:GameManager: handleTaskFocused().
10-04 17:30:17.537  1268  1470 D SGM:GameManager:   handleTaskFocused(), pkgName: com.example.techdemo, userID:0
10-04 17:30:17.537  1268  1470 D SGM:GameManager: handleResume().
10-04 17:30:17.537  1268  1470 D SGM:GameManager:   handleResume(). same package with Prev KILL_YOURSELF. ignore
10-04 17:30:17.538  1268  2832 W WindowManager: Execute app transition: mNextAppTransitionRequests=[TRANSIT_CLOSE, TRANSIT_CLOSE, TRANSIT_CLOSE, TRANSIT_OPEN], mNextAppTransitionFlags=TRANSIT_FLAG_APP_CRASHED, displayId: 0 Callers=com.android.server.wm.RootWindowContainer.executeAppTransitionForAllDisplay:2706 com.android.server.wm.ActivityTaskSupervisor.reportResumedActivityLocked:2252 com.android.server.wm.ActivityRecord.completeResumeLocked:6361 com.android.server.wm.Task.minimalResumeActivityLocked:7470 com.android.server.wm.ActivityTaskSupervisor.realStartActivityLocked:1162 
10-04 17:30:17.539  1268  2832 I ActivityManager: Changes in 10416 20 to 2, 0 to 15
10-04 17:30:17.539  1268  2832 I AppOps  : updateUidProcState uid: 10416 procState: 2 capability:15
10-04 17:30:17.540  1268  1314 D SGM:GameManager: noteResumeComponent(), received pkgName: com.example.techdemo, userId: 0
10-04 17:30:17.540  1268  3022 I MediaSessionMonitor: Media session stopped : controllerList empty
10-04 17:30:17.541  1268  1470 D SGM:GameManager: onLooperPrepared(), msg: MSG_APP_RESUME, pkgName: com.example.techdemo, userid: 0
10-04 17:30:17.541  1268  1470 D SGM:GameManager: handleResume().
10-04 17:30:17.541  1268  1470 D SGM:GameManager:   handleResume(). same package with Prev KILL_YOURSELF. ignore
10-04 17:30:17.541  1268  1507 V WindowManager: Relayout Window{97b8524 u0 Splash Screen com.example.techdemo}: viewVisibility=0 req=1080x2316 d0
10-04 17:30:17.541  1268  1268 I CocktailBarManagerServiceContainer: handleMessage: entry what = 5
10-04 17:30:17.541   914  1207 I SurfaceFlinger: id=17796 createSurf (1080x2316),-3 flag=40004, Splash Screen com.example.techdemo$_1683#0
10-04 17:30:17.542  1268  1507 D WindowManager: makeSurface duration=1 name=Splash Screen com.example.techdemo$_1683
10-04 17:30:17.542  1268  1312 D NetworkPolicy: onUidStateChanged() uid: 10416, isForeground(true, 2)
10-04 17:30:17.542 13897 13969 I BSD_SERVICE: BatteryData{userSoc=84.0, voltage=4.179999828338623, current=0.09218700230121613, chargingStatus='2', timeStamp='1664893817542'}
10-04 17:30:17.543  1665  1665 D HidDeviceService: handleMessage(): msg.what=8
10-04 17:30:17.545   786   786 E audit   : type=1400 audit(1664893817.540:11617): avc:  granted  { execute } for  pid=31715 comm="re-initialized>" path="/data/data/com.example.techdemo/code_cache/startup_agents/4cead168-agent.so" dev="dm-10" ino=389808 scontext=u:r:untrusted_app:s0:c160,c257,c512,c768 tcontext=u:object_r:app_data_file:s0:c160,c257,c512,c768 tclass=file SEPF_SM-S908B_12_0001 audit_filtered
10-04 17:30:17.545  1268  1507 V WindowManager: Relayout hash=97b8524, pid=1683: mAttrs={(0,0)(fillxfill) sim={adjust=pan} ty=APPLICATION_STARTING fmt=TRANSLUCENT wanim=0x1030303
10-04 17:30:17.545  1268  1507 V WindowManager:   fl=81030118
10-04 17:30:17.545  1268  1507 V WindowManager:   pfl=36000010
10-04 17:30:17.545  1268  1507 V WindowManager:   apr=LIGHT_STATUS_BARS LIGHT_NAVIGATION_BARS
10-04 17:30:17.545  1268  1507 V WindowManager:   bhv=DEFAULT
10-04 17:30:17.545  1268  1507 V WindowManager:   fitSides= naviIconColor=0}
10-04 17:30:17.545 31715 31715 V studio.deploy: Startup agent attached to VM
10-04 17:30:17.546 31715 31715 V studio.deploy: No existing instrumentation found. Loading instrumentation from instruments-962d6e1a.jar
10-04 17:30:17.547  1683  1786 I ViewRootImpl@945a640[techdemo]: Relayout returned: old=(0,0,1080,2316) new=(0,0,1080,2316) req=(1080,2316)0 dur=4 res=0x7 s={true -5476376648637569376} ch=true fn=-1
10-04 17:30:17.547  1683  1786 I ViewRootImpl@945a640[techdemo]: [DP] dp(1) 0 android.view.ViewRootImpl.reportNextDraw:11442 android.view.ViewRootImpl.performTraversals:4198 android.view.ViewRootImpl.doTraversal:2924 
10-04 17:30:17.547  1683  1786 D ViewRootImpl@945a640[techdemo]: Creating frameDrawingCallback nextDrawUseBlastSync=false reportNextDraw=true hasBlurUpdates=false
10-04 17:30:17.547  1683  1786 D ViewRootImpl@945a640[techdemo]: Creating frameCompleteCallback
10-04 17:30:17.547  3974  3995 I [AirCmd]_CallbackRepeater: stopRepeat : isWorking=false
10-04 17:30:17.547  3974  3995 I [AirCmd]_MediaControlStateMonitor: isForegroundAppSupportsMediaButton : mediaSession is empty
10-04 17:30:17.548  3974  3995 I [AirCmd]_MediaControlStateMonitor: active Notification List is null
10-04 17:30:17.548  3974  3995 I [AirCmd]_RemoteSpenMainController: hasGeneralAction : packageName is com.example.techdemo, activityName is com.example.techdemo.MainActivity, hasActions is false
10-04 17:30:17.548  3974  3995 I [AirCmd]_CameraAvailabilityMonitor: isCameraPreviewOn : mIsCameraPreviewOn is false
10-04 17:30:17.548  9298  9298 I Utils   : HomePackage : com.sec.android.app.launcher, resumePackageName : com.example.techdemo
10-04 17:30:17.549  1683  1924 W vulkan  : CreateSwapchainKHR(VkSwapchainCreateInfoKHR.imageColorSpace = 1000104013) failed: Unsupported color space, but assume as Success for ANGLE.
10-04 17:30:17.549 31715 31715 W xample.techdem: DexFile /data/data/com.example.techdemo/code_cache/.studio/instruments-962d6e1a.jar is in boot class path but is not in a known location
10-04 17:30:17.549  1683  1924 D OpenGLRenderer: eglCreateWindowSurface
10-04 17:30:17.550 31715 31715 V studio.deploy: Applying transforms with cached classes
10-04 17:30:17.551  1268  1312 D SSRM:LoadDetectMonitor: PID = 31715, UID = 10416
10-04 17:30:17.551  3974  3995 I [AirCmd]_CameraAvailabilityMonitor: isCameraPreviewOn : mIsCameraPreviewOn is false
10-04 17:30:17.555 31715 31715 W xample.techdem: Redefining intrinsic method java.lang.Thread java.lang.Thread.currentThread(). This may cause the unexpected use of the original definition of java.lang.Thread java.lang.Thread.currentThread()in methods that have already been compiled.
10-04 17:30:17.555 31715 31715 W xample.techdem: Redefining intrinsic method boolean java.lang.Thread.interrupted(). This may cause the unexpected use of the original definition of boolean java.lang.Thread.interrupted()in methods that have already been compiled.
10-04 17:30:17.556  1683  2590 D ViewRootImpl@945a640[techdemo]: Received frameDrawingCallback frameNum=1. Creating transactionCompleteCallback=false
10-04 17:30:17.556  1268  1314 I GameSDK@LifeCycle: noteResumeComponent(): package name  : com.example.techdemo
10-04 17:30:17.557 31715 31715 D ActivityThread: handleBindApplication()++ app=com.example.techdemo
10-04 17:30:17.557 31715 31715 D CompatibilityChangeReporter: Compat change id reported: 171979766; UID 10416; state: ENABLED
10-04 17:30:17.557  3974  3995 I [AirCmd]_MediaControlStateMonitor: isForegroundAppSupportsMediaButton : mediaSession is empty
10-04 17:30:17.558  3974  3995 I [AirCmd]_MediaControlStateMonitor: active Notification List is null
10-04 17:30:17.558  3974  3995 I [AirCmd]_PenActionRule: getAction : get default action data from remote action because pen action data is null.
10-04 17:30:17.558  3974  3995 I [AirCmd]_ButtonActionDetector: enableDoubleClickDetection: enabled=true, doubleClickWaitInterval=300
10-04 17:30:17.558  3974  3995 I [AirCmd]_RemoteSpenMainController: onSwitch : package is com.example.techdemo   and activity is com.example.techdemo.MainActivity and isBleConnected is true and hasActions is false
10-04 17:30:17.558  1683  1924 D ViewRootImpl@945a640[techdemo]: Received frameCompleteCallback  lastAcquiredFrameNum=1 lastAttemptedDrawFrameNum=1
10-04 17:30:17.558  3974  3974 I AC:FloatingIconController: onBleFloatingIconStateChanged isEnabled : false, delay : 250
10-04 17:30:17.560   918   958 I heimdall: insert_task_to_group:64, insert tgid 31715 to group com.example.techdemo, ret = 0
10-04 17:30:17.560  1683  1786 I ViewRootImpl@945a640[techdemo]: [DP] pdf(0) 0 android.view.ViewRootImpl.lambda$addFrameCompleteCallbackIfNeeded$3$ViewRootImpl:5000 android.view.ViewRootImpl$$ExternalSyntheticLambda16.run:6 android.os.Handler.handleCallback:938 
10-04 17:30:17.560  1683  1786 I ViewRootImpl@945a640[techdemo]: [DP] rdf()
10-04 17:30:17.560  1683  1786 D ViewRootImpl@945a640[techdemo]: reportDrawFinished (fn: -1) 
10-04 17:30:17.561  1268  1505 D WindowManager: finishDrawingWindow: Window{97b8524 u0 Splash Screen com.example.techdemo} mDrawState=DRAW_PENDING
10-04 17:30:17.562  1268  1315 D WindowManager: performShow logReadyForDisplay  mToken.waitingToShow:true isTransitionSet:true
10-04 17:30:17.563  1268  1315 D WindowManager: Loading animation for app transition. transit=TRANSIT_OLD_CRASHING_ACTIVITY_CLOSE enter=true frame=Rect(0, 0 - 1080, 2199) insets=Rect(0, 0 - 0, 0) surfaceInsets=Rect(0, 0 - 0, 0)
10-04 17:30:17.565  1268  1315 I WindowManager: Cancelling animation restarting=true, leash=Surface(name=Surface(name=6321e2 StatusBar)/@0xfd4fc7 - animation-leash of insets_animation)/@0xa10e727
10-04 17:30:17.565  1268  1315 I WindowManager: Reparenting to original parent: Surface(name=WindowToken{c007aad android.os.BinderProxy@cfc46d7})/@0x513c9f4, destroy=false, surface=Surface(name=6321e2 StatusBar)/@0xfd4fc7
10-04 17:30:17.565  1268  1315 I WindowManager: Reparenting to leash, surface=Surface(name=6321e2 StatusBar)/@0xfd4fc7, leashParent=Surface(name=WindowToken{c007aad android.os.BinderProxy@cfc46d7})/@0x513c9f4
10-04 17:30:17.565   914  1207 I SurfaceFlinger: id=17797 createSurf (0x0),-1 flag=24000, Surface(name=6321e2 StatusBar)/@0xfd4fc7 - animation-leash of insets_animation#0
10-04 17:30:17.566  1268  1315 D WindowManager: makeSurface duration=1 leash=Surface(name=Surface(name=6321e2 StatusBar)/@0xfd4fc7 - animation-leash of insets_animation)/@0x7256b66
10-04 17:30:17.567  1683  1683 D NavigationBar: onSystemBarAttributesChanged() -  displayId:0, appearance:24 (APPEARANCE_LIGHT_STATUS_BARS APPEARANCE_LIGHT_NAVIGATION_BARS ), navbarColorManagedByIme:true
10-04 17:30:17.568  1683  1683 D SecLightBarControlHelper: updateStatus(BLACK icon) NumLightStacks:1, NumStacks:1, IndexLightStack:0, StatusBarMode:0, StatusBarState:SHD, NeedDarkFontFromWallpaper:true, isWhiteKeyguardStatusBarBySettings:true
10-04 17:30:17.569  1268  3964 V WindowManager: Relayout Window{97b8524 u0 Splash Screen com.example.techdemo}: viewVisibility=0 req=1080x2316 d0
10-04 17:30:17.570 31715 31715 W ziparchive: Unable to open '/data/data/com.example.techdemo/code_cache/.overlay/base.apk/classes3.dm': No such file or directory
10-04 17:30:17.570 31715 31715 W ziparchive: Unable to open '/data/app/~~MAItRUaCcDiPdl67bKrF-Q==/com.example.techdemo-67wzLKyWYLcN0_ew13c2Ww==/base.dm': No such file or directory
10-04 17:30:17.570 31715 31715 W ziparchive: Unable to open '/data/app/~~MAItRUaCcDiPdl67bKrF-Q==/com.example.techdemo-67wzLKyWYLcN0_ew13c2Ww==/base.dm': No such file or directory
10-04 17:30:17.570  1268  3964 V WindowManager: Relayout hash=97b8524, pid=1683: mAttrs={(0,0)(fillxfill) sim={adjust=pan} ty=APPLICATION_STARTING fmt=TRANSLUCENT wanim=0x1030303
10-04 17:30:17.570  1268  3964 V WindowManager:   fl=81030118
10-04 17:30:17.570  1268  3964 V WindowManager:   pfl=36000010
10-04 17:30:17.570  1268  3964 V WindowManager:   apr=LIGHT_STATUS_BARS LIGHT_NAVIGATION_BARS
10-04 17:30:17.570  1268  3964 V WindowManager:   bhv=DEFAULT
10-04 17:30:17.570  1268  3964 V WindowManager:   fitSides= naviIconColor=0}
10-04 17:30:17.571  1683  1786 D InsetsSourceConsumer: ensureControlAlpha: for ITYPE_STATUS_BAR on Splash Screen com.example.techdemo
10-04 17:30:17.571  1683  1786 I ViewRootImpl@945a640[techdemo]: Relayout returned: old=(0,0,1080,2316) new=(0,0,1080,2316) req=(1080,2316)0 dur=9 res=0x1 s={true -5476376648637569376} ch=false fn=2
10-04 17:30:17.571  1683  1924 D OpenGLRenderer: setSurface() destroyed EGLSurface
10-04 17:30:17.571  1683  1924 D OpenGLRenderer: destroyEglSurface
10-04 17:30:17.572  1683  1924 W vulkan  : CreateSwapchainKHR(VkSwapchainCreateInfoKHR.imageColorSpace = 1000104013) failed: Unsupported color space, but assume as Success for ANGLE.
10-04 17:30:17.573  1683  1924 D OpenGLRenderer: eglCreateWindowSurface
10-04 17:30:17.579   914   914 I Layer   : id=17780 removeFromCurrentState Surface(name=6321e2 StatusBar)/@0xfd4fc7 - animation-leash of insets_animation#1 (123)
10-04 17:30:17.579   914   914 I SurfaceFlinger: id=17780 Removed Surface(name=6321e2 StatusBar)/@0xfd4fc7 - animation-leash of insets_animation#1 (123)
10-04 17:30:17.579   914   914 I Layer   : id=17780 Destroyed Surface(name=6321e2 StatusBar)/@0xfd4fc7 - animation-leash of insets_animation#1
10-04 17:30:17.580  1268  3964 V WindowManager: Relayout Window{3477618 u0 NotificationShade}: viewVisibility=4 req=1080x2316 d0
10-04 17:30:17.581  1268  3964 V WindowManager: Relayout hash=3477618, pid=1683: mAttrs={(0,0)(fillxfill) gr=TOP CENTER_VERTICAL sim={adjust=resize} layoutInDisplayCutoutMode=always ty=2040 fmt=TRANSLUCENT
10-04 17:30:17.581  1268  3964 V WindowManager:   fl=81840048
10-04 17:30:17.581  1268  3964 V WindowManager:   pfl=1b000000
10-04 17:30:17.581  1268  3964 V WindowManager:   vsysui=2000
10-04 17:30:17.581  1268  3964 V WindowManager:   apr=LIGHT_STATUS_BARS
10-04 17:30:17.581  1268  3964 V WindowManager:   bhv=SHOW_TRANSIENT_BARS_BY_SWIPE naviIconColor=0
10-04 17:30:17.581  1268  3964 V WindowManager:   sfl=42000}
10-04 17:30:17.582  1683  1683 I ViewRootImpl@f73d02e[NotificationShade]: Relayout returned: old=(0,0,1080,2316) new=(0,0,1080,2316) req=(1080,2316)4 dur=3 res=0x1 s={false 0} ch=false fn=-1
10-04 17:30:17.582  1683  1683 D PanelCarrierLabelManager: updateNavBarHeight(42 >> 135) NavSettingsHelper(navGestureProtectionEnabled:false, navGestureHintEnabled:true, navHideKeyboardButtonEnabled:true)
10-04 17:30:17.583  1683  1683 D QSPanelResourcePicker: cabinetHeight= 648.2878
10-04 17:30:17.583  1683  1683 D QSPanelResourcePicker: cabinetHeight= 648.2878
10-04 17:30:17.584  1683  1683 D KeyguardBottomAreaShortcutView: updateCameraVisibility isCameraDisabled:false visible:true
10-04 17:30:17.584  1683  1683 D KeyguardBottomAreaShortcutView: mIndicationArea margin start : 175, end : 175, bottom : 160
10-04 17:30:17.586   914   914 D SurfaceFlinger: Display 4633128672291735999 HWC layers:
10-04 17:30:17.586   914   914 D SurfaceFlinger:      DEVICE | 0xb400007c6ee19990 | 0100 | RGBA_8888    |    0.0    0.0 1080.0 2316.0 |    0    0 1080 2316 | Splash Screen com.example.techdemo$_1683#0
10-04 17:30:17.586   914   914 D SurfaceFlinger:      DEVICE | 0xb400007c6ee00010 | 0100 | RGBA_8888    |    0.0    0.0 1080.0 2241.0 |    0   75 1080 2316 | InputMethod$_22660#0
10-04 17:30:17.586   914   914 D SurfaceFlinger:      DEVICE | 0xb400007c6ee03b90 | 0100 | RGBA_8888    |    0.0    0.0 1080.0   75.0 |    0    0 1080   75 | StatusBar$_1683#0
10-04 17:30:17.586   914   914 D SurfaceFlinger:      DEVICE | 0xb400007c6edfe090 | 0100 | RGBA_8888    |    0.0    0.0   67.0  342.0 | 1013  416 1080  758 | com.samsung.android.app.cocktailbars[...]arservice.CocktailBarService$_9298#0
10-04 17:30:17.586   914   914 D SurfaceFlinger:      DEVICE | 0xb400007c6edf4150 | 0100 | RGBA_8888    |    0.0    0.0  420.0  124.0 |  330 1877  750 2001 | Toast$_1683#0
10-04 17:30:17.586   914   914 D SurfaceFlinger:      DEVICE | 0xb400007c6ee02850 | 0100 | RGBA_8888    |    0.0    0.0 1080.0  135.0 |    0 2181 1080 2316 | NavigationBar0$_1683#0
10-04 17:30:17.586   914   914 D SurfaceFlinger: 
10-04 17:30:17.588  1683  1683 D ScrollView:  onsize change changed 
10-04 17:30:17.588  1683  1683 D QS      : setQSExpansion 0.0 -142.45
10-04 17:30:17.588  1683  1683 V SecQSFragmentAnimatorBase: setQsExpansionPosition 0.0
10-04 17:30:17.588  1683  1683 V QsExpandAnimator: setQsExpansionPosition 0.0 0
10-04 17:30:17.589  1683  1683 D QS      : setQSExpansion 0.0 -138.95
10-04 17:30:17.589  1683  1683 V SecQSFragmentAnimatorBase: setQsExpansionPosition 0.0
10-04 17:30:17.589  1683  1683 V QsExpandAnimator: setQsExpansionPosition 0.0 0
10-04 17:30:17.589  1683  1683 D QS      : setQSExpansion 0.0 -138.95
10-04 17:30:17.590  1683  1683 W Looper  : Slow dispatch took 14ms main h=android.view.Choreographer$FrameHandler c=android.view.Choreographer$FrameDisplayEventReceiver@a8a74ac m=0
10-04 17:30:17.591  1683  1683 D IndicatorGardenInputProperty: updateRotation() prv:-1 >> new:0
10-04 17:30:17.591  1683  1683 D DeviceState: getDeviceResolutionPixelSize - currentDensity = 450 deviceDensity = 450 initialDisplaySizeFactor = 1440 currentDisplaySizeFactor = 1080 initialDisplayDensity = 600 proportionalDensity = 450 proportionalPixel = 42
10-04 17:30:17.591  1683  1683 D DeviceState: getDeviceResolutionPixelSize - currentDensity = 450 deviceDensity = 450 initialDisplaySizeFactor = 1440 currentDisplaySizeFactor = 1080 initialDisplayDensity = 600 proportionalDensity = 450 proportionalPixel = 27
