10-04 17:30:16.722 22660 22660 I GoogleInputMethodService: GoogleInputMethodService.setKeyboardViewShown():3560 setKeyboardViewShown() : shouldShow = false
10-04 17:30:16.723 22660 22660 I DeviceModeUtil: DeviceModeUtil.getDeviceMode():121 Get device mode phone by ui mode:1 and smallestScreenWidthDp:384
10-04 17:30:16.725 22660 22660 I DeviceModeUtil: DeviceModeUtil.getDeviceMode():121 Get device mode phone by ui mode:1 and smallestScreenWidthDp:384
10-04 17:30:16.725 22660 22660 I DeviceModeUtil: DeviceModeUtil.getDeviceMode():121 Get device mode phone by ui mode:1 and smallestScreenWidthDp:384
10-04 17:30:16.725 22660 22660 I KeyboardModeManager: KeyboardModeManager.setInputView():357 setInputView() : supportsOneHandedMode=true
10-04 17:30:16.725  3780  3780 I SSS:AugmentedAutofillService: AugmentedAutofillService: onFillRequest()
10-04 17:30:16.725 22660 22660 I NormalModeController: NormalModeController.getKeyboardBodyViewHolderPaddingBottom():111 currentPrimeKeyboardType:SOFT systemPaddingBottom:-1
10-04 17:30:16.726 22660 22660 I AndroidIME: KeyboardViewManager.updateKeyboardBodyViewHolderPaddingBottom():604 Set finalPaddingBottom = 0 while keyboardBottomGapFromScreen = 0; navigationHeight = 135
10-04 17:30:16.726 22660 22660 I NormalModeController: NormalModeController.getKeyboardBodyViewHolderPaddingBottom():111 currentPrimeKeyboardType:SOFT systemPaddingBottom:-1
10-04 17:30:16.727   914  3097 I SurfaceFlinger: id=17781 Removed Surface(name=6c7100d NavigationBar0)/@0x4deb392 - animation-leash of insets_animation#1 (124)
10-04 17:30:16.727 22660 22660 I AndroidIME: KeyboardViewManager.updateKeyboardBodyViewHolderPaddingBottom():604 Set finalPaddingBottom = 0 while keyboardBottomGapFromScreen = 0; navigationHeight = 135
10-04 17:30:16.727 22660 22660 I GoogleInputMethodService: GoogleInputMethodService.updateKeyboardModeManagerInputView():987 updateKeyboardModeManagerInputView() : entry=hrh{languageTag=uk, variant=ukrainian, hasLocalizedResources=true, conditionCacheKey=_device=phone_device_size=default_enable_adaptive_text_editing=false_enable_inline_suggestions_on_client_side=false_enable_large_tablet_batch_1=false_enable_more_candidates_view_for_multilingual=false_enable_nav_redesign=false_enable_number_row=true_enable_preemptive_decode=true_enable_secondary_symbols=false_keyboard_mode=normal_language=uk_orientation=portrait_show_suggestions=true_split_with_duplicate_keys=true_variant=ukrainian, imeDef.stringId=ime_ukrainian, imeDef.className=com.google.android.apps.inputmethod.libs.latin5.LatinIme, imeDef.languageTag=uk}
10-04 17:30:16.729 22660 22660 I CurrentMicStatusHolder: CurrentMicStatusHolder.onStartInputView():79 Current Mic status = {MicIconHidden-SettingOff,MicIconHidden-PasswordOrNumberOrDateInputType,}
10-04 17:30:16.729 22660 22660 I VoiceImeExtension: VoiceImeExtension.shouldStartVoiceInputAutomatically():382 No private IME option set to start voice input.
10-04 17:30:16.729 22660 22660 I InputMethod: showSoftInput(), flags : 1
10-04 17:30:16.729  1268  3950 I InputMethodManagerService: isAccessoryKeyboard 0
10-04 17:30:16.730 22660 22660 D InputMethodService: DESKTOP MODE! : 2
10-04 17:30:16.730  3780  3780 I SSS:AssistStructureParser: addAutofillableFields: Trying to fetch hint from parent and siblings
10-04 17:30:16.730 22660 22660 D InputMethodService: NOT IN KNOX DESKTOP MODE!
10-04 17:30:16.730  3780  3780 I SSS:AssistStructureParser: getHintFromParentAndSiblings() called with: fields = [{}], node = [android.app.assist.AssistStructure$ViewNode@32a4b43], nodeCustom = [com.samsung.android.smartsuggestions.extservice.assist.AssistNodeCustom@5c562a2], viewId = [1073741824]
10-04 17:30:16.730 22660 22660 V InputMethodService: Showing window: showInput=true mShowInputRequested=true mViewsCreated=true mDecorViewVisible=true mWindowVisible=true mInputStarted=true mShowInputFlags=1
10-04 17:30:16.730  3780  3780 I SSS:AssistStructureParser: getHintFromParentAndSiblings() called with: fields = [{}], node = [android.app.assist.AssistStructure$ViewNode@32a4b43], nodeCustom = [com.samsung.android.smartsuggestions.extservice.assist.AssistNodeCustom@4648b33], viewId = [1073741824]
10-04 17:30:16.730 22660 22660 I DeviceModeUtil: DeviceModeUtil.getDeviceMode():121 Get device mode phone by ui mode:1 and smallestScreenWidthDp:384
10-04 17:30:16.730  3780  3780 I SSS:AssistStructureParser: getHintFromParentAndSiblings() called with: fields = [{}], node = [android.app.assist.AssistStructure$ViewNode@ca8d8f2], nodeCustom = [com.samsung.android.smartsuggestions.extservice.assist.AssistNodeCustom@daafef0], viewId = [1073741824]
10-04 17:30:16.730  1268  1506 I InputMethodManagerService: isAccessoryKeyboard 0
10-04 17:30:16.730  3780  3780 I SSS:AssistStructureParser: getHintFromParentAndSiblings() called with: fields = [{}], node = [android.app.assist.AssistStructure$ViewNode@bae5854], nodeCustom = [com.samsung.android.smartsuggestions.extservice.assist.AssistNodeCustom@91bdc69], viewId = [1073741824]
10-04 17:30:16.730  3780  3780 I SSS:AssistStructureParser: getHintFromParentAndSiblings - stop recursion. Parent: android.app.assist.AssistStructure$ViewNode@99ba7, AutoFillable Children: [1073741824, 1073741825]
10-04 17:30:16.730 22660 22660 I InputMethodService: startViews: mShowInputRequested=true, mInputViewStarted=true, mCandidatesViewStarted= false
10-04 17:30:16.730 22660 22660 D InputMethodService: AxT9IME.sendInputViewShownState(): true
10-04 17:30:16.730 22660 22660 D InputMethodService: AxT9IME.IS_VISIBLE_CANDIDATE(): 4
10-04 17:30:16.730  3780  3780 I SSS:AssistStructureParser: addAutofillableFields: Trying to fetch hint from parent and siblings
10-04 17:30:16.730  3780  3780 I SSS:AssistStructureParser: getHintFromParentAndSiblings() called with: fields = [{}], node = [android.app.assist.AssistStructure$ViewNode@c6a15b5], nodeCustom = [com.samsung.android.smartsuggestions.extservice.assist.AssistNodeCustom@3b06ee], viewId = [1073741825]
10-04 17:30:16.730  3780  3780 I SSS:AssistStructureParser: getHintFromParentAndSiblings() called with: fields = [{}], node = [android.app.assist.AssistStructure$ViewNode@c6a15b5], nodeCustom = [com.samsung.android.smartsuggestions.extservice.assist.AssistNodeCustom@f52a78f], viewId = [1073741825]
10-04 17:30:16.731  3780  3780 I SSS:AssistStructureParser: getHintFromParentAndSiblings() called with: fields = [{}], node = [android.app.assist.AssistStructure$ViewNode@a0c5dec], nodeCustom = [com.samsung.android.smartsuggestions.extservice.assist.AssistNodeCustom@cd91a1c], viewId = [1073741825]
10-04 17:30:16.731  3780  3780 I SSS:AssistStructureParser: getHintFromParentAndSiblings() called with: fields = [{}], node = [android.app.assist.AssistStructure$ViewNode@2e7923e], nodeCustom = [com.samsung.android.smartsuggestions.extservice.assist.AssistNodeCustom@91bdc69], viewId = [1073741825]
10-04 17:30:16.731  3780  3780 I SSS:AssistStructureParser: getHintFromParentAndSiblings - stop recursion. Parent: android.app.assist.AssistStructure$ViewNode@99ba7, AutoFillable Children: [1073741824, 1073741825]
10-04 17:30:16.731  3780  3780 I SSS:AugmentedAutofillService: AssistStructureParser Hint: 0
10-04 17:30:16.731  3780  3780 I SSS:AugmentedAutofillService: onFillRequest() fail: hint not found
10-04 17:30:16.732   914   914 I Layer   : id=17781 Destroyed Surface(name=6c7100d NavigationBar0)/@0x4deb392 - animation-leash of insets_animation#1
10-04 17:30:16.733 22660 22660 I InputMethod: showSoftInput(), flags : 1
10-04 17:30:16.733  1268  1507 I InputMethodManagerService: isAccessoryKeyboard 0
10-04 17:30:16.733 22660 22660 D InputMethodService: DESKTOP MODE! : 2
10-04 17:30:16.733 22660 22660 D InputMethodService: NOT IN KNOX DESKTOP MODE!
10-04 17:30:16.733 22660 22660 V InputMethodService: Showing window: showInput=true mShowInputRequested=true mViewsCreated=true mDecorViewVisible=true mWindowVisible=true mInputStarted=true mShowInputFlags=1
10-04 17:30:16.733 22660 22660 I DeviceModeUtil: DeviceModeUtil.getDeviceMode():121 Get device mode phone by ui mode:1 and smallestScreenWidthDp:384
10-04 17:30:16.733  1268  4046 I InputMethodManagerService: isAccessoryKeyboard 0
10-04 17:30:16.733 22660 22660 I InputMethodService: startViews: mShowInputRequested=true, mInputViewStarted=true, mCandidatesViewStarted= false
10-04 17:30:16.733 22660 22660 D InputMethodService: AxT9IME.sendInputViewShownState(): true
10-04 17:30:16.733 22660 22660 D InputMethodService: AxT9IME.IS_VISIBLE_CANDIDATE(): 4
10-04 17:30:16.735  9298  9298 I CocktailBarUiController: onReceive: action=ResponseAxT9Info isVisibleWindow=1
10-04 17:30:16.735 31596 31596 D InsetsController: show(ime(), fromIme=true)
10-04 17:30:16.736  1268  1506 D InputMethodManagerServicePhysicalKey: isConnectedDexOnPC false
10-04 17:30:16.736  1268  1506 D InputMethodManagerService: isImeSwitcherDisabledPackage : false
10-04 17:30:16.736  1268  1506 D InputMethodManagerService: shouldShowImeSwitcherLocked : checking vis : 3
10-04 17:30:16.736  1268  1506 I InputMethodManagerService: setImeWindowStatus: vis=3, backDisposition=0
10-04 17:30:16.736  1268  1506 D InputMethodManagerServicePhysicalKey: isConnectedDexOnPC false
10-04 17:30:16.736  1268  1506 D InputMethodManagerService: isImeSwitcherDisabledPackage : false
10-04 17:30:16.737 31596 31596 D InsetsController: show(ime(), fromIme=true)
10-04 17:30:16.738  1268  1506 D InputMethodManagerService: shouldShowImeSwitcherLocked : checking vis : 3
10-04 17:30:16.738  1268  1506 I InputMethodManagerService: setImeWindowStatus: vis=3, backDisposition=0
10-04 17:30:16.739 22660 22660 I DeviceModeUtil: DeviceModeUtil.getDeviceMode():121 Get device mode phone by ui mode:1 and smallestScreenWidthDp:384
10-04 17:30:16.739 22660 22660 I DeviceModeUtil: DeviceModeUtil.getDeviceMode():121 Get device mode phone by ui mode:1 and smallestScreenWidthDp:384
10-04 17:30:16.740  9298  9298 I CocktailBarUiController: onReceive: action=ResponseAxT9Info isVisibleWindow=1
10-04 17:30:16.741 30218 30218 D BoundBrokerSvc: onBind: Intent { act=com.google.android.gms.common.BIND_SHARED_PREFS pkg=com.google.android.gms }
10-04 17:30:16.741 30218 30218 D BoundBrokerSvc: Loading bound service for intent: Intent { act=com.google.android.gms.common.BIND_SHARED_PREFS pkg=com.google.android.gms }
10-04 17:30:16.743 30218 30218 D BoundBrokerSvc: onUnbind: Intent { act=com.google.android.gms.common.BIND_SHARED_PREFS pkg=com.google.android.gms }
10-04 17:30:16.747 30218 30218 D BoundBrokerSvc: onBind: Intent { act=com.google.android.gms.common.BIND_SHARED_PREFS pkg=com.google.android.gms }
10-04 17:30:16.747 30218 30218 D BoundBrokerSvc: Loading bound service for intent: Intent { act=com.google.android.gms.common.BIND_SHARED_PREFS pkg=com.google.android.gms }
10-04 17:30:16.749 30218 30218 D BoundBrokerSvc: onUnbind: Intent { act=com.google.android.gms.common.BIND_SHARED_PREFS pkg=com.google.android.gms }
10-04 17:30:16.850 31596 31605 I xample.techdem: Compiler allocated 4564KB to compile void android.view.ViewRootImpl.performTraversals()
10-04 17:30:16.894  1683  1683 D NetworkController.WifiSignalController: notifyListener: visible=true, enabled=true, connected=true, inetCondition=1, isDefault=true, receivedCR=true, receivedIC=-1, shouldForceHide=false, emptyConnected=false
10-04 17:30:16.944  1268  1268 I GestureDetector: handleMessage TAP
10-04 17:30:16.945  1268  1312 I GestureDetector: handleMessage TAP
10-04 17:30:16.986  1268  1457 D InputReader: Btn_touch(12): value=1 when=53161.469454
10-04 17:30:16.987  1268  1457 I InputReader: Touch event's action is 0x0 (id=3, t=0) [pCnt=1, s=0.9183 ] when=53161.469454
10-04 17:30:16.988  1268  1456 I InputDispatcher: Delivering touch to (1683): action: 0x4, f=0x0, d=0, '6c7100d', t=1 
10-04 17:30:16.989  1268  1456 I InputDispatcher: Delivering touch to (22660): action: 0x0, f=0x0, d=0, '6aee25d', t=1 +(0,-75)
10-04 17:30:16.990  1268  1312 I GestureDetector: obtain mCurrentDownEvent. id: 567217584 caller: com.android.server.wm.SystemGesturesPointerEventListener.onPointerEvent:179 com.android.server.wm.PointerEventDispatcher.onInputEvent:71 android.view.InputEventReceiver.dispatchInputEvent:259 
10-04 17:30:16.991  1268  1312 I GestureDetector: obtain mCurrentDownEvent. id: 567217584 caller: com.android.server.wm.SystemPerformancePointerEventListener.onPointerEvent:89 com.android.server.wm.PointerEventDispatcher.onInputEvent:71 android.view.InputEventReceiver.dispatchInputEvent:259 
10-04 17:30:16.991  4083  4083 I SemDvfsHyPerManager: acquire hyper - TABoost/4083@23, type = 1090523139
10-04 17:30:16.992   839   963 I HYPER-HAL: [RequestManager.cpp]acquire(): Acquired ID : 8431694  [4083 / 23]    HINT :      list : [TABoost / 1] [TIMEOUT / 1500] 
10-04 17:30:16.993 22660 22660 I ViewRootImpl@ac69273[InputMethod]: ViewPostIme pointer 0
10-04 17:30:16.993  2260  2260 W TouchInteractionService: onInputEvent, inputConsumer = com.android.quickstep.-$$Lambda$InputConsumer$cayMJybMMyH-XvJ76yEWjWeqQUo@a1281e
10-04 17:30:16.993 22660 22660 I MSHandlerLifeCycle: isMultiSplitHandlerRequested: ignored. pkg=com.google.android.inputmethod.latin isActivity=false callers=com.android.internal.policy.DecorView.hasMultiSplitHandlerInNonFreeformMode:891 com.android.internal.policy.DecorView.dispatchTouchEvent:931 android.view.View.dispatchPointerEvent:15335 android.view.ViewRootImpl$ViewPostImeInputStage.processPointerEvent:7820 android.view.ViewRootImpl$ViewPostImeInputStage.onProcess:7593 
10-04 17:30:16.995  1268  1312 I GestureDetector: obtain mCurrentMotionEventRaw. action: 2 id: 27766144
10-04 17:30:16.995  1268  1312 I GestureDetector: obtain mCurrentMotionEventRaw. action: 2 id: 27766144
10-04 17:30:16.996  1268  1506 D PhoneWindowManagerExt: f.b. a=false id=3 he=true eme=false ksno=false uid=10253 callingPackage=com.google.android.inputmethod.latin reason=null Caller=com.android.server.policy.PhoneWindowManager.performHapticFeedback:6238 com.android.server.wm.Session.performHapticFeedback:285 android.view.IWindowSession$Stub.onTransact:920 com.android.server.wm.Session.onTransact:176 android.os.Binder.execTransactInternal:1215 
10-04 17:30:16.996  1268  1506 D VibratorManagerService: vibrate - uid: 10253, opPkg: com.google.android.inputmethod.latin, effect: Mono{mEffect=Composed{segments=[SemHaptic{mType=50025, mRepeat=-1, mMagnitude=-1, mMagnitudeType=TYPE_TOUCH}], repeat=-1, mMagnitudeType=TYPE_EXTRA}}, attrs: VibrationAttributes: Usage=TOUCH Audio Usage= USAGE_ASSISTANCE_SONIFICATION Flags=0, reason: null, token: android.os.Binder@141b73f
10-04 17:30:16.996  1268  1506 V VibratorManagerService: semIndexVibrate - package: com.google.android.inputmethod.latin, repeat: -1, token: android.os.Binder@141b73f, usageHint : 18, mag: 3000, TYPE_TOUCH
10-04 17:30:16.997  1268  1506 D VibrationThread: Vibration cancelled
10-04 17:30:16.998  1268 31678 D VibratorManagerService: Vibration 2285 finished with status CANCELLED
10-04 17:30:16.999  1268 31678 D VibrationThread: Running cancel vibration step on vibrator 0
10-04 17:30:16.999  1268 31678 D VibrationThread: Turning off vibrator 0
10-04 17:30:16.999   872   872 E SecVibrator-HAL-AIDL-CORE: V_2_0: Vibrator off
10-04 17:30:16.999   872   872 E SecVibrator-HAL-AIDL-CORE: HW_API: do_off
10-04 17:30:16.999   872   872 E SecVibrator-HAL-AIDL-CORE: HW_API: [triggerForceFeedbackVibration]on: 0
10-04 17:30:16.999   914   914 I DisplayDevice: ActiveConfigToHWC, ID : 9, Display : 4633128672291735999
10-04 17:30:17.000  1268 31678 D VibratorManagerService: Vibrators released after finished vibration
10-04 17:30:17.001   914   914 I SurfaceFlinger: getBestRefreshRateLocked TouchBoost - choose [1080_60]
10-04 17:30:17.002  1268 31692 D VibrationThread: StartVibrateStep for effect #0
10-04 17:30:17.002  1268 31692 D VibrationThread: constructor effect=Composed{segments=[SemHaptic{mType=50025, mRepeat=-1, mMagnitude=-1, mMagnitudeType=TYPE_TOUCH}], repeat=-1, mMagnitudeType=TYPE_EXTRA}, index=0
10-04 17:30:17.002  1268 31692 D VibrationThread: sepIndex=10, intensity=3000, repeat=false
10-04 17:30:17.002  1268 31692 D VibrationThread: Turning on vibrator 0 for ms
10-04 17:30:17.002  1268 31692 I VibratorController: vibratorPerformPrebakedHapticPattern started
10-04 17:30:17.003   579   590 I servicemanager: Found android.hardware.vibrator.IVibrator/default in device VINTF manifest.
10-04 17:30:17.004   827   946 D display : setActiveConfigWithConstraints:: PrimaryDisplay config(15)
10-04 17:30:17.004   827   946 I display : Current VRR MODE is 1
10-04 17:30:17.004   827   946 I display : setActiveConfigWithConstraints:: HFR match - config: 15, base: 15, try: 1
10-04 17:30:17.005   827   946 I display : setActiveConfigWithConstraints::update 1080x2316@60phs
10-04 17:30:17.005   827   946 I display : commit modeset : 1080x2316@60phs
10-04 17:30:17.008 22660 22660 I MSHandlerLifeCycle: isMultiSplitHandlerRequested: ignored. pkg=com.google.android.inputmethod.latin isActivity=false callers=com.android.internal.policy.DecorView.hasMultiSplitHandlerInNonFreeformMode:891 com.android.internal.policy.DecorView.dispatchTouchEvent:931 android.view.View.dispatchPointerEvent:15335 android.view.ViewRootImpl$ViewPostImeInputStage.processPointerEvent:7820 android.view.ViewRootImpl$ViewPostImeInputStage.onProcess:7593 
10-04 17:30:17.010   872   872 E SecVibrator-HAL-AIDL-EXT: V_4_0: performPrebakedHapticPattern 10 : 3000 : 0
10-04 17:30:17.010   872   872 E SecVibrator-HAL-AIDL-CORE: HW_API: [setForceFeedbackAmplitude]amplitude: 3000
10-04 17:30:17.014   872   872 E SecVibrator-HAL-AIDL-CORE: HW_API: [uploadForceFeedbackeffect]ioctl success ,uploaded effect with ID: 0
10-04 17:30:17.014   872   872 E SecVibrator-HAL-AIDL-CORE: HW_API: do_on for timeoutMs: 1000
10-04 17:30:17.018   872   872 E SecVibrator-HAL-AIDL-CORE: HW_API: [uploadForceFeedbackeffect]ioctl success ,uploaded effect with ID: 0
10-04 17:30:17.018   872   872 E SecVibrator-HAL-AIDL-CORE: HW_API: [triggerForceFeedbackVibration]on: 1
10-04 17:30:17.018  1268 31692 D VibratorController: performPrebakedHapticPattern aidl vendor : OK
10-04 17:30:17.023   827   946 W display : deliverWinConfigData:: commit modeset time (17 ms)
10-04 17:30:17.024   827   921 I display : [compareVsyncPeriod] set the lowest(mode:0) vsync 166 of display(0)
10-04 17:30:17.024   827   921 I display : getFpsForPerformance, performance table found using table(key:60, cpu:255)
10-04 17:30:17.024   827   921 I display : Set m2mMPP capacity(8) for fps(60)
10-04 17:30:17.024   827   921 I display : getFpsForPerformance, performance table found using table(key:60, cpu:255)
10-04 17:30:17.024   827   921 I display : Set Affinity config for fps(60) : cpuIDs : 255
10-04 17:30:17.024   827   921 I display : Set Affinity CPU ID : 0
10-04 17:30:17.024   827   921 I display : Set Affinity CPU ID : 1
10-04 17:30:17.024   827   921 I display : Set Affinity CPU ID : 2
10-04 17:30:17.024   827   921 I display : Set Affinity CPU ID : 3
10-04 17:30:17.024   827   921 I display : Set Affinity CPU ID : 4
10-04 17:30:17.024   827   921 I display : Set Affinity CPU ID : 5
10-04 17:30:17.024   827   921 I display : Set Affinity CPU ID : 6
10-04 17:30:17.024   827   921 I display : Set Affinity CPU ID : 7
10-04 17:30:17.024   827   921 I display : Set affinity HWC : 827
10-04 17:30:17.024   827   921 I display : CPU set : Cluster(0), min_clock(0)
10-04 17:30:17.025   827   921 I display : CPU set : Cluster(1), min_clock(0)
10-04 17:30:17.025   827   921 I display : CPU set : Cluster(2), min_clock(0)
10-04 17:30:17.026   914   914 I Scheduler: DisplayModeChanged : 9
10-04 17:30:17.027  1268  1314 D LocalDisplayAdapter: updateActiveModeLocked, mActiveModeId=10, mActiveSfDisplayMode=DisplayMode{id=9, width=1080, height=2316, xDpi=375.78, yDpi=374.69, refreshRate=60.0, appVsyncOffsetNanos=0, presentationDeadlineNanos=17666667, group=1}
10-04 17:30:17.028  1268  1314 I DisplayDeviceRepository: Display device changed: DisplayDeviceInfo{"Built-in Screen": uniqueId="local:4633128672291735999", 1440 x 3088
10-04 17:30:17.028  1268  1314 I DisplayDeviceRepository:     modeId 10, defaultModeId 3, supportedModes [{id=1, width=1440, height=3088, fps=120.00001, alternativeRefreshRates=[10.0, 24.0, 30.0, 48.0, 60.0, 96.0]}, {id=2, width=1440, height=3088, fps=96.0, alternativeRefreshRates=[10.0, 24.0, 30.0, 48.0, 60.0, 120.00001]}, {id=3, width=1440, height=3088, fps=60.0, alternativeRefreshRates=[10.0, 24.0, 30.0, 48.0, 96.0, 120.00001]}, {id=4, width=1440, height=3088, fps=48.0, alternativeRefreshRates=[10.0, 24.0, 30.0, 60.0, 96.0, 120.00001]}, {id=5, width=1440, height=3088, fps=30.0, alternativeRefreshRates=[10.0, 24.0, 48.0, 60.0, 96.0, 120.00001]}, {id=6, width=1440, height=3088, fps=24.0, alternativeRefreshRates=[10.0, 30.0, 48.0, 60.0, 96.0, 120.00001]}, {id=7, width=1440, height=3088, fps=10.0, alternativeRefreshRates=[24.0, 30.0, 48.0, 60.0, 96.0, 120.00001]}, {id=8, width=1080, height=2316, fps=120.00001, alternativeRefreshRates=[10.0, 24.0, 30.0, 48.0, 60.0, 96.0]}, {id=9, width=1080, height=2316, fps=96.0, alternativeRefreshRates=[10.0, 24.0, 30.0, 48.0, 60.0, 120.00001]}, {id=10, width=1080, height=2316, fps=60.0, alternativeRefreshRates=[10.0, 24.0, 30.0, 48.0, 96.0, 120.00001]}, {id=11, width=1080, height=2316, fps=48.0, alternativeRefreshRates=[10.0, 24.0, 30.0, 60.0, 96.0, 120.00001]}, {id=12, width=1080, height=2316, fps=30.0, alternativeRefreshRates=[10.0, 24.0, 48.0, 60.0, 96.0, 120.00001]}, {id=13, width=1080, height=2316, fps=24.0, alternativeRefreshRates=[10.0, 30.0, 48.0, 60.0, 96.0, 120.00001]}, {id=14, width=1080, height=2316, fps=10.0, alternativeRefreshRates=[24.0, 30.0, 48.0, 60.0, 96.0, 120.00001]}, {id=15, width=720, height=1544, fps=120.00001, alternativeRefreshRates=[10.0, 24.0, 30.0, 48.0, 60.0, 96.0]}, {id=16, width=720, height=1544, fps=96.0, alternativeRefreshRates=[10.0, 24.0, 30.0, 48.0, 60.0, 120.00001]}, {id=17, width=720, height=1544, fps=60.0, alternativeRefreshRates=[10.0, 24.0, 30.0, 48.0, 96.0, 120.00001]}, {id=18, width=720, height=1544, fps=48.0, alternativeRefreshRates=[10.0, 24.0, 30.0, 60.0, 96.0, 120.00001]}, {id=19, width=720, height=1544, fps=30.0, alternativeRefreshRates=[10.0, 24.0, 48.0, 60.0, 96.0, 120.00001]}, {id=20, width=720, height=1544, fps=24.0, alternativeRefreshRates=[10.0, 30.0, 48.0, 60.0, 96.0, 120.00001]}, {id=21, width=720, height=1544, fps=10.0, alternativeRefreshRates=[24.0, 30.0, 48.0, 60.0, 96.0, 120.00001]}]
10-04 17:30:17.028  1268  1314 I DisplayDeviceRepository:     colorMode 0, supportedColorModes [0, 7, 9], hdrCapabilities HdrCapabilities{mSupportedHdrTypes=[2, 3, 4], mMaxLuminance=450.0, mMaxAverageLuminance=120.0, mMinLuminance=5.0E-4}
10-04 17:30:17.028  1268  1314 I DisplayDeviceRepository:     allmSupported false, gameContentTypeSupported false, density 600, 501.041 x 499.587 dpi, appVsyncOff 0, presDeadline 17666667
10-04 17:30:17.028  1268  1314 I DisplayDeviceRepository:     cutout DisplayCutout{insets=Rect(0, 100 - 0, 0) waterfall=Insets{left=0, top=0, right=0, bottom=0} boundingRect={Bounds=[Rect(0, 0 - 0, 0), Rect(683, 0 - 758, 100), Rect(0, 0 - 0, 0), Rect(0, 0 - 0, 0)]} cutoutPathParserInfo={CutoutPathParserInfo{displayWidth=1440 displayHeight=3088 density={3.75} cutoutSpec={M 0,0 H -10 V 26.66666666666667 H 10 V 0 H 0 Z @dp} rotation={0} scale={1.0}}}}
10-04 17:30:17.028  1268  1314 I DisplayDeviceRepository:     touch INTERNAL, rotation 0, type INTERNAL, address {port=191, model=0x404c2dfae6a049}, deviceProductInfo DeviceProductInfo{name=samsung lcd  , manufacturerPnpId=SAM, productId=0, modelYear=null, manufactureDate=ManufactureDate{week=16, year=2020}, connectionToSinkType=0}
10-04 17:30:17.028  1268  1314 I DisplayDeviceRepository:     state ON, frameRateOverride , brightnessMinimum 0.0, brightnessMaximum 1.0, brightnessDefault 0.5019608
10-04 17:30:17.028  1268  1314 I DisplayDeviceRepository:     roundedCorners RoundedCorners{[RoundedCorner{position=TopLeft, radius=11, center=Point(11, 11)}, RoundedCorner{position=TopRight, radius=11, center=Point(1429, 11)}, RoundedCorner{position=BottomRight, radius=11, center=Point(1429, 3077)}, RoundedCorner{position=BottomLeft, radius=11, center=Point(11, 3077)}]}
10-04 17:30:17.028  1268  1314 I DisplayDeviceRepository:     , FLAG_DEFAULT_DISPLAY, FLAG_ROTATES_WITH_CONTENT, FLAG_SECURE, FLAG_SUPPORTS_PROTECTED_BUFFERS}
10-04 17:30:17.032 22660 22660 I MSHandlerLifeCycle: isMultiSplitHandlerRequested: ignored. pkg=com.google.android.inputmethod.latin isActivity=false callers=com.android.internal.policy.DecorView.hasMultiSplitHandlerInNonFreeformMode:891 com.android.internal.policy.DecorView.dispatchTouchEvent:931 android.view.View.dispatchPointerEvent:15335 android.view.ViewRootImpl$ViewPostImeInputStage.processPointerEvent:7820 android.view.ViewRootImpl$ViewPostImeInputStage.onProcess:7593 
10-04 17:30:17.033  1268  3006 D LiftUpHandler: already ended..
10-04 17:30:17.033  1268  1268 D MotionRecognitionService: [DisplayListner] getRefreshRate 60.0
10-04 17:30:17.033  1268  1446 D MotionRecognitionService: [REFRESHRATE]  : 60
10-04 17:30:17.033  1268  1268 D SGM:GameManager: onDisplayChanged. displyId: 0, state: 2
10-04 17:30:17.033  1268  1268 D SGM:GameManager: dpi: 450, longPixel: 2199, shortPixel: 1080
10-04 17:30:17.033  1268  1446 D SensorService: setSContextDataLocked ints length 3 , byte length 8
10-04 17:30:17.033  1268  1446 D SensorService: setSContextDataLocked 100048c1
10-04 17:30:17.033  1268  1268 D AODManagerService: requestReCalToTSP IsSingleTouchMode = false / previousDisplayState = ON
10-04 17:30:17.034  1268  1268 D BrightnessSynchronizer: onDisplayChanged() : displayId=0
10-04 17:30:17.034   834   834 D Sensors : c1 48 00 10 3c 00 00 00  
10-04 17:30:17.034   834   834 E Sensors : inject_scontext_data: New ssp_data_injection_fd(44)
10-04 17:30:17.034  1268  1268 D BrightnessSynchronizer: updateScreenBrightness: type=2 mPreferredSettingValue=0.1882353(48) currentBrightnessInt=48 currentBrightnessIntFromFloat=48(0.1882353)
10-04 17:30:17.034   834   834 D Sensors : SContext Data Injection return 8
10-04 17:30:17.035  1268  1470 D SGM:GameManager: onLooperPrepared(), msg: MSG_LCD_ON
10-04 17:30:17.036  4975  4975 I CAMERA_CONTROLLER: [2]ProviderServiceImpl$1.onDisplayChanged():213 - display changed
10-04 17:30:17.036  4975  4975 I CAMERA_CONTROLLER: [2]ProviderServiceImpl.checkDisplayModePortrait():394
10-04 17:30:17.036  4975  4975 I CAMERA_CONTROLLER: [2]ProviderServiceImpl.checkDisplayModePortrait():401 - presentationDisplaynull
10-04 17:30:17.036  4975  4975 W CAMERA_CONTROLLER: [2]ProviderServiceImpl.checkDisplayModePortrait():409 - presentationDisplay is null, return
10-04 17:30:17.036  4975  4975 W CAMERA_CONTROLLER: [2]ProviderServiceImpl$1.onDisplayChanged():215 - display is not portrait mode 
10-04 17:30:17.037  1268  2976 W NetlinkSocket: maximum read
10-04 17:30:17.039  1683  1683 D DisplayLifecycle: updateDisplay id = 0
10-04 17:30:17.041 22660 22660 I MSHandlerLifeCycle: isMultiSplitHandlerRequested: ignored. pkg=com.google.android.inputmethod.latin isActivity=false callers=com.android.internal.policy.DecorView.hasMultiSplitHandlerInNonFreeformMode:891 com.android.internal.policy.DecorView.dispatchTouchEvent:931 android.view.View.dispatchPointerEvent:15335 android.view.ViewRootImpl$ViewPostImeInputStage.processPointerEvent:7820 android.view.ViewRootImpl$ViewPostImeInputStage.onProcess:7593 
10-04 17:30:17.042  2260  2365 I DisplayController: Global displayType : -1
10-04 17:30:17.042  2260  2365 I DisplayController: handleInfoChange start
10-04 17:30:17.042  2260  2365 I DisplayController: Update info Point(1080, 2199)-1080x2316, Point(2241, 970)-2316x1080, 0, 384x781, handleInfoChange end 4
10-04 17:30:17.051  1268  1457 D InputReader: Btn_touch(12): value=0 when=53161.535304
10-04 17:30:17.051  1268  1457 I InputReader: Touch event's action is 0x1 (id=3, t=0) [pCnt=1, s=] when=53161.535304
10-04 17:30:17.051  1268  1456 I InputDispatcher: Delivering touch to (22660): action: 0x1, f=0x0, d=0, '6aee25d', t=1 +(0,-75)
10-04 17:30:17.052  2260  2260 W TouchInteractionService: reset
10-04 17:30:17.052 22660 22660 I MSHandlerLifeCycle: isMultiSplitHandlerRequested: ignored. pkg=com.google.android.inputmethod.latin isActivity=false callers=com.android.internal.policy.DecorView.hasMultiSplitHandlerInNonFreeformMode:891 com.android.internal.policy.DecorView.dispatchTouchEvent:931 android.view.View.dispatchPointerEvent:15335 android.view.ViewRootImpl$ViewPostImeInputStage.processPointerEvent:7820 android.view.ViewRootImpl$ViewPostImeInputStage.onProcess:7593 
10-04 17:30:17.053 22660 22660 I ViewRootImpl@ac69273[InputMethod]: ViewPostIme pointer 1
10-04 17:30:17.053 22660 22660 I MSHandlerLifeCycle: isMultiSplitHandlerRequested: ignored. pkg=com.google.android.inputmethod.latin isActivity=false callers=com.android.internal.policy.DecorView.hasMultiSplitHandlerInNonFreeformMode:891 com.android.internal.policy.DecorView.dispatchTouchEvent:931 android.view.View.dispatchPointerEvent:15335 android.view.ViewRootImpl$ViewPostImeInputStage.processPointerEvent:7820 android.view.ViewRootImpl$ViewPostImeInputStage.onProcess:7593 
10-04 17:30:17.055 31596 31596 V InputMethodManager: dispatchKeyEventFromInputMethod: KeyEvent=KeyEvent { action=ACTION_DOWN, keyCode=KEYCODE_2, scanCode=0, metaState=0, flags=0x6, repeatCount=0, eventTime=53161538, downTime=53161538, deviceId=-1, source=0x101, displayId=-1 }
10-04 17:30:17.055 31596 31596 V InputMethodManager: dispatchKeyEventFromInputMethod: KeyEvent=KeyEvent { action=ACTION_UP, keyCode=KEYCODE_2, scanCode=0, metaState=0, flags=0x6, repeatCount=0, eventTime=53161538, downTime=53161538, deviceId=-1, source=0x101, displayId=-1 }
10-04 17:30:17.055 31596 31596 I ViewRootImpl@e1c0475[AddActivity]: ViewPostIme key 0
10-04 17:30:17.059 31596 31596 I ViewRootImpl@e1c0475[AddActivity]: ViewPostIme key 1
10-04 17:30:17.293  1268  1268 I GestureDetector: handleMessage TAP
10-04 17:30:17.303  1268  1312 I GestureDetector: handleMessage TAP
10-04 17:30:17.324  1268  1457 D InputReader: Btn_touch(12): value=1 when=53161.804248
10-04 17:30:17.324  1268  1457 I InputReader: Touch event's action is 0x0 (id=3, t=0) [pCnt=1, s=0.9184 ] when=53161.804248
10-04 17:30:17.326  1268  1456 I InputDispatcher: Delivering touch to (1683): action: 0x4, f=0x0, d=0, '6c7100d', t=1 
10-04 17:30:17.326  1268  1456 I InputDispatcher: Delivering touch to (31596): action: 0x0, f=0x0, d=0, '871728 ', t=1 
10-04 17:30:17.329  1268  1312 I GestureDetector: obtain mCurrentDownEvent. id: 576499797 caller: com.android.server.wm.SystemGesturesPointerEventListener.onPointerEvent:179 com.android.server.wm.PointerEventDispatcher.onInputEvent:71 android.view.InputEventReceiver.dispatchInputEvent:259 
10-04 17:30:17.329  1268  1312 I GestureDetector: obtain mCurrentDownEvent. id: 576499797 caller: com.android.server.wm.SystemPerformancePointerEventListener.onPointerEvent:89 com.android.server.wm.PointerEventDispatcher.onInputEvent:71 android.view.InputEventReceiver.dispatchInputEvent:259 
10-04 17:30:17.329 31596 31596 I ViewRootImpl@e1c0475[AddActivity]: ViewPostIme pointer 0
10-04 17:30:17.330 31596 31596 I MSHandlerLifeCycle: isMultiSplitHandlerRequested: windowingMode=1 isFullscreen=true isPopOver=false isHidden=false skipActivityType=false isHandlerType=true this: DecorView@b8b5a89[AddActivity]
10-04 17:30:17.331  2260  2260 W TouchInteractionService: onInputEvent, inputConsumer = com.android.quickstep.-$$Lambda$InputConsumer$cayMJybMMyH-XvJ76yEWjWeqQUo@a1281e
10-04 17:30:17.332  1268  1312 I GestureDetector: obtain mCurrentMotionEventRaw. action: 2 id: 394630177
10-04 17:30:17.332  1268  1312 I GestureDetector: obtain mCurrentMotionEventRaw. action: 2 id: 394630177
10-04 17:30:17.332  4083  4083 I SemDvfsHyPerManager: acquire hyper - TABoost/4083@23, type = 1090523139
10-04 17:30:17.333   839   963 I HYPER-HAL: [RequestManager.cpp]acquire(): Acquired ID : 8431694  [4083 / 23]    HINT :      list : [TABoost / 1] [TIMEOUT / 1500] 
10-04 17:30:17.333   914   914 I DisplayDevice: ActiveConfigToHWC, ID : 7, Display : 4633128672291735999
10-04 17:30:17.337   914   914 I SurfaceFlinger: getBestRefreshRateLocked TouchBoost - choose [1080_120]
10-04 17:30:17.340   827   946 D display : setActiveConfigWithConstraints:: PrimaryDisplay config(13)
10-04 17:30:17.340   827   946 I display : Current VRR MODE is 1
10-04 17:30:17.340   827   946 I display : setActiveConfigWithConstraints:: HFR match - config: 13, base: 13, try: 0
10-04 17:30:17.340   827   946 I display : setActiveConfigWithConstraints::update 1080x2316@120hs
10-04 17:30:17.341   827   946 I display : commit modeset : 1080x2316@120hs
10-04 17:30:17.357   827   946 W display : deliverWinConfigData:: commit modeset time (15 ms)
10-04 17:30:17.358   827   921 I display : [compareVsyncPeriod] set the lowest(mode:0) vsync 83 of display(0)
10-04 17:30:17.358   827   921 I display : getFpsForPerformance, performance table found using table(key:120, cpu:255)
10-04 17:30:17.358   827   921 I display : Set m2mMPP capacity(4) for fps(120)
10-04 17:30:17.358   827   921 I display : getFpsForPerformance, performance table found using table(key:120, cpu:255)
10-04 17:30:17.358   827   921 I display : Set Affinity config for fps(120) : cpuIDs : 255
10-04 17:30:17.358   827   921 I display : Set Affinity CPU ID : 0
10-04 17:30:17.358   827   921 I display : Set Affinity CPU ID : 1
10-04 17:30:17.358   827   921 I display : Set Affinity CPU ID : 2
10-04 17:30:17.358   827   921 I display : Set Affinity CPU ID : 3
10-04 17:30:17.358   827   921 I display : Set Affinity CPU ID : 4
10-04 17:30:17.358   827   921 I display : Set Affinity CPU ID : 5
10-04 17:30:17.358   827   921 I display : Set Affinity CPU ID : 6
10-04 17:30:17.358   827   921 I display : Set Affinity CPU ID : 7
10-04 17:30:17.358   827   921 I display : Set affinity HWC : 827
10-04 17:30:17.358   827   921 I display : CPU set : Cluster(0), min_clock(0)
10-04 17:30:17.358   827   921 I display : CPU set : Cluster(1), min_clock(0)
10-04 17:30:17.358   827   921 I display : CPU set : Cluster(2), min_clock(0)
10-04 17:30:17.358 31596 31596 I MSHandlerLifeCycle: isMultiSplitHandlerRequested: windowingMode=1 isFullscreen=true isPopOver=false isHidden=false skipActivityType=false isHandlerType=true this: DecorView@b8b5a89[AddActivity]
10-04 17:30:17.360   914   914 I Scheduler: DisplayModeChanged : 7
10-04 17:30:17.360  1268  1314 D LocalDisplayAdapter: updateActiveModeLocked, mActiveModeId=8, mActiveSfDisplayMode=DisplayMode{id=7, width=1080, height=2316, xDpi=375.78, yDpi=374.69, refreshRate=120.00001, appVsyncOffsetNanos=0, presentationDeadlineNanos=9333333, group=1}
10-04 17:30:17.361  1268  1314 I DisplayDeviceRepository: Display device changed: DisplayDeviceInfo{"Built-in Screen": uniqueId="local:4633128672291735999", 1440 x 3088
10-04 17:30:17.361  1268  1314 I DisplayDeviceRepository:     modeId 8, defaultModeId 3, supportedModes [{id=1, width=1440, height=3088, fps=120.00001, alternativeRefreshRates=[10.0, 24.0, 30.0, 48.0, 60.0, 96.0]}, {id=2, width=1440, height=3088, fps=96.0, alternativeRefreshRates=[10.0, 24.0, 30.0, 48.0, 60.0, 120.00001]}, {id=3, width=1440, height=3088, fps=60.0, alternativeRefreshRates=[10.0, 24.0, 30.0, 48.0, 96.0, 120.00001]}, {id=4, width=1440, height=3088, fps=48.0, alternativeRefreshRates=[10.0, 24.0, 30.0, 60.0, 96.0, 120.00001]}, {id=5, width=1440, height=3088, fps=30.0, alternativeRefreshRates=[10.0, 24.0, 48.0, 60.0, 96.0, 120.00001]}, {id=6, width=1440, height=3088, fps=24.0, alternativeRefreshRates=[10.0, 30.0, 48.0, 60.0, 96.0, 120.00001]}, {id=7, width=1440, height=3088, fps=10.0, alternativeRefreshRates=[24.0, 30.0, 48.0, 60.0, 96.0, 120.00001]}, {id=8, width=1080, height=2316, fps=120.00001, alternativeRefreshRates=[10.0, 24.0, 30.0, 48.0, 60.0, 96.0]}, {id=9, width=1080, height=2316, fps=96.0, alternativeRefreshRates=[10.0, 24.0, 30.0, 48.0, 60.0, 120.00001]}, {id=10, width=1080, height=2316, fps=60.0, alternativeRefreshRates=[10.0, 24.0, 30.0, 48.0, 96.0, 120.00001]}, {id=11, width=1080, height=2316, fps=48.0, alternativeRefreshRates=[10.0, 24.0, 30.0, 60.0, 96.0, 120.00001]}, {id=12, width=1080, height=2316, fps=30.0, alternativeRefreshRates=[10.0, 24.0, 48.0, 60.0, 96.0, 120.00001]}, {id=13, width=1080, height=2316, fps=24.0, alternativeRefreshRates=[10.0, 30.0, 48.0, 60.0, 96.0, 120.00001]}, {id=14, width=1080, height=2316, fps=10.0, alternativeRefreshRates=[24.0, 30.0, 48.0, 60.0, 96.0, 120.00001]}, {id=15, width=720, height=1544, fps=120.00001, alternativeRefreshRates=[10.0, 24.0, 30.0, 48.0, 60.0, 96.0]}, {id=16, width=720, height=1544, fps=96.0, alternativeRefreshRates=[10.0, 24.0, 30.0, 48.0, 60.0, 120.00001]}, {id=17, width=720, height=1544, fps=60.0, alternativeRefreshRates=[10.0, 24.0, 30.0, 48.0, 96.0, 120.00001]}, {id=18, width=720, height=1544, fps=48.0, alternativeRefreshRates=[10.0, 24.0, 30.0, 60.0, 96.0, 120.00001]}, {id=19, width=720, height=1544, fps=30.0, alternativeRefreshRates=[10.0, 24.0, 48.0, 60.0, 96.0, 120.00001]}, {id=20, width=720, height=1544, fps=24.0, alternativeRefreshRates=[10.0, 30.0, 48.0, 60.0, 96.0, 120.00001]}, {id=21, width=720, height=1544, fps=10.0, alternativeRefreshRates=[24.0, 30.0, 48.0, 60.0, 96.0, 120.00001]}]
10-04 17:30:17.361  1268  1314 I DisplayDeviceRepository:     colorMode 0, supportedColorModes [0, 7, 9], hdrCapabilities HdrCapabilities{mSupportedHdrTypes=[2, 3, 4], mMaxLuminance=450.0, mMaxAverageLuminance=120.0, mMinLuminance=5.0E-4}
10-04 17:30:17.361  1268  1314 I DisplayDeviceRepository:     allmSupported false, gameContentTypeSupported false, density 600, 501.041 x 499.587 dpi, appVsyncOff 0, presDeadline 17666667
10-04 17:30:17.361  1268  1314 I DisplayDeviceRepository:     cutout DisplayCutout{insets=Rect(0, 100 - 0, 0) waterfall=Insets{left=0, top=0, right=0, bottom=0} boundingRect={Bounds=[Rect(0, 0 - 0, 0), Rect(683, 0 - 758, 100), Rect(0, 0 - 0, 0), Rect(0, 0 - 0, 0)]} cutoutPathParserInfo={CutoutPathParserInfo{displayWidth=1440 displayHeight=3088 density={3.75} cutoutSpec={M 0,0 H -10 V 26.66666666666667 H 10 V 0 H 0 Z @dp} rotation={0} scale={1.0}}}}
10-04 17:30:17.361  1268  1314 I DisplayDeviceRepository:     touch INTERNAL, rotation 0, type INTERNAL, address {port=191, model=0x404c2dfae6a049}, deviceProductInfo DeviceProductInfo{name=samsung lcd  , manufacturerPnpId=SAM, productId=0, modelYear=null, manufactureDate=ManufactureDate{week=16, year=2020}, connectionToSinkType=0}
10-04 17:30:17.361  1268  1314 I DisplayDeviceRepository:     state ON, frameRateOverride , brightnessMinimum 0.0, brightnessMaximum 1.0, brightnessDefault 0.5019608
10-04 17:30:17.361  1268  1314 I DisplayDeviceRepository:     roundedCorners RoundedCorners{[RoundedCorner{position=TopLeft, radius=11, center=Point(11, 11)}, RoundedCorner{position=TopRight, radius=11, center=Point(1429, 11)}, RoundedCorner{position=BottomRight, radius=11, center=Point(1429, 3077)}, RoundedCorner{position=BottomLeft, radius=11, center=Point(11, 3077)}]}
10-04 17:30:17.361  1268  1314 I DisplayDeviceRepository:     , FLAG_DEFAULT_DISPLAY, FLAG_ROTATES_WITH_CONTENT, FLAG_SECURE, FLAG_SUPPORTS_PROTECTED_BUFFERS}
10-04 17:30:17.366 31596 31596 I MSHandlerLifeCycle: isMultiSplitHandlerRequested: windowingMode=1 isFullscreen=true isPopOver=false isHidden=false skipActivityType=false isHandlerType=true this: DecorView@b8b5a89[AddActivity]
10-04 17:30:17.370  1268  1268 D MotionRecognitionService: [DisplayListner] getRefreshRate 120.00001
10-04 17:30:17.370  1268  3006 D LiftUpHandler: already ended..
10-04 17:30:17.370  1268  1268 D SGM:GameManager: onDisplayChanged. displyId: 0, state: 2
10-04 17:30:17.370  1268  1268 D SGM:GameManager: dpi: 450, longPixel: 2199, shortPixel: 1080
10-04 17:30:17.370  1268  1268 D AODManagerService: requestReCalToTSP IsSingleTouchMode = false / previousDisplayState = ON
10-04 17:30:17.370  1268  1268 D BrightnessSynchronizer: onDisplayChanged() : displayId=0
10-04 17:30:17.371  1268  1268 D BrightnessSynchronizer: updateScreenBrightness: type=2 mPreferredSettingValue=0.1882353(48) currentBrightnessInt=48 currentBrightnessIntFromFloat=48(0.1882353)
10-04 17:30:17.371  1268  1446 D MotionRecognitionService: [REFRESHRATE]  : 120
10-04 17:30:17.371  1268  1446 D SensorService: setSContextDataLocked ints length 3 , byte length 8
10-04 17:30:17.371  1268  1446 D SensorService: setSContextDataLocked 100048c1
10-04 17:30:17.371   834   834 D Sensors : c1 48 00 10 78 00 00 00  
10-04 17:30:17.372   834   834 E Sensors : inject_scontext_data: New ssp_data_injection_fd(44)
10-04 17:30:17.372  1268  1470 D SGM:GameManager: onLooperPrepared(), msg: MSG_LCD_ON
10-04 17:30:17.372   834   834 D Sensors : SContext Data Injection return 8
10-04 17:30:17.375  1268  2976 W NetlinkSocket: maximum read
10-04 17:30:17.375 31596 31596 I MSHandlerLifeCycle: isMultiSplitHandlerRequested: windowingMode=1 isFullscreen=true isPopOver=false isHidden=false skipActivityType=false isHandlerType=true this: DecorView@b8b5a89[AddActivity]
10-04 17:30:17.376  4975  4975 I CAMERA_CONTROLLER: [2]ProviderServiceImpl$1.onDisplayChanged():213 - display changed
10-04 17:30:17.376  4975  4975 I CAMERA_CONTROLLER: [2]ProviderServiceImpl.checkDisplayModePortrait():394
10-04 17:30:17.376  4975  4975 I CAMERA_CONTROLLER: [2]ProviderServiceImpl.checkDisplayModePortrait():401 - presentationDisplaynull
10-04 17:30:17.376  4975  4975 W CAMERA_CONTROLLER: [2]ProviderServiceImpl.checkDisplayModePortrait():409 - presentationDisplay is null, return
10-04 17:30:17.376  4975  4975 W CAMERA_CONTROLLER: [2]ProviderServiceImpl$1.onDisplayChanged():215 - display is not portrait mode 
10-04 17:30:17.376  1268  1457 D InputReader: Btn_touch(12): value=0 when=53161.860647
10-04 17:30:17.376  1268  1457 I InputReader: Touch event's action is 0x1 (id=3, t=0) [pCnt=1, s=] when=53161.860647
10-04 17:30:17.377  1268  1456 I InputDispatcher: Delivering touch to (31596): action: 0x1, f=0x0, d=0, '871728 ', t=1 
10-04 17:30:17.379  2260  2260 W TouchInteractionService: reset
10-04 17:30:17.379 31596 31596 I MSHandlerLifeCycle: isMultiSplitHandlerRequested: windowingMode=1 isFullscreen=true isPopOver=false isHidden=false skipActivityType=false isHandlerType=true this: DecorView@b8b5a89[AddActivity]
10-04 17:30:17.379 31596 31596 I ViewRootImpl@e1c0475[AddActivity]: ViewPostIme pointer 1
10-04 17:30:17.379  2260  2365 I DisplayController: Global displayType : -1
10-04 17:30:17.379  2260  2365 I DisplayController: handleInfoChange start
10-04 17:30:17.379 31596 31596 I MSHandlerLifeCycle: isMultiSplitHandlerRequested: windowingMode=1 isFullscreen=true isPopOver=false isHidden=false skipActivityType=false isHandlerType=true this: DecorView@b8b5a89[AddActivity]
10-04 17:30:17.380  2260  2365 I DisplayController: Update info Point(1080, 2199)-1080x2316, Point(2241, 970)-2316x1080, 0, 384x781, handleInfoChange end 4
10-04 17:30:17.381  1683  1683 D DisplayLifecycle: updateDisplay id = 0
10-04 17:30:17.383 31596 31596 E xample.techdem: No implementation found for int com.example.techdemo.NativeLibrary.NativeLibraryAdd(int, int) (tried Java_com_example_techdemo_NativeLibrary_NativeLibraryAdd and Java_com_example_techdemo_NativeLibrary_NativeLibraryAdd__II)
10-04 17:30:17.384 31596 31596 D AndroidRuntime: Shutting down VM
--------- beginning of crash
10-04 17:30:17.386 31596 31596 E AndroidRuntime: FATAL EXCEPTION: main
10-04 17:30:17.386 31596 31596 E AndroidRuntime: Process: com.example.techdemo, PID: 31596
10-04 17:30:17.386 31596 31596 E AndroidRuntime: java.lang.UnsatisfiedLinkError: No implementation found for int com.example.techdemo.NativeLibrary.NativeLibraryAdd(int, int) (tried Java_com_example_techdemo_NativeLibrary_NativeLibraryAdd and Java_com_example_techdemo_NativeLibrary_NativeLibraryAdd__II)
10-04 17:30:17.386 31596 31596 E AndroidRuntime: 	at com.example.techdemo.NativeLibrary.NativeLibraryAdd(Native Method)
10-04 17:30:17.386 31596 31596 E AndroidRuntime: 	at com.example.techdemo.NativeLibrary.NativeAdd(NativeLibrary.java:7)
10-04 17:30:17.386 31596 31596 E AndroidRuntime: 	at com.example.techdemo.AddActivity$1.onClick(AddActivity.java:51)
10-04 17:30:17.386 31596 31596 E AndroidRuntime: 	at android.view.View.performClick(View.java:7792)
10-04 17:30:17.386 31596 31596 E AndroidRuntime: 	at android.widget.TextView.performClick(TextView.java:16112)
10-04 17:30:17.386 31596 31596 E AndroidRuntime: 	at android.view.View.performClickInternal(View.java:7769)
10-04 17:30:17.386 31596 31596 E AndroidRuntime: 	at android.view.View.access$3800(View.java:910)
10-04 17:30:17.386 31596 31596 E AndroidRuntime: 	at android.view.View$PerformClick.run(View.java:30218)
10-04 17:30:17.386 31596 31596 E AndroidRuntime: 	at android.os.Handler.handleCallback(Handler.java:938)
10-04 17:30:17.386 31596 31596 E AndroidRuntime: 	at android.os.Handler.dispatchMessage(Handler.java:99)
10-04 17:30:17.386 31596 31596 E AndroidRuntime: 	at android.os.Looper.loopOnce(Looper.java:226)
10-04 17:30:17.386 31596 31596 E AndroidRuntime: 	at android.os.Looper.loop(Looper.java:313)
10-04 17:30:17.386 31596 31596 E AndroidRuntime: 	at android.app.ActivityThread.main(ActivityThread.java:8751)
10-04 17:30:17.386 31596 31596 E AndroidRuntime: 	at java.lang.reflect.Method.invoke(Native Method)
10-04 17:30:17.386 31596 31596 E AndroidRuntime: 	at com.android.internal.os.RuntimeInit$MethodAndArgsCaller.run(RuntimeInit.java:571)
10-04 17:30:17.386 31596 31596 E AndroidRuntime: 	at com.android.internal.os.ZygoteInit.main(ZygoteInit.java:1135)
10-04 17:30:17.390  1268 31705 I DropBoxManagerService: add tag=data_app_crash isTagEnabled=true flags=0x2
10-04 17:30:17.392  1268  3964 D Debug   : low && ship && 3rdparty app crash, do not dump
10-04 17:30:17.392  1268  3964 W ActivityManager: crash : com.example.techdemo,10416
10-04 17:30:17.393  1268  3964 W ContextImpl: Calling a method in the system process without a qualified user: android.app.ContextImpl.sendBroadcast:1242 com.android.server.am.AppErrors.crashApplicationInner:723 com.android.server.am.AppErrors.crashApplication:584 com.android.server.am.ActivityManagerService.handleApplicationCrashInner:9745 com.android.server.am.ActivityManagerService.handleApplicationCrash:9624 
10-04 17:30:17.393  1268  3964 W ActivityTaskManager:   Force finishing activity com.example.techdemo/.AddActivity
10-04 17:30:17.394  1268  3964 W WindowManager: Prepare app transition: mNextAppTransitionRequests=[TRANSIT_CLOSE], mNextAppTransitionFlags=TRANSIT_FLAG_APP_CRASHED, displayId: 0 Callers=com.android.server.wm.DisplayContent.prepareAppTransition:6369 com.android.server.wm.Task.finishTopCrashedActivityLocked:8868 com.android.server.wm.RootWindowContainer.lambda$finishTopCrashedActivities$20:2781 com.android.server.wm.RootWindowContainer$$ExternalSyntheticLambda30.accept:10 com.android.server.wm.Task.forAllTasks:5181 
10-04 17:30:17.394  1268  3964 W WindowManager: Prepare app transition: mNextAppTransitionRequests=[TRANSIT_CLOSE, TRANSIT_CLOSE], mNextAppTransitionFlags=TRANSIT_FLAG_APP_CRASHED, displayId: 0 Callers=com.android.server.wm.DisplayContent.prepareAppTransition:6369 com.android.server.wm.DisplayContent.requestTransitionAndLegacyPrepare:6384 com.android.server.wm.Task.finishTopCrashedActivityLocked:8869 com.android.server.wm.RootWindowContainer.lambda$finishTopCrashedActivities$20:2781 com.android.server.wm.RootWindowContainer$$ExternalSyntheticLambda30.accept:10 
10-04 17:30:17.394  1268  3964 W WindowManager: Prepare app transition: mNextAppTransitionRequests=[TRANSIT_CLOSE, TRANSIT_CLOSE, TRANSIT_CLOSE], mNextAppTransitionFlags=TRANSIT_FLAG_APP_CRASHED, displayId: 0 Callers=com.android.server.wm.DisplayContent.prepareAppTransition:6369 com.android.server.wm.DisplayContent.prepareAppTransition:6364 com.android.server.wm.ActivityRecord.finishIfPossible:3644 com.android.server.wm.ActivityRecord.finishIfPossible:3450 com.android.server.wm.Task.finishTopCrashedActivityLocked:8870 
10-04 17:30:17.399 31596 31596 I Process : Sending signal. PID: 31596 SIG: 9
10-04 17:30:17.399  1268  1320 W BroadcastQueue: Background execution not allowed: receiving Intent { act=android.intent.action.DROPBOX_ENTRY_ADDED flg=0x10 (has extras) } to com.google.android.gms/.stats.service.DropBoxEntryAddedReceiver
10-04 17:30:17.400  1268  1320 W BroadcastQueue: Background execution not allowed: receiving Intent { act=android.intent.action.DROPBOX_ENTRY_ADDED flg=0x10 (has extras) } to com.google.android.gms/.chimera.GmsIntentOperationService$PersistentTrustedReceiver
10-04 17:30:17.401  4011  4011 W DMASA[D]: [DropBoxReceiverManager]Diagnostic is not agreed
10-04 17:30:17.408  1268  1268 I WindowManager: Reparenting to leash, surface=Surface(name=694e3a4 Toast)/@0xf3d430e, leashParent=Surface(name=WindowToken{da7bff8 android.os.Binder@7170b5b})/@0x258012f
10-04 17:30:17.408   914   985 I SurfaceFlinger: id=17791 createSurf (0x0),-1 flag=24000, Surface(name=694e3a4 Toast)/@0xf3d430e - animation-leash of window_animation#0
10-04 17:30:17.410  1268  1822 D InputDispatcher: Focus left window (0): 871728 com.example.techdemo/com.example.techdemo.AddActivity
10-04 17:30:17.410  4083  4083 I SDHMS:BarTender:Gatherer:AppError: update AppError : uid=10416, pkg=com.example.techdemo, errorType=crash
10-04 17:30:17.411  1683  1924 D OpenGLRenderer: setSurface called with nullptr
10-04 17:30:17.411  1683  1924 D OpenGLRenderer: setSurface() destroyed EGLSurface
10-04 17:30:17.411  1683  1924 D OpenGLRenderer: destroyEglSurface
10-04 17:30:17.412  1268  1268 D WindowManager: makeSurface duration=4 leash=Surface(name=Surface(name=694e3a4 Toast)/@0xf3d430e - animation-leash of window_animation)/@0x5b47765
10-04 17:30:17.414  1683  1683 I ViewRootImpl@4afad1a[Toast]: DirectWriting, detachedFromWindow, clear editTexts
10-04 17:30:17.415  1683  1683 I ViewRootImpl@4afad1a[Toast]: dispatchDetachedFromWindow
