10-04 17:30:15.262   914   914 D SurfaceFlinger:  SOLID_COLOR |              | 0000 |  Unknown  |    0.0    0.0    0.0    0.0 |    0    0 1080 2308 | Dim Layer for - ActivityRecord{10c7e[...]ainActivity t5514} - animating-dim#0
10-04 17:30:15.262   914   914 D SurfaceFlinger:      DEVICE | 0xb400007c6ee09690 | 0102 | RGBA_8888    |    0.0    0.0 1080.0 1927.0 |    0  389 1080 2316 | com.example.techdemo/com.example.techdemo.AddActivity$_31596#0
10-04 17:30:15.262   914   914 D SurfaceFlinger:      DEVICE | 0xb400007c6ee11810 | 0100 | RGBA_8888    |    0.0    0.0 1080.0   75.0 |    0    0 1080   75 | StatusBar$_1683#0
10-04 17:30:15.262   914   914 D SurfaceFlinger:      DEVICE | 0xb400007c6edfe090 | 0100 | RGBA_8888    |    0.0    0.0   67.0  342.0 | 1013  416 1080  758 | com.samsung.android.app.cocktailbars[...]arservice.CocktailBarService$_9298#0
10-04 17:30:15.262   914   914 D SurfaceFlinger:      DEVICE | 0xb400007c6edf4150 | 0100 | RGBA_8888    |    0.0    0.0  420.0  124.0 |  330 1970  750 2094 | Toast$_1683#0
10-04 17:30:15.262   914   914 D SurfaceFlinger:      DEVICE | 0xb40000
10-04 17:30:15.262   914   914 D SurfaceFlinger: 7c6ee135d0 | 0100 | RGBA_8888    |    0.0    0.0 1080.0  135.0 |    0 2181 1080 2316 | NavigationBar0$_1683#0
10-04 17:30:15.262   914   914 D SurfaceFlinger: 
10-04 17:30:15.317  1268  1312 I GestureDetector: handleMessage TAP
10-04 17:30:15.318  1268  1268 I GestureDetector: handleMessage TAP
10-04 17:30:15.361   828   884 D BatteryDump: wait_for_battery_event : occurred : change@/devices/platform/samsung_mobile_device/samsung_mobile_device:battery/power_supply/battery 
10-04 17:30:15.365   828   884 E BatteryDump: !@new_battery_dump : 4180,5,800,1500,84,269,261,255,269,0,281,Charging,Normal,Good,USB_CDP,2,Normal,0,0,8606,0,159,FG LOG
10-04 17:30:15.368   839 31595 I HYPER-HAL: [RequestManager.cpp]releaseLocked(): Released ID : 8411169
10-04 17:30:15.374   828   828 I android.hardware.health@2.1-service-samsung: updateLrpSysfs: write: 283
10-04 17:30:15.375  1268  1800 D BatteryService: Sending ACTION_BATTERY_CHANGED. scale:100, info:{.chargerAcOnline = false, .chargerUsbOnline = true, .chargerWirelessOnline = false, .maxChargingCurrent = 0, .maxChargingVoltage = 0, .batteryStatus = CHARGING, .batteryHealth = GOOD, .batteryPresent = true, .batteryLevel = 84, .batteryVoltage = 4180, .batteryTemperature = 269, .batteryCurrent = 353, .batteryCycleCount = 0, .batteryFullCharge = 5000000, .batteryChargeCounter = 3836300, .batteryTechnology = Li-ion}
10-04 17:30:15.375  1268  1800 D BatteryService: online:5, current avg:443, charge type:1, POGO powered:false, power sharing:false, high voltage charger:false, charger_type:0, capacity:280000, misc_event:0x10000, current_event:0x8000, current_now:353
10-04 17:30:15.376  1268  1448 D MotionRecognitionService: [SAR]  onReceive : ACTION_BATTERY_CHANGED, Plugged: 2
10-04 17:30:15.376  1268  1448 I MotionRecognitionService: [TA] In/out: true, curr state: 1
10-04 17:30:15.377  1683  1683 I PowerUI : mBootCompleted = true |  mFullyConnected = true
10-04 17:30:15.378  1683  1683 I PowerUI : BATTERY_HEALTH_CHECK extraHealth=2 mBatteryMiscEvent=65536
10-04 17:30:15.378  1683  1683 D PowerUI : priorPlugType = 2 mPlugType = 2 priorBatteryStatus = 2 mBatteryStatus = 2
10-04 17:30:15.377  1635  1635 D SemBigDataInfoController: Intent : android.intent.action.BATTERY_CHANGED
10-04 17:30:15.378  1683  1683 I PowerUI : oldMisalign : false, curMisalign : false
10-04 17:30:15.378  1635  1635 D SemBigDataInfoController: Intent : android.intent.action.BATTERY_CHANGED
10-04 17:30:15.378  1268  1268 D PhoneWindowManagerExt: ACTION_BATTERY_CHANGED - Level=84, status=2
10-04 17:30:15.379  1268  1268 D SemWifiApBroadcastReceiver: Received : android.intent.action.BATTERY_CHANGED
10-04 17:30:15.379  1683  1683 D PowerUI.Notification: showChargingNotice oldChargingType : 1 currentChargingType : 1 oldChargingTime : 150000 mChargingTime : 150000
10-04 17:30:15.379  1683  1683 D PowerUI.Notification: There is no change about charging status, so return!
10-04 17:30:15.379  1683  1683 D PowerUI : Battery swelling mode - priorBatterySwellingMode = 0 mBatterySwellingMode = 0 mBatteryStatus = 2
10-04 17:30:15.379  1683  1683 I PowerUI : mBatteryMiscEvent = 65536
10-04 17:30:15.379  1268  1268 D AdaptiveBrightnessLongtermModelBuilder: Received android.intent.action.BATTERY_CHANGED
10-04 17:30:15.379  1683  1683 D KeyguardUpdateMonitor: received broadcast android.intent.action.BATTERY_CHANGED
10-04 17:30:15.379 12950 12950 I [SC]BatteryMonitorReceiverImpl: onReceive: android.intent.action.BATTERY_CHANGED
10-04 17:30:15.379  1683  2937 D PowerUI.Notification: 1. restoreScreenTimeOut - saved_value : :
10-04 17:30:15.379  1683  2937 E PowerUI.Notification: no saved value, so we do nothing !!
10-04 17:30:15.380  1683  1683 I AODBatteryManager: updateBatteryData: ACTION_BATTERY_CHANGED
10-04 17:30:15.380  1683  1683 I AODBatteryManager: saveBatteryData : AOD BatteryData [mBatteryLevel=84, mBatteryStatus=CHARGING, mBatteryPlugType=USB, mBatteryPlugged=true, mRemainingChargeTime=150000, mBatteryChargingType=1, mBatteryChargerType=NORMAL, mBatteryOnline=NOT_DEFINED, mBatterySwellingMode=NONE, mBatteryProtectMode=false]
10-04 17:30:15.381  1683  1683 D KeyguardUpdateMonitor: handleBatteryUpdate
10-04 17:30:15.382  1683  1683 D QS      : setQSExpansion 0.0 -142.45
10-04 17:30:15.384  1683  1683 D QS      : setQSExpansion 0.0 -142.45
10-04 17:30:15.384  1683  1683 V SecQSFragmentAnimatorBase: setQsExpansionPosition 0.0
10-04 17:30:15.384  1683  1683 V QsExpandAnimator: setQsExpansionPosition 0.0 0
10-04 17:30:15.384  1683  1683 D QS      : setQSExpansion 0.0 -142.45
10-04 17:30:15.385  1683  1683 D IndicatorGardenInputProperty: updateRotation() prv:-1 >> new:0
10-04 17:30:15.385  1683  1683 D DeviceState: getDeviceResolutionPixelSize - currentDensity = 450 deviceDensity = 450 initialDisplaySizeFactor = 1440 currentDisplaySizeFactor = 1080 initialDisplayDensity = 600 proportionalDensity = 450 proportionalPixel = 42
10-04 17:30:15.385  1683  1683 D DeviceState: getDeviceResolutionPixelSize - currentDensity = 450 deviceDensity = 450 initialDisplaySizeFactor = 1440 currentDisplaySizeFactor = 1080 initialDisplayDensity = 600 proportionalDensity = 450 proportionalPixel = 27
10-04 17:30:15.385  1683  1683 D DeviceState: getDeviceResolutionPixelSize - currentDensity = 450 deviceDensity = 450 initialDisplaySizeFactor = 1440 currentDisplaySizeFactor = 1080 initialDisplayDensity = 600 proportionalDensity = 450 proportionalPixel = 18
10-04 17:30:15.408   618   618 D io_stats: !@   8,0 r 3907900 94625133 w 3568950 34829664 d 1037142 125636528 f 0 314064 iot 3297860 0 th 0 0 0 pt 0 inp 0 0 53159.890
10-04 17:30:15.432  9298  9298 I Utils   : isCurrentUser current = 0, ownerId = 0
10-04 17:30:15.433  9298  9298 I TrayVisibilityController: getComputedTrayVisible : keyguardState = 1
10-04 17:30:15.433  9298  9298 I TrayVisibilityController: updateTrayVisible: State=1 visible=1 mCurrentVisible=1 specificMode=0
10-04 17:30:15.433  9298  9298 I TrayStateController: onNotifyUpdateTray: state=0
10-04 17:30:15.538 13897 13969 I BSD_SERVICE: BatteryData{userSoc=84.0, voltage=4.179999828338623, current=0.37968701124191284, chargingStatus='2', timeStamp='1664893815538'}
10-04 17:30:15.539   839 31671 I HYPER-HAL: [RequestManager.cpp]releaseLocked(): Released ID : 832717
10-04 17:30:15.540  1268  1315 I WindowManager: Reparenting to original parent: Surface(name=ActivityRecord{10c7e2 u0 com.example.techdemo/.MainActivity t5514})/@0x39b45d9, destroy=true, surface=Surface(name=Dim Layer for - ActivityRecord{10c7e2 u0 com.example.techdemo/.MainActivity t5514} - animating-dim)/@0x851941f
10-04 17:30:15.556   914   914 I Layer   : id=17784 removeFromCurrentState Surface(name=Dim Layer for - ActivityRecord{10c7e2 u0 com.example.techdemo/.MainActivity t5514} - animating-dim)/@0x851941f - animation-leash of dimmer#0 (131)
10-04 17:30:15.556   914   914 I SurfaceFlinger: id=17784 Removed Surface(name=Dim Layer for - ActivityRecord{10c7e2 u0 com.example.techdemo/.MainActivity t5514} - animating-dim)/@0x851941f - animation-leash of dimmer#0 (131)
10-04 17:30:15.557   914   914 I Layer   : id=17784 Destroyed Surface(name=Dim Layer for - ActivityRecord{10c7e2 u0 com.example.techdemo/.MainActivity t5514} - animating-dim)/@0x851941f - animation-leash of dimmer#0
10-04 17:30:15.574  1268  1578 I SemWifiEleStateTracker: Ele Parameters BD : 11 10 11 10 9 11 MD : -110 -110 -110 -110 -110 -110 WD : -58 -58 -57 -57 -57 -57 GC : false false false false false false SC : false false false false false false SH : false false false false false false TB : false false false false false false
10-04 17:30:15.620   914   914 D SurfaceFlinger: Display 4633128672291735999 HWC layers:
10-04 17:30:15.620   914   914 D SurfaceFlinger:      DEVICE | 0xb400007c6ee09690 | 0102 | RGBA_8888    |    0.0    0.0 1080.0 2316.0 |    0    0 1080 2316 | com.example.techdemo/com.example.techdemo.AddActivity$_31596#0
10-04 17:30:15.620   914   914 D SurfaceFlinger:      DEVICE | 0xb400007c6ee158d0 | 0100 | RGBA_8888    |    0.0    0.0 1080.0   75.0 |    0    0 1080   75 | StatusBar$_1683#0
10-04 17:30:15.620   914   914 D SurfaceFlinger:      DEVICE | 0xb400007c6edfe090 | 0100 | RGBA_8888    |    0.0    0.0   67.0  342.0 | 1013  416 1080  758 | com.samsung.android.app.cocktailbars[...]arservice.CocktailBarService$_9298#0
10-04 17:30:15.620   914   914 D SurfaceFlinger:      DEVICE | 0xb400007c6edf4150 | 0100 | RGBA_8888    |    0.0    0.0  420.0  124.0 |  330 1970  750 2094 | Toast$_1683#0
10-04 17:30:15.620   914   914 D SurfaceFlinger:      DEVICE | 0xb400007c6ee135d0 | 0100 | RGBA_8888    |    0.0    0.0 1080.0  135.0 |    0 2181 1080 2316 | NavigationBar0$_1683#0
10-04 17:30:15.620   914   914 D SurfaceFlinger: 
10-04 17:30:15.632  1268  1315 I WindowManager: Reparenting to original parent: Surface(name=Task=5514)/@0x65ccfa7, destroy=true, surface=Surface(name=ActivityRecord{10c7e2 u0 com.example.techdemo/.MainActivity t5514})/@0x39b45d9
10-04 17:30:15.632  1268  1315 D WindowManager: clearDimAnimation owner = ActivityRecord{10c7e2 u0 com.example.techdemo/.MainActivity t5514}, caller=com.android.server.wm.WindowContainer.onAnimationLeashLost:3129 com.android.server.wm.ActivityRecord.onAnimationLeashLost:7897 com.android.server.wm.SurfaceAnimator.removeLeash:426 
10-04 17:30:15.633  1268  1315 V WindowManager: Setting visibility of Window{b08aa25 u0 com.example.techdemo/com.example.techdemo.MainActivity}: false, caller=com.android.server.wm.WindowContainer.sendAppVisibilityToClients:1110 com.android.server.wm.WindowToken.setClientVisible:448 com.android.server.wm.ActivityRecord.setClientVisible:7034 com.android.server.wm.ActivityRecord.onAnimationFinished:7921 com.android.server.wm.WindowContainer$$ExternalSyntheticLambda0.onAnimationFinished:2 
10-04 17:30:15.633  1268  1315 I WindowManager: Reparenting to original parent: Surface(name=Task=5514)/@0x65ccfa7, destroy=true, surface=Surface(name=ActivityRecord{2150336 u0 com.example.techdemo/.AddActivity t5514})/@0xf6be817
10-04 17:30:15.633 31596 31596 I ViewRootImpl@827bdd7[MainActivity]: handleAppVisibility mAppVisible=true visible=false
10-04 17:30:15.640   914   914 I Layer   : id=17782 removeFromCurrentState Surface(name=ActivityRecord{10c7e2 u0 com.example.techdemo/.MainActivity t5514})/@0x39b45d9 - animation-leash of app_transition#0 (130)
10-04 17:30:15.640   914   914 I Layer   : id=17783 removeFromCurrentState Dim Layer for - ActivityRecord{10c7e2 u0 com.example.techdemo/.MainActivity t5514} - animating-dim#0 (130)
10-04 17:30:15.640   914   914 I Layer   : id=17785 removeFromCurrentState Surface(name=ActivityRecord{10c7e2 u0 com.example.techdemo/.MainActivity t5514})/@0x39b45d9 - animation-bounds#0 (130)
10-04 17:30:15.640   914   914 I Layer   : id=17786 removeFromCurrentState Surface(name=ActivityRecord{2150336 u0 com.example.techdemo/.AddActivity t5514})/@0xf6be817 - animation-leash of app_transition#0 (130)
10-04 17:30:15.640   914   914 I Layer   : id=17787 removeFromCurrentState Surface(name=ActivityRecord{2150336 u0 com.example.techdemo/.AddActivity t5514})/@0xf6be817 - animation-bounds#0 (130)
10-04 17:30:15.641   914   914 I SurfaceFlinger: id=17783 Removed Dim Layer for - ActivityRecord{10c7e2 u0 com.example.techdemo/.MainActivity t5514} - animating-dim#0 (130)
10-04 17:30:15.641   914   914 I SurfaceFlinger: id=17785 Removed Surface(name=ActivityRecord{10c7e2 u0 com.example.techdemo/.MainActivity t5514})/@0x39b45d9 - animation-bounds#0 (130)
10-04 17:30:15.641   914   914 I SurfaceFlinger: id=17787 Removed Surface(name=ActivityRecord{2150336 u0 com.example.techdemo/.AddActivity t5514})/@0xf6be817 - animation-bounds#0 (130)
10-04 17:30:15.641   914   914 I SurfaceFlinger: id=17786 Removed Surface(name=ActivityRecord{2150336 u0 com.example.techdemo/.AddActivity t5514})/@0xf6be817 - animation-leash of app_transition#0 (130)
10-04 17:30:15.641   914   914 I SurfaceFlinger: id=17782 Removed Surface(name=ActivityRecord{10c7e2 u0 com.example.techdemo/.MainActivity t5514})/@0x39b45d9 - animation-leash of app_transition#0 (130)
10-04 17:30:15.641  1268  1315 I WindowManager: Reparenting to original parent: Surface(name=WindowToken{da7bff8 android.os.Binder@7170b5b})/@0x258012f, destroy=true, surface=Surface(name=694e3a4 Toast)/@0xf3d430e
10-04 17:30:15.641   914   914 I Layer   : id=17783 Destroyed Dim Layer for - ActivityRecord{10c7e2 u0 com.example.techdemo/.MainActivity t5514} - animating-dim#0
10-04 17:30:15.642 31596 31619 D OpenGLRenderer: setSurface called with nullptr
10-04 17:30:15.642   914   914 I Layer   : id=17785 Destroyed Surface(name=ActivityRecord{10c7e2 u0 com.example.techdemo/.MainActivity t5514})/@0x39b45d9 - animation-bounds#0
10-04 17:30:15.642 31596 31619 D OpenGLRenderer: setSurface() destroyed EGLSurface
10-04 17:30:15.642   914   914 I Layer   : id=17782 Destroyed Surface(name=ActivityRecord{10c7e2 u0 com.example.techdemo/.MainActivity t5514})/@0x39b45d9 - animation-leash of app_transition#0
10-04 17:30:15.642   914   914 I Layer   : id=17787 Destroyed Surface(name=ActivityRecord{2150336 u0 com.example.techdemo/.AddActivity t5514})/@0xf6be817 - animation-bounds#0
10-04 17:30:15.642   914   914 I Layer   : id=17786 Destroyed Surface(name=ActivityRecord{2150336 u0 com.example.techdemo/.AddActivity t5514})/@0xf6be817 - animation-leash of app_transition#0
10-04 17:30:15.642 31596 31619 D OpenGLRenderer: destroyEglSurface
10-04 17:30:15.646  1268  3964 V WindowManager: Relayout Window{b08aa25 u0 com.example.techdemo/com.example.techdemo.MainActivity}: viewVisibility=8 req=1080x2316 d0
10-04 17:30:15.648   914   914 I Layer   : id=17777 removeFromCurrentState Surface(name=694e3a4 Toast)/@0xf3d430e - animation-leash of window_animation#0 (125)
10-04 17:30:15.648  1268  3964 V WindowManager: Relayout hash=b08aa25, pid=31596: mAttrs={(0,0)(fillxfill) sim={adjust=pan forwardNavigation} ty=BASE_APPLICATION wanim=0x1030303
10-04 17:30:15.648  1268  3964 V WindowManager:   fl=81810100
10-04 17:30:15.648  1268  3964 V WindowManager:   pfl=12020040
10-04 17:30:15.648  1268  3964 V WindowManager:   apr=LIGHT_NAVIGATION_BARS
10-04 17:30:15.648  1268  3964 V WindowManager:   bhv=DEFAULT
10-04 17:30:15.648  1268  3964 V WindowManager:   fitSides= naviIconColor=0
10-04 17:30:15.648  1268  3964 V WindowManager:   sfl=100000}
10-04 17:30:15.648   914   914 I SurfaceFlinger: id=17777 Removed Surface(name=694e3a4 Toast)/@0xf3d430e - animation-leash of window_animation#0 (125)
10-04 17:30:15.649   914   914 I Layer   : id=17777 Destroyed Surface(name=694e3a4 Toast)/@0xf3d430e - animation-leash of window_animation#0
10-04 17:30:15.651 31596 31596 I ViewRootImpl@827bdd7[MainActivity]: Relayout returned: old=(0,0,1080,2316) new=(0,0,1080,2316) req=(1080,2316)8 dur=4 res=0x5 s={false 0} ch=true fn=46
10-04 17:30:15.653 31596 31596 I ViewRootImpl@827bdd7[MainActivity]: stopped(true) old=false
10-04 17:30:15.656 31596 31596 I MSHandlerLifeCycle: isMultiSplitHandlerRequested: windowingMode=1 isFullscreen=true isPopOver=false isHidden=false skipActivityType=false isHandlerType=true this: DecorView@6c7e50e[MainActivity]
10-04 17:30:15.656 31596 31596 I MSHandlerLifeCycle: removeMultiSplitHandler: no exist. decor=DecorView@6c7e50e[MainActivity]
10-04 17:30:15.666  1268  1954 E WindowManager: win=Window{b08aa25 u0 com.example.techdemo/com.example.techdemo.MainActivity} destroySurfaces: appStopped=true win.mWindowRemovalAllowed=false win.mRemoveOnExit=false win.mViewVisibility=8 caller=com.android.server.wm.ActivityRecord.destroySurfaces:5867 com.android.server.wm.ActivityRecord.destroySurfaces:5848 com.android.server.wm.ActivityRecord.notifyAppStopped:5912 com.android.server.wm.ActivityRecord.activityStopped:6554 com.android.server.wm.ActivityClientController.activityStopped:254 android.app.IActivityClientController$Stub.onTransact:596 com.android.server.wm.ActivityClientController.onTransact:130 
10-04 17:30:15.666  1268  1954 I WindowManager: Destroying surface Surface(name=com.example.techdemo/com.example.techdemo.MainActivity$_31596)/@0x998d9d2 called by com.android.server.wm.WindowStateAnimator.destroySurface:987 com.android.server.wm.WindowStateAnimator.destroySurfaceLocked:518 com.android.server.wm.WindowState.destroySurfaceUnchecked:4246 com.android.server.wm.WindowState.destroySurface:4220 com.android.server.wm.ActivityRecord.destroySurfaces:5867 com.android.server.wm.ActivityRecord.destroySurfaces:5848 com.android.server.wm.ActivityRecord.notifyAppStopped:5912 com.android.server.wm.ActivityRecord.activityStopped:6554 
10-04 17:30:15.673   914   914 I Layer   : id=17767 removeFromCurrentState com.example.techdemo/com.example.techdemo.MainActivity$_31596#0 (124)
10-04 17:30:15.673   914   914 I SurfaceFlinger: id=17767 Removed com.example.techdemo/com.example.techdemo.MainActivity$_31596#0 (124)
10-04 17:30:15.673   914   914 I Layer   : id=17767 Destroyed com.example.techdemo/com.example.techdemo.MainActivity$_31596#0
10-04 17:30:15.676  1268  1457 D InputReader: Btn_touch(12): value=1 when=53160.160541
10-04 17:30:15.676  1268  1457 I InputReader: Touch event's action is 0x0 (id=3, t=0) [pCnt=1, s=0.9180 ] when=53160.160541
10-04 17:30:15.677  1268  1456 I InputDispatcher: Delivering touch to (1683): action: 0x4, f=0x0, d=0, '6c7100d', t=1 
10-04 17:30:15.677  1268  1456 I InputDispatcher: Delivering touch to (31596): action: 0x0, f=0x0, d=0, '871728 ', t=1 
10-04 17:30:15.677 31596 31596 I ViewRootImpl@e1c0475[AddActivity]: ViewPostIme pointer 0
10-04 17:30:15.677 31596 31596 I MSHandlerLifeCycle: isMultiSplitHandlerRequested: windowingMode=1 isFullscreen=true isPopOver=false isHidden=false skipActivityType=false isHandlerType=true this: DecorView@b8b5a89[AddActivity]
10-04 17:30:15.679  1268  1954 I InputMethodManagerService: isInputMethodShown: isShown=false
10-04 17:30:15.681  4083  4083 I SemDvfsHyPerManager: acquire hyper - TABoost/4083@23, type = 1090523139
10-04 17:30:15.681   839   963 I HYPER-HAL: [RequestManager.cpp]acquire(): Acquired ID : 8431694  [4083 / 23]    HINT :      list : [TABoost / 1] [TIMEOUT / 1500] 
10-04 17:30:15.682  1268  1312 I GestureDetector: obtain mCurrentDownEvent. id: 1068704800 caller: com.android.server.wm.SystemGesturesPointerEventListener.onPointerEvent:179 com.android.server.wm.PointerEventDispatcher.onInputEvent:71 android.view.InputEventReceiver.dispatchInputEvent:259 
10-04 17:30:15.683  1268  1312 I GestureDetector: obtain mCurrentDownEvent. id: 1068704800 caller: com.android.server.wm.SystemPerformancePointerEventListener.onPointerEvent:89 com.android.server.wm.PointerEventDispatcher.onInputEvent:71 android.view.InputEventReceiver.dispatchInputEvent:259 
10-04 17:30:15.684  2260  2260 W TouchInteractionService: onInputEvent, inputConsumer = com.android.quickstep.-$$Lambda$InputConsumer$cayMJybMMyH-XvJ76yEWjWeqQUo@a1281e
10-04 17:30:15.693  1268  1312 I GestureDetector: obtain mCurrentMotionEventRaw. action: 2 id: 468933000
10-04 17:30:15.693  1268  1312 I GestureDetector: obtain mCurrentMotionEventRaw. action: 2 id: 468933000
10-04 17:30:15.706 31596 31596 I MSHandlerLifeCycle: isMultiSplitHandlerRequested: windowingMode=1 isFullscreen=true isPopOver=false isHidden=false skipActivityType=false isHandlerType=true this: DecorView@b8b5a89[AddActivity]
10-04 17:30:15.715 31596 31596 I MSHandlerLifeCycle: isMultiSplitHandlerRequested: windowingMode=1 isFullscreen=true isPopOver=false isHidden=false skipActivityType=false isHandlerType=true this: DecorView@b8b5a89[AddActivity]
10-04 17:30:15.723 31596 31596 I MSHandlerLifeCycle: isMultiSplitHandlerRequested: windowingMode=1 isFullscreen=true isPopOver=false isHidden=false skipActivityType=false isHandlerType=true this: DecorView@b8b5a89[AddActivity]
10-04 17:30:15.731 31596 31596 I MSHandlerLifeCycle: isMultiSplitHandlerRequested: windowingMode=1 isFullscreen=true isPopOver=false isHidden=false skipActivityType=false isHandlerType=true this: DecorView@b8b5a89[AddActivity]
10-04 17:30:15.740 31596 31596 I MSHandlerLifeCycle: isMultiSplitHandlerRequested: windowingMode=1 isFullscreen=true isPopOver=false isHidden=false skipActivityType=false isHandlerType=true this: DecorView@b8b5a89[AddActivity]
10-04 17:30:15.742  1268  1457 D InputReader: Btn_touch(12): value=0 when=53160.226381
10-04 17:30:15.742  1268  1457 I InputReader: Touch event's action is 0x1 (id=3, t=0) [pCnt=1, s=] when=53160.226381
10-04 17:30:15.742  1268  1456 I InputDispatcher: Delivering touch to (31596): action: 0x1, f=0x0, d=0, '871728 ', t=1 
10-04 17:30:15.742 31596 31596 I MSHandlerLifeCycle: isMultiSplitHandlerRequested: windowingMode=1 isFullscreen=true isPopOver=false isHidden=false skipActivityType=false isHandlerType=true this: DecorView@b8b5a89[AddActivity]
10-04 17:30:15.742  2260  2260 W TouchInteractionService: reset
10-04 17:30:15.743 31596 31596 I ViewRootImpl@e1c0475[AddActivity]: ViewPostIme pointer 1
10-04 17:30:15.743 31596 31596 I MSHandlerLifeCycle: isMultiSplitHandlerRequested: windowingMode=1 isFullscreen=true isPopOver=false isHidden=false skipActivityType=false isHandlerType=true this: DecorView@b8b5a89[AddActivity]
10-04 17:30:15.748  1268  1314 D SGM:GameManager: identifyForegroundApp. com.example.techdemo, mCurrentUserId: 0, callerUserId: 0
10-04 17:30:15.748  1268  1314 D SGM:PkgDataHelper: getGamePkgData(). com.example.techdemo
10-04 17:30:15.748  1268  1314 D SGM:SemGameManager: isForegroundGame(), ret=false
10-04 17:30:15.753 31596 31596 D InputMethodManager: startInputInner - Id : 0
10-04 17:30:15.753 31596 31596 I InputMethodManager: startInputInner - mService.startInputOrWindowGainedFocus
10-04 17:30:15.754  1268  1954 D InputMethodManagerService: mSecureKeypadEnabled = false
10-04 17:30:15.754  1268  1954 V InputMethodManagerService: startInputOrWindowGainedFocusInternalLocked: reason=CHECK_FOCUS clientState=a5ecb9b attribute=android.view.inputmethod.EditorInfo@b966159 startInputFlags=VIEW_HAS_FOCUS|IS_TEXT_EDITOR|INITIAL_CONNECTION softInputMode=STATE_UNSPECIFIED|ADJUST_PAN windowFlags=#81810100 sameWindowFocused=true
10-04 17:30:15.755  1268  1954 D InputMethodManagerService: DESKTOP MODE! : 2
10-04 17:30:15.755  1268  1954 D InputMethodManagerService: NOT IN KNOX DESKTOP MODE!
10-04 17:30:15.755  1268  1954 V InputMethodManagerService: getDisplayIdOfInputMethodWindowToBeAdded : 0
10-04 17:30:15.755  1268  1954 D InputMethodManagerService: checkDisplayOfStartInputAndUpdateKeyboard display Id 0last 0
10-04 17:30:15.755  1268  1954 D InputTransport: Input channel constructed: 'ClientS', fd=973
10-04 17:30:15.755  1268  1954 D InputTransport: Input channel destroyed: 'ClientS', fd=973
10-04 17:30:15.756  1268  1268 W WindowManager: removeWindowToken: Attempted to remove non-existing token: android.os.Binder@7ba5ba0
10-04 17:30:15.756 31596 31596 D CompatibilityChangeReporter: Compat change id reported: 163400105; UID 10416; state: ENABLED
10-04 17:30:15.756 31596 31596 I IMM_LC  : showSoftInput(View,I)
10-04 17:30:15.756 31596 31596 I IMM_LC  : ssi() - flag : 0 view : com.example.techdemo reason = SHOW_SOFT_INPUT
10-04 17:30:15.756 22660 22660 I GoogleInputMethodService: GoogleInputMethodService.onFinishInput():3274 
10-04 17:30:15.756  1268  1954 V InputMethodManagerService: Client requesting input be shown, flags : 0
10-04 17:30:15.756  1268  1954 D InputMethodManagerService: ACCESS_CONTROL_ENABLED = false, ACCESS_CONTROL_KEYBOARD_BLOCK = true
10-04 17:30:15.756  1268  1954 D InputMethodManagerService: showCurrentInputLocked: mCurToken=android.os.Binder@d96d362, showForced=false, showExplicitlyRequestedtrue
10-04 17:30:15.756  1268  1954 I InputMethodManagerService: Calling com.android.internal.view.IInputMethod$Stub$Proxy@1f6bd84.showSoftInput(android.os.Binder@76b8dff, 1, null) for reason: SHOW_SOFT_INPUT
10-04 17:30:15.757  1268  1954 D InputMethodManagerService: bindCurrentInputMethodServiceLocked: caller=com.android.server.inputmethod.InputMethodManagerService.showCurrentInputLocked:3732 com.android.server.inputmethod.InputMethodManagerService.showSoftInput:3627 com.android.internal.view.IInputMethodManager$Stub.onTransact:448 com.android.server.inputmethod.InputMethodManagerService.onTransact:2135 android.os.Binder.execTransactInternal:1215 android.os.Binder.execTransact:1179 <bottom of call stack> <bottom of call stack> <bottom of call stack> <bottom of call stack> 
10-04 17:30:15.757 22660 22660 I GoogleInputMethodService: GoogleInputMethodService.updateDeviceLockedStatus():2166 repeatCheckTimes = 0, unlocked = true
10-04 17:30:15.757 22660 22660 D InputMethodService: checkDisplayOfStartInputAndUpdateKeyboard display Id 0last 0
10-04 17:30:15.759  1268  1954 I ActivityManager: Changes in 99034 7 to 5, 0 to 8
10-04 17:30:15.760  1268  1954 I ActivityManager: Changes in 10253 7 to 5, 0 to 15
10-04 17:30:15.760  1268  1954 I AppOps  : updateUidProcState uid: 10253 procState: 5 capability:15
10-04 17:30:15.760  1268  1954 I AppOps  : commitUidPendingStateLocked() :: UID - 10253, 600 > 500, 0 > 15
10-04 17:30:15.760  1268  1954 I ActivityManager: Changes in 10241 3 to 3, 8 to 15
10-04 17:30:15.760  1268  1954 I AppOps  : updateUidProcState uid: 10241 procState: 3 capability:15
10-04 17:30:15.760  1268  1954 I AppOps  : commitUidPendingStateLocked() :: UID - 10241, 500 > 500, 8 > 15
10-04 17:30:15.760  1268  1312 D NetworkPolicy: onUidStateChanged() uid: 99034, isForeground(true, 5)
10-04 17:30:15.760  1268  1312 D NetworkPolicy: onUidStateChanged() uid: 10253, isForeground(true, 5)
10-04 17:30:15.760  1268  1312 D NetworkPolicy: onUidStateChanged() uid: 10241, isForeground(true, 3)
10-04 17:30:15.760 31596 31596 D Editor  : waiting for the right moment
10-04 17:30:15.761  1665  1665 D HidDeviceService: handleMessage(): msg.what=8
10-04 17:30:15.761  1665  1665 D HidDeviceService: handleMessage(): msg.what=8
10-04 17:30:15.768 31596 31596 I AssistStructure: Flattened final assist data: 2552 bytes, containing 1 windows, 21 views
10-04 17:30:15.768  1268  1954 D ContentCapturePerUserService: Notified activity assist data for activity: Token{eba7cd1 ActivityRecord{2150336 u0 com.example.techdemo/.AddActivity t5514}} without a session Id
10-04 17:30:15.769 22660 22660 I GoogleInputMethodService: GoogleInputMethodService.onStartInput():1957 onStartInput(EditorInfo{inputType=0x2002(Number) imeOptions=0x8000005 privateImeOptions=null actionName=NEXT actionLabel=null actionId=0 initialSelStart=0 initialSelEnd=0 initialCapsMode=0x2000 hintText=null label=null packageName=com.example.techdemo fieldId=-1 fieldName=null extras=Bundle[{android.support.text.emoji.emojiCompat_metadataVersion=8, android.support.text.emoji.emojiCompat_replaceAll=false, maxLength=5000, displayId=0}]}, false)
10-04 17:30:15.769 22660 22660 I GoogleInputMethodService: GoogleInputMethodService.shouldHideHeaderOnInitialState():4078 ShouldHideHeaderOnInitialState = false
10-04 17:30:15.770  3780  3780 I SSS:ContentCaptureService: onActivitySnapshot()
10-04 17:30:15.770 22660 22660 I GoogleInputMethodService: GoogleInputMethodService.updateDeviceLockedStatus():2166 repeatCheckTimes = 2, unlocked = true
10-04 17:30:15.771  1665  1665 D HidDeviceService: handleMessage(): msg.what=8
10-04 17:30:15.772 22660 22660 I InputMethod: showSoftInput(), flags : 1
10-04 17:30:15.772  1268  3964 I InputMethodManagerService: isAccessoryKeyboard 0
10-04 17:30:15.772 22660 22660 D InputMethodService: DESKTOP MODE! : 2
10-04 17:30:15.772 22660 22660 D InputMethodService: NOT IN KNOX DESKTOP MODE!
10-04 17:30:15.772 22660 22660 V InputMethodService: Showing window: showInput=true mShowInputRequested=false mViewsCreated=true mDecorViewVisible=false mWindowVisible=false mInputStarted=true mShowInputFlags=1
10-04 17:30:15.772 22660 22660 D InputMethodService: sendInputViewShownStateSSRM(): true
10-04 17:30:15.775  1665  1665 D HidDeviceService: handleMessage(): msg.what=8
10-04 17:30:15.775  1665  1665 D HidDeviceService: handleMessage(): msg.what=8
10-04 17:30:15.778 22660 22660 I DeviceModeUtil: DeviceModeUtil.getDeviceMode():121 Get device mode phone by ui mode:1 and smallestScreenWidthDp:384
10-04 17:30:15.778 22660 22660 W InputMethodService: Window size has been changed. This may cause jankiness of resizing window: -1 -> -2
10-04 17:30:15.778 22660 22660 I DecorView: notifyKeepScreenOnChanged: keepScreenOn=false
10-04 17:30:15.779 22660 22660 I MSHandlerLifeCycle: isMultiSplitHandlerRequested: ignored. pkg=com.google.android.inputmethod.latin isActivity=false callers=com.android.internal.policy.DecorView.hasMultiSplitHandlerInNonFreeformMode:891 com.android.internal.policy.DecorView.notifyKeepScreenOnChanged:885 android.view.ViewRootImpl.applyKeepScreenOnFlag:2945 android.view.ViewRootImpl.setLayoutParams:2108 android.view.WindowManagerGlobal.updateViewLayout:537 
10-04 17:30:15.779 22660 22660 I DecorView: notifyKeepScreenOnChanged: keepScreenOn=false
10-04 17:30:15.779 22660 22660 I MSHandlerLifeCycle: isMultiSplitHandlerRequested: ignored. pkg=com.google.android.inputmethod.latin isActivity=false callers=com.android.internal.policy.DecorView.hasMultiSplitHandlerInNonFreeformMode:891 com.android.internal.policy.DecorView.notifyKeepScreenOnChanged:885 android.view.ViewRootImpl.applyKeepScreenOnFlag:2945 android.view.ViewRootImpl.setLayoutParams:2108 android.view.WindowManagerGlobal.updateViewLayout:537 
10-04 17:30:15.779 22660 22660 I DecorView: notifyKeepScreenOnChanged: keepScreenOn=false
10-04 17:30:15.779 22660 22660 I MSHandlerLifeCycle: isMultiSplitHandlerRequested: ignored. pkg=com.google.android.inputmethod.latin isActivity=false callers=com.android.internal.policy.DecorView.hasMultiSplitHandlerInNonFreeformMode:891 com.android.internal.policy.DecorView.notifyKeepScreenOnChanged:885 android.view.ViewRootImpl.applyKeepScreenOnFlag:2945 android.view.ViewRootImpl.setLayoutParams:2108 android.view.WindowManagerGlobal.updateViewLayout:537 
10-04 17:30:15.779  1268  1954 I InputMethodManagerService: isAccessoryKeyboard 0
10-04 17:30:15.780 22660 22660 I GoogleInputMethodService: GoogleInputMethodService.onStartInputView():2075 onStartInputView(EditorInfo{inputType=0x2002(Number) imeOptions=0x8000005 privateImeOptions=null actionName=NEXT actionLabel=null actionId=0 initialSelStart=0 initialSelEnd=0 initialCapsMode=0x2000 hintText=null label=null packageName=com.example.techdemo fieldId=-1 fieldName=null extras=Bundle[{android.support.text.emoji.emojiCompat_metadataVersion=8, android.support.text.emoji.emojiCompat_replaceAll=false, maxLength=5000, displayId=0}]}, false)
10-04 17:30:15.780 22660 22660 I GoogleInputMethodService: GoogleInputMethodService.updateDeviceLockedStatus():2166 repeatCheckTimes = 2, unlocked = true
10-04 17:30:15.780 22660 22739 I DeviceModeUtil: DeviceModeUtil.getDeviceMode():121 Get device mode phone by ui mode:1 and smallestScreenWidthDp:384
10-04 17:30:15.781 22660 22660 I KeyboardViewUtil: KeyboardViewUtil.getKeyboardHeightRatio():159 systemKeyboardHeightRatio:1.000000; userKeyboardHeightRatio:1.000000.
10-04 17:30:15.782 22660 22660 I KeyboardViewUtil: KeyboardViewUtil.calculateMaxKeyboardBodyHeight():43 leave 352 height for app when screen height:2181, header height:124 and isFullscreenMode:false, so the max keyboard body height is:1705
10-04 17:30:15.782 22660 22660 W Keyboard: Keyboard.getKeyboardViewHelper():612 null helper is returned: keyboardDef=ibq{className=.latin.keyboard.LatinNumberKeyboard, id=#0x7f0b0649, initialStates=0, keyboardViewDefs=[icj{direction=LOCALE, id=#0x7f0b014b, isScalable=false, layoutId=#0x7f0e03f5, type=HEADER, touchable=true}, icj{direction=null, id=#0x7f0b014b, isScalable=true, layoutId=#0x7f0e043e, type=BODY, touchable=true}], keyTextSizeRatio=1.0, persistentStates=0, persistentStatesPrefKey=null, popupBubbleLayoutId=#0x7f0e04d2, recentKeyLayoutId=0, recentKeyPopupLayoutId=0, recentKeyType=null, rememberRecentKey=NONE, sessionStates=0}, type=FLOATING_CANDIDATES, helpersCreated=[hty@acc047, hty@a0db074, null], 
10-04 17:30:15.782 22660 22660 I DeviceModeUtil: DeviceModeUtil.getDeviceMode():121 Get device mode phone by ui mode:1 and smallestScreenWidthDp:384
10-04 17:30:15.782 22660 22660 I GoogleInputMethodService: GoogleInputMethodService.setKeyboardViewShown():3513 setKeyboardViewShown() : type = HEADER, shownType = HIDE
10-04 17:30:15.782 22660 22660 I GoogleInputMethodService: GoogleInputMethodService.setKeyboardViewShown():3560 setKeyboardViewShown() : shouldShow = false
10-04 17:30:15.782 22660 22660 I GoogleInputMethodService: GoogleInputMethodService.setKeyboardViewShown():3513 setKeyboardViewShown() : type = BODY, shownType = SHOW_MANDATORY
10-04 17:30:15.782 22660 22660 I GoogleInputMethodService: GoogleInputMethodService.setKeyboardViewShown():3560 setKeyboardViewShown() : shouldShow = true
10-04 17:30:15.783 22660 22660 W Keyboard: Keyboard.getKeyboardViewHelper():612 null helper is returned: keyboardDef=ibq{className=.latin.keyboard.LatinNumberKeyboard, id=#0x7f0b0649, initialStates=0, keyboardViewDefs=[icj{direction=LOCALE, id=#0x7f0b014b, isScalable=false, layoutId=#0x7f0e03f5, type=HEADER, touchable=true}, icj{direction=null, id=#0x7f0b014b, isScalable=true, layoutId=#0x7f0e043e, type=BODY, touchable=true}], keyTextSizeRatio=1.0, persistentStates=0, persistentStatesPrefKey=null, popupBubbleLayoutId=#0x7f0e04d2, recentKeyLayoutId=0, recentKeyPopupLayoutId=0, recentKeyType=null, rememberRecentKey=NONE, sessionStates=0}, type=FLOATING_CANDIDATES, helpersCreated=[hty@acc047, hty@a0db074, null], 
10-04 17:30:15.783 22660 22660 I GoogleInputMethodService: GoogleInputMethodService.setKeyboardViewShown():3513 setKeyboardViewShown() : type = FLOATING_CANDIDATES, shownType = HIDE
10-04 17:30:15.783 22660 22660 I GoogleInputMethodService: GoogleInputMethodService.setKeyboardViewShown():3560 setKeyboardViewShown() : shouldShow = false
10-04 17:30:15.783 22660 22660 I DeviceModeUtil: DeviceModeUtil.getDeviceMode():121 Get device mode phone by ui mode:1 and smallestScreenWidthDp:384
10-04 17:30:15.785 11183 11204 I [PASS][SPASS]EasySigninProvider: query called from com.samsung.android.samsungpassautofill
10-04 17:30:15.786 22660 22660 I DeviceModeUtil: DeviceModeUtil.getDeviceMode():121 Get device mode phone by ui mode:1 and smallestScreenWidthDp:384
10-04 17:30:15.786 22660 22660 I DeviceModeUtil: DeviceModeUtil.getDeviceMode():121 Get device mode phone by ui mode:1 and smallestScreenWidthDp:384
10-04 17:30:15.786 22660 22660 I KeyboardModeManager: KeyboardModeManager.setInputView():357 setInputView() : supportsOneHandedMode=true
10-04 17:30:15.786 22660 22660 I NormalModeController: NormalModeController.getKeyboardBodyViewHolderPaddingBottom():111 currentPrimeKeyboardType:SOFT systemPaddingBottom:-1
10-04 17:30:15.786 22660 22660 I AndroidIME: KeyboardViewManager.updateKeyboardBodyViewHolderPaddingBottom():604 Set finalPaddingBottom = 0 while keyboardBottomGapFromScreen = 0; navigationHeight = 135
10-04 17:30:15.786 22660 22660 I NormalModeController: NormalModeController.getKeyboardBodyViewHolderPaddingBottom():111 currentPrimeKeyboardType:SOFT systemPaddingBottom:-1
10-04 17:30:15.788 22660 22660 I AndroidIME: KeyboardViewManager.updateKeyboardBodyViewHolderPaddingBottom():604 Set finalPaddingBottom = 0 while keyboardBottomGapFromScreen = 0; navigationHeight = 135
10-04 17:30:15.788 22660 22660 I GoogleInputMethodService: GoogleInputMethodService.updateKeyboardModeManagerInputView():987 updateKeyboardModeManagerInputView() : entry=hrh{languageTag=uk, variant=ukrainian, hasLocalizedResources=true, conditionCacheKey=_device=phone_device_size=default_enable_adaptive_text_editing=false_enable_inline_suggestions_on_client_side=false_enable_large_tablet_batch_1=false_enable_more_candidates_view_for_multilingual=false_enable_nav_redesign=false_enable_number_row=true_enable_preemptive_decode=true_enable_secondary_symbols=false_keyboard_mode=normal_language=uk_orientation=portrait_show_suggestions=true_split_with_duplicate_keys=true_variant=ukrainian, imeDef.stringId=ime_ukrainian, imeDef.className=com.google.android.apps.inputmethod.libs.latin5.LatinIme, imeDef.languageTag=uk}
10-04 17:30:15.788 14551 14551 I [SPAF]DataSamsungPass: has DAL field in Pass DB
10-04 17:30:15.789 22660 22660 I CurrentMicStatusHolder: CurrentMicStatusHolder.onStartInputView():79 Current Mic status = {MicIconHidden-SettingOff,MicIconHidden-PasswordOrNumberOrDateInputType,}
10-04 17:30:15.789 22660 22660 I VoiceImeExtension: VoiceImeExtension.shouldStartVoiceInputAutomatically():382 No private IME option set to start voice input.
10-04 17:30:15.789 22660 22660 D InputMethodService: AxT9IME.sendInputViewShownState(): true
10-04 17:30:15.789 22660 22660 D InputMethodService: AxT9IME.IS_VISIBLE_CANDIDATE(): 4
10-04 17:30:15.789  1268  3921 D InputMethodManagerServicePhysicalKey: isConnectedDexOnPC false
10-04 17:30:15.789  1268  3921 D InputMethodManagerService: isImeSwitcherDisabledPackage : false
10-04 17:30:15.790  1268  3921 I InputMethodManagerService: setImeWindowStatus: vis=3, backDisposition=0
10-04 17:30:15.790 22660 22660 V InputMethodService: showWindow: draw decorView!android.inputmethodservice.InputMethodService$InputMethodImpl.showSoftInput:963 dcu.showSoftInput:2 android.inputmethodservice.InputMethodService$InputMethodImpl.showSoftInputWithToken:920 android.inputmethodservice.IInputMethodWrapper.executeMessage:231 com.android.internal.os.HandlerCaller$MyHandler.handleMessage:44 android.os.Handler.dispatchMessage:106 android.os.Looper.loopOnce:226 
10-04 17:30:15.790 22660 22660 I MSHandlerLifeCycle: isMultiSplitHandlerRequested: ignored. pkg=com.google.android.inputmethod.latin isActivity=false callers=com.android.internal.policy.DecorView.setVisibility:4295 android.app.Dialog.show:445 android.inputmethodservice.SoftInputWindow.show:302 android.inputmethodservice.InputMethodService.showWindow:2823 android.inputmethodservice.InputMethodService$InputMethodImpl.showSoftInput:963 
10-04 17:30:15.790 22660 22660 I MSHandlerLifeCycle: removeMultiSplitHandler: no exist. decor=DecorView@617a52c[InputMethod]
10-04 17:30:15.790  9298  9298 I CocktailBarUiController: onReceive: action=ResponseAxT9Info isVisibleWindow=1
10-04 17:30:15.791 22660 22660 I SurfaceView@7aeca13: onWindowVisibilityChanged(0) false android.view.SurfaceView{7aeca13 G.E...... ......I. 0,0-0,0 #7f0b034f app:id/key_pos_header_action_surface} of ViewRootImpl@ac69273[InputMethod]
10-04 17:30:15.791  1268 31675 D TspStateManager: update cmd=set_sip_mode,1
10-04 17:30:15.791  1268 31676 D TspStateManager: update cmd=set_grip_data,1,40,10,10,926,10,3088
10-04 17:30:15.791  1268  1954 V WindowManager: Relayout Window{6aee25d u0 InputMethod}: viewVisibility=0 req=1080x2241 d0
10-04 17:30:15.791  1268  1954 D RestrictionPolicy: isScreenCaptureEnabled : ret=true userId=0
10-04 17:30:15.792 11183 11204 I [PASS][SPASS]EasySigninProvider: query called from com.samsung.android.samsungpassautofill
10-04 17:30:15.792   914  1218 I SurfaceFlinger: id=17789 createSurf (1080x2241),-3 flag=40004, InputMethod$_22660#0
10-04 17:30:15.793  1268  1954 D WindowManager: makeSurface duration=1 name=InputMethod$_22660
10-04 17:30:15.795  1268  3964 I AssistStructure: Flattened final assist data: 2420 bytes, containing 1 windows, 21 views
10-04 17:30:15.796  1268  1954 V WindowManager: Relayout hash=6aee25d, pid=22660: mAttrs={(0,0)(fillxfill) gr=BOTTOM CENTER_VERTICAL sim={adjust=pan} ty=INPUT_METHOD fmt=TRANSPARENT wanim=0x1030056 preferredMinDisplayRefreshRate=60.0 receive insets ignoring z-order
10-04 17:30:15.796  1268  1954 V WindowManager:   fl=81800108
10-04 17:30:15.796  1268  1954 V WindowManager:   pfl=12000000
10-04 17:30:15.796  1268  1954 V WindowManager:   vsysui=10
10-04 17:30:15.796  1268  1954 V WindowManager:   apr=LIGHT_NAVIGATION_BARS
10-04 17:30:15.796  1268  1954 V WindowManager:   bhv=DEFAULT
10-04 17:30:15.796  1268  1954 V WindowManager:   fitTypes=STATUS_BARS NAVIGATION_BARS
10-04 17:30:15.796  1268  1954 V WindowManager:   fitSides=LEFT TOP RIGHT
10-04 17:30:15.796  1268  1954 V WindowManager:   fitIgnoreVis dimDuration=150 naviIconColor=0}
10-04 17:30:15.796 14551 14551 E [SPAF]AutofillService: No valid parsed autofill fields
10-04 17:30:15.796  1268  3921 D InputMethodManagerServicePhysicalKey: isConnectedDexOnPC false
10-04 17:30:15.798 22660 22660 I ViewRootImpl@ac69273[InputMethod]: Relayout returned: old=(0,75,1080,2316) new=(0,75,1080,2316) req=(1080,2241)0 dur=6 res=0x7 s={true -5476376648650815056} ch=true fn=-1
10-04 17:30:15.798  1268  3921 D InputMethodManagerService: isImeSwitcherDisabledPackage : false
10-04 17:30:15.798  1268  3921 I InputMethodManagerService: setImeWindowStatus: vis=3, backDisposition=0
10-04 17:30:15.798 22660 22660 I SurfaceView@7aeca13: windowStopped(false) false android.view.SurfaceView{7aeca13 G.E...... ......I. 0,0-0,0 #7f0b034f app:id/key_pos_header_action_surface} of ViewRootImpl@ac69273[InputMethod]
10-04 17:30:15.799 22660 23378 W vulkan  : CreateSwapchainKHR(VkSwapchainCreateInfoKHR.imageColorSpace = 1000104013) failed: Unsupported color space, but assume as Success for ANGLE.
10-04 17:30:15.800 22660 22660 I ViewRootImpl@ac69273[InputMethod]: [DP] dp(1) 1 android.view.ViewRootImpl.reportNextDraw:11442 android.view.ViewRootImpl.performTraversals:4198 android.view.ViewRootImpl.doTraversal:2924 
10-04 17:30:15.800 22660 22660 D ViewRootImpl@ac69273[InputMethod]: Creating frameDrawingCallback nextDrawUseBlastSync=false reportNextDraw=true hasBlurUpdates=false
10-04 17:30:15.800 22660 22660 D ViewRootImpl@ac69273[InputMethod]: Creating frameCompleteCallback
10-04 17:30:15.804  3780  3780 I SSS:AugmentedAutofillService: AugmentedAutofillService: onFillRequest()
10-04 17:30:15.809  1268  1954 I AssistStructure: Flattened final assist data: 2420 bytes, containing 1 windows, 21 views
10-04 17:30:15.809  3780  3780 I SSS: CustomAssistStructure: Time Test - tree creation time: 3 mS
10-04 17:30:15.810  3780  3780 I SSS:AssistStructureParser: addAutofillableFields: Trying to fetch hint from parent and siblings
10-04 17:30:15.810  3780  3780 I SSS:AssistStructureParser: getHintFromParentAndSiblings() called with: fields = [{}], node = [android.app.assist.AssistStructure$ViewNode@32a4b43], nodeCustom = [com.samsung.android.smartsuggestions.extservice.assist.AssistNodeCustom@5c562a2], viewId = [1073741824]
10-04 17:30:15.810  3780  3780 I SSS:AssistStructureParser: getHintFromParentAndSiblings() called with: fields = [{}], node = [android.app.assist.AssistStructure$ViewNode@32a4b43], nodeCustom = [com.samsung.android.smartsuggestions.extservice.assist.AssistNodeCustom@4648b33], viewId = [1073741824]
10-04 17:30:15.810  3780  3780 I SSS:AssistStructureParser: getHintFromParentAndSiblings() called with: fields = [{}], node = [android.app.assist.AssistStructure$ViewNode@ca8d8f2], nodeCustom = [com.samsung.android.smartsuggestions.extservice.assist.AssistNodeCustom@daafef0], viewId = [1073741824]
10-04 17:30:15.810  3780  3780 I SSS:AssistStructureParser: getHintFromParentAndSiblings() called with: fields = [{}], node = [android.app.assist.AssistStructure$ViewNode@bae5854], nodeCustom = [com.samsung.android.smartsuggestions.extservice.assist.AssistNodeCustom@91bdc69], viewId = [1073741824]
10-04 17:30:15.810  3780  3780 I SSS:AssistStructureParser: getHintFromParentAndSiblings - stop recursion. Parent: android.app.assist.AssistStructure$ViewNode@99ba7, AutoFillable Children: [1073741824, 1073741825]
10-04 17:30:15.810 22660 23378 D OpenGLRenderer: eglCreateWindowSurface
10-04 17:30:15.810  3780  3780 I SSS:AssistStructureParser: addAutofillableFields: Trying to fetch hint from parent and siblings
10-04 17:30:15.810  3780  3780 I SSS:AssistStructureParser: getHintFromParentAndSiblings() called with: fields = [{}], node = [android.app.assist.AssistStructure$ViewNode@c6a15b5], nodeCustom = [com.samsung.android.smartsuggestions.extservice.assist.AssistNodeCustom@3b06ee], viewId = [1073741825]
10-04 17:30:15.810  3780  3780 I SSS:AssistStructureParser: getHintFromParentAndSiblings() called with: fields = [{}], node = [android.app.assist.AssistStructure$ViewNode@c6a15b5], nodeCustom = [com.samsung.android.smartsuggestions.extservice.assist.AssistNodeCustom@f52a78f], viewId = [1073741825]
10-04 17:30:15.810  3780  3780 I SSS:AssistStructureParser: getHintFromParentAndSiblings() called with: fields = [{}], node = [android.app.assist.AssistStructure$ViewNode@a0c5dec], nodeCustom = [com.samsung.android.smartsuggestions.extservice.assist.AssistNodeCustom@cd91a1c], viewId = [1073741825]
10-04 17:30:15.810  3780  3780 I SSS:AssistStructureParser: getHintFromParentAndSiblings() called with: fields = [{}], node = [android.app.assist.AssistStructure$ViewNode@2e7923e], nodeCustom = [com.samsung.android.smartsuggestions.extservice.assist.AssistNodeCustom@91bdc69], viewId = [1073741825]
10-04 17:30:15.810  3780  3780 I SSS:AssistStructureParser: getHintFromParentAndSiblings - stop recursion. Parent: android.app.assist.AssistStructure$ViewNode@99ba7, AutoFillable Children: [1073741824, 1073741825]
10-04 17:30:15.811  3780  3780 I SSS:AugmentedAutofillService: AssistStructureParser Hint: 0
10-04 17:30:15.811  3780  3780 I SSS:AugmentedAutofillService: onFillRequest() fail: hint not found
10-04 17:30:15.813 22660  3449 D ViewRootImpl@ac69273[InputMethod]: Received frameDrawingCallback frameNum=1. Creating transactionCompleteCallback=false
10-04 17:30:15.814 30218 30218 D BoundBrokerSvc: onBind: Intent { act=com.google.android.gms.common.BIND_SHARED_PREFS pkg=com.google.android.gms }
10-04 17:30:15.814 30218 30218 D BoundBrokerSvc: Loading bound service for intent: Intent { act=com.google.android.gms.common.BIND_SHARED_PREFS pkg=com.google.android.gms }
10-04 17:30:15.820 30218 30218 D BoundBrokerSvc: onUnbind: Intent { act=com.google.android.gms.common.BIND_SHARED_PREFS pkg=com.google.android.gms }
10-04 17:30:15.822 22660 23378 D ViewRootImpl@ac69273[InputMethod]: Received frameCompleteCallback  lastAcquiredFrameNum=1 lastAttemptedDrawFrameNum=1
10-04 17:30:15.823 22660 22660 I ViewRootImpl@ac69273[InputMethod]: [DP] pdf(0) 1 android.view.ViewRootImpl.lambda$addFrameCompleteCallbackIfNeeded$3$ViewRootImpl:5000 android.view.ViewRootImpl$$ExternalSyntheticLambda16.run:6 android.os.Handler.handleCallback:938 
10-04 17:30:15.823 22660 22660 I ViewRootImpl@ac69273[InputMethod]: [DP] rdf()
10-04 17:30:15.823 22660 22660 D ViewRootImpl@ac69273[InputMethod]: reportDrawFinished (fn: -1) 
10-04 17:30:15.825  1268  3921 D WindowManager: finishDrawingWindow: Window{6aee25d u0 InputMethod} mDrawState=DRAW_PENDING
10-04 17:30:15.827 22660 22660 I DeviceModeUtil: DeviceModeUtil.getDeviceMode():121 Get device mode phone by ui mode:1 and smallestScreenWidthDp:384
10-04 17:30:15.827 22660 22660 I DeviceModeUtil: DeviceModeUtil.getDeviceMode():121 Get device mode phone by ui mode:1 and smallestScreenWidthDp:384
10-04 17:30:15.830 31596 31596 D InsetsController: show(ime(), fromIme=true)
10-04 17:30:15.832 31596 31596 D InsetsSourceConsumer: setRequestedVisible: visible=true, type=19, host=com.example.techdemo/com.example.techdemo.AddActivity, from=android.view.InsetsSourceConsumer.show:246 android.view.InsetsController.showDirectly:1489 android.view.InsetsController.controlAnimationUnchecked:1137 android.view.InsetsController.applyAnimation:1456 android.view.InsetsController.applyAnimation:1437 android.view.InsetsController.show:976 android.view.ViewRootImpl$ViewRootHandler.handleMessageImpl:6483 android.view.ViewRootImpl$ViewRootHandler.handleMessage:6408 android.os.Handler.dispatchMessage:106 android.os.Looper.loopOnce:226 
10-04 17:30:15.837  1268  3964 D InsetsSourceProvider: updateVisibility: serverVisible=true, clientVisible=true, source=InsetsSource: {mType=ITYPE_IME, mFrame=[0,1588][1080,2316], mVisible=true}, controlTarget=Window{871728 u0 com.example.techdemo/com.example.techdemo.AddActivity}, from=com.android.server.wm.ImeInsetsSourceProvider.updateVisibility:89 com.android.server.wm.InsetsSourceProvider.setClientVisible:415 com.android.server.wm.InsetsSourceProvider.updateClientVisibility:400 com.android.server.wm.InsetsStateController.onInsetsModified:508 com.android.server.wm.InsetsPolicy.onInsetsModified:477 com.android.server.wm.Session.insetsModified:704 android.view.IWindowSession$Stub.onTransact:1256 com.android.server.wm.Session.onTransact:176 android.os.Binder.execTransactInternal:1220 android.os.Binder.execTransact:1179 
10-04 17:30:15.839  1268  3964 I WindowManager: Cancelling animation restarting=false, leash=Surface(name=Surface(name=6c7100d NavigationBar0)/@0x4deb392 - animation-leash of insets_animation)/@0x4865b7d
10-04 17:30:15.839  1268  3964 I WindowManager: Reparenting to original parent: Surface(name=WindowToken{8c1c537 android.os.BinderProxy@76ec7d1})/@0x2752163, destroy=false, surface=Surface(name=6c7100d NavigationBar0)/@0x4deb392
