10-04 17:30:17.591  1683  1683 D DeviceState: getDeviceResolutionPixelSize - currentDensity = 450 deviceDensity = 450 initialDisplaySizeFactor = 1440 currentDisplaySizeFactor = 1080 initialDisplayDensity = 600 proportionalDensity = 450 proportionalPixel = 18
10-04 17:30:17.592  1683  1683 V QsExpandAnimator: updateAnimators
10-04 17:30:17.592  1683  1683 V QsExpandAnimator: clearAnimationState 
10-04 17:30:17.592  1683  1683 V QsExpandAnimator: setQsExpansionPosition 0.0 0
10-04 17:30:17.594 31715 31715 V GraphicsEnvironment: ANGLE Developer option for 'com.example.techdemo' set to: 'default'
10-04 17:30:17.594 31715 31715 V GraphicsEnvironment: App is not on the allowlist for updatable production driver.
10-04 17:30:17.596 31715 31715 D LoadedApk: LoadedApk::makeApplication() appContext.mOpPackageName=com.example.techdemo appContext.mBasePackageName=com.example.techdemo
10-04 17:30:17.596 31715 31715 D NetworkSecurityConfig: No Network Security Config specified, using platform default
10-04 17:30:17.600  1683  1683 D QS      : setQSExpansion 0.0 -138.95
10-04 17:30:17.600  1683  1683 D QS      : setQSExpansion 0.0 -138.95
10-04 17:30:17.601 31715 31715 D NetworkSecurityConfig: No Network Security Config specified, using platform default
10-04 17:30:17.609 31715 31715 D ActivityThread: handleBindApplication() --
10-04 17:30:17.615 31715 31742 D OpenGLRenderer: RenderThread::requireGlContext()
10-04 17:30:17.616 31715 31742 D vulkan  : searching for layers in '/data/app/~~MAItRUaCcDiPdl67bKrF-Q==/com.example.techdemo-67wzLKyWYLcN0_ew13c2Ww==/lib/arm64'
10-04 17:30:17.616 31715 31742 D vulkan  : searching for layers in '/data/app/~~MAItRUaCcDiPdl67bKrF-Q==/com.example.techdemo-67wzLKyWYLcN0_ew13c2Ww==/base.apk!/lib/arm64-v8a'
10-04 17:30:17.616 31715 31742 V SVK     : ------------------------------------------------------------------
10-04 17:30:17.616 31715 31742 V SVK     : Samsung Vulkan version merge SHA1      = None
10-04 17:30:17.616 31715 31742 V SVK     : Samsung Vulkan version revision number = 3c37c0d
10-04 17:30:17.616 31715 31742 V SVK     : ------------------------------------------------------------------
10-04 17:30:17.616 31715 31742 V SVK     : Entering: Create
10-04 17:30:17.616 31715 31742 V SVK     : --------------------------------------------------------
10-04 17:30:17.616 31715 31742 V SVK     : Application Name: 
10-04 17:30:17.616 31715 31742 V SVK     : Vulkan API 1.1 version
10-04 17:30:17.616 31715 31742 V SVK     : --------------------------------------------------------
10-04 17:30:17.619 31715 31742 V SVK     : Exiting: Create
10-04 17:30:17.620 31715 31742 V SVK     : ------------------------------------------------------------------
10-04 17:30:17.620 31715 31742 V SVK     : Samsung Vulkan version merge SHA1      = None
10-04 17:30:17.620 31715 31742 V SVK     : Samsung Vulkan version revision number = 3c37c0d
10-04 17:30:17.620 31715 31742 V SVK     : ------------------------------------------------------------------
10-04 17:30:17.620 31715 31742 V SVK     : Entering: Create
10-04 17:30:17.620 31715 31742 V SVK     : --------------------------------------------------------
10-04 17:30:17.620 31715 31742 V SVK     : Application Name: com.example.techdemo
10-04 17:30:17.620 31715 31742 V SVK     : Vulkan API 1.1 version
10-04 17:30:17.620 31715 31742 V SVK     : --------------------------------------------------------
10-04 17:30:17.621 31715 31742 V SVK     : Exiting: Create
10-04 17:30:17.622 31715 31742 D PAL     : m_perSubmitCmdStream size = { TotalChunkDwords:24, AvailableDwords:2017 } (RebuildCommandStreams:1591)
10-04 17:30:17.622 31715 31742 D PAL     : m_acePreambleCmdStream size = { TotalChunkDwords:16, AvailableDwords:2029 } (RebuildCommandStreams:1616)
10-04 17:30:17.622 31715 31742 D PAL     : m_dePostambleCmdStream size = { TotalChunkDwords:24, AvailableDwords:2024 } (RebuildCommandStreams:1729)
10-04 17:30:17.622 31715 31742 D PAL     : m_deCmdStream size = { TotalChunkDwords:200, AvailableDwords:1843 } (RebuildCommandStreams:1732)
10-04 17:30:17.622 31715 31742 D PAL     : m_perSubmitCmdStream size = { TotalChunkDwords:24, AvailableDwords:2017 } (RebuildCommandStreams:1591)
10-04 17:30:17.622 31715 31742 D PAL     : m_acePreambleCmdStream size = { TotalChunkDwords:16, AvailableDwords:2029 } (RebuildCommandStreams:1616)
10-04 17:30:17.622 31715 31742 D PAL     : m_dePostambleCmdStream size = { TotalChunkDwords:24, AvailableDwords:2024 } (RebuildCommandStreams:1729)
10-04 17:30:17.622 31715 31742 D PAL     : m_deCmdStream size = { TotalChunkDwords:200, AvailableDwords:1843 } (RebuildCommandStreams:1732)
10-04 17:30:17.623 31715 31742 D PAL     : m_perSubmitCmdStream size = { TotalChunkDwords:24, AvailableDwords:2017 } (RebuildCommandStreams:1591)
10-04 17:30:17.623 31715 31742 D PAL     : m_acePreambleCmdStream size = { TotalChunkDwords:16, AvailableDwords:2029 } (RebuildCommandStreams:1616)
10-04 17:30:17.623 31715 31742 D PAL     : m_dePostambleCmdStream size = { TotalChunkDwords:24, AvailableDwords:2024 } (RebuildCommandStreams:1729)
10-04 17:30:17.623 31715 31742 D PAL     : m_deCmdStream size = { TotalChunkDwords:200, AvailableDwords:1843 } (RebuildCommandStreams:1732)
10-04 17:30:17.626 31715 31742 I ANGLE   : Version (git hash: 6a811404ea40), Renderer (ANGLE (Samsung Xclipse 920) on Vulkan 1.1.179)
10-04 17:30:17.628  1268  1312 I GestureDetector: handleMessage TAP
10-04 17:30:17.629 31715 31742 D OpenGLRenderer: RenderThread::setGrContext()
10-04 17:30:17.629  1268  1268 I GestureDetector: handleMessage TAP
10-04 17:30:17.632  1268  1507 I GenerationRegistry: mBackingStore.isClosed() : false
10-04 17:30:17.634 31715 31715 D MainActivity: onCreate: [STARTED]
10-04 17:30:17.640  1268  1507 I GenerationRegistry: mBackingStore.isClosed() : false
10-04 17:30:17.644 31715 31715 I DecorView: [INFO] isPopOver=false, config=true
10-04 17:30:17.644 31715 31715 I DecorView: updateCaptionType >> DecorView@a7f753c[], isFloating=false, isApplication=true, hasWindowControllerCallback=true, hasWindowDecorCaption=false
10-04 17:30:17.644 31715 31715 D DecorView: setCaptionType = 0, this = DecorView@a7f753c[]
10-04 17:30:17.648 31715 31715 I DecorView: getCurrentDensityDpi: from real metrics. densityDpi=450 msg=resources_loaded
10-04 17:30:17.660 31715 31715 W xample.techdem: Accessing hidden method Landroid/view/View;->computeFitSystemWindows(Landroid/graphics/Rect;Landroid/graphics/Rect;)Z (unsupported, reflection, allowed)
10-04 17:30:17.660 31715 31715 W xample.techdem: Accessing hidden method Landroid/view/ViewGroup;->makeOptionalFitsSystemWindows()V (unsupported, reflection, allowed)
10-04 17:30:17.670 31715 31715 D MainActivity: textFromTextView orig = []
10-04 17:30:17.670 31715 31715 D MainActivity: textFromTextView set = [Set TextView]
10-04 17:30:17.670 31715 31715 D MainActivity: onCreate: [FINISHED]
10-04 17:30:17.674 31715 31715 I MSHandlerLifeCycle: isMultiSplitHandlerRequested: ignored. pkg=com.example.techdemo parent=null callers=com.android.internal.policy.DecorView.setVisibility:4295 android.app.ActivityThread.handleResumeActivity:5383 android.app.servertransaction.ResumeActivityItem.execute:54 android.app.servertransaction.ActivityTransactionItem.execute:45 android.app.servertransaction.TransactionExecutor.executeLifecycleState:176 
10-04 17:30:17.674 31715 31715 I MSHandlerLifeCycle: removeMultiSplitHandler: no exist. decor=DecorView@a7f753c[]
10-04 17:30:17.680  1268  1505 D InputTransport: Input channel constructed: '9281b9f', fd=910
10-04 17:30:17.680  1268  1505 D InputTransport: Input channel constructed: '9281b9f', fd=932
10-04 17:30:17.680  1268  1505 D InputTransport: Input channel constructed: '9281b9f', fd=933
10-04 17:30:17.681   914   986 I SurfaceFlinger: id=17798 createSurf (0x0),-1 flag=80004, 9281b9f com.example.techdemo/com.example.techdemo.MainActivity#0
10-04 17:30:17.682  1268  1505 D RestrictionPolicy: isScreenCaptureEnabled : ret=true userId=0
10-04 17:30:17.682  1268  1505 D InputTransport: Input channel destroyed: '9281b9f', fd=933
10-04 17:30:17.683 31715 31715 I ViewRootImpl@46a49ad[MainActivity]: setView = com.android.internal.policy.DecorView@a7f753c TM=true
10-04 17:30:17.683  1268  1727 D MdnieScenarioControlService:  packageName : com.example.techdemo    className : com.example.techdemo.MainActivity
10-04 17:30:17.683  1268  1727 V MdnieScenarioControlService: setUIMode from UI function(3)
10-04 17:30:17.683 31715 31715 I MSHandlerLifeCycle: isMultiSplitHandlerRequested: windowingMode=1 isFullscreen=true isPopOver=false isHidden=false skipActivityType=false isHandlerType=true this: DecorView@a7f753c[MainActivity]
10-04 17:30:17.683 31715 31715 I MSHandlerLifeCycle: removeMultiSplitHandler: no exist. decor=DecorView@a7f753c[MainActivity]
10-04 17:30:17.692  1268  1507 V WindowManager: Relayout Window{9281b9f u0 com.example.techdemo/com.example.techdemo.MainActivity}: viewVisibility=0 req=1080x2316 d0
10-04 17:30:17.692  1268  1507 D RestrictionPolicy: isScreenCaptureEnabled : ret=true userId=0
10-04 17:30:17.692   914  1207 I SurfaceFlinger: id=17799 createSurf (1x1),-3 flag=40004, com.example.techdemo/com.example.techdemo.MainActivity$_31715#0
10-04 17:30:17.693  1268  1507 D WindowManager: makeSurface duration=1 name=com.example.techdemo/com.example.techdemo.MainActivity$_31715
10-04 17:30:17.695  1268  1507 V WindowManager: Changing focus from null to Window{9281b9f u0 com.example.techdemo/com.example.techdemo.MainActivity} displayId=0 Callers=com.android.server.wm.RootWindowContainer.updateFocusedWindowLocked:583 com.android.server.wm.WindowManagerService.updateFocusedWindowLocked:6496 com.android.server.wm.WindowManagerService.relayoutWindow:2769 com.android.server.wm.Session.relayout:242 
10-04 17:30:17.695  1268  1507 D MARsPolicyManager: onPackageResumedFG pkgName = com.example.techdemo, userId = 0
10-04 17:30:17.695  1268  1507 I WindowManager: Cancelling animation restarting=true, leash=Surface(name=Surface(name=6321e2 StatusBar)/@0xfd4fc7 - animation-leash of insets_animation)/@0x7256b66
10-04 17:30:17.695  1268  1507 I WindowManager: Reparenting to original parent: Surface(name=WindowToken{c007aad android.os.BinderProxy@cfc46d7})/@0x513c9f4, destroy=false, surface=Surface(name=6321e2 StatusBar)/@0xfd4fc7
10-04 17:30:17.695  1268  1507 I WindowManager: Reparenting to leash, surface=Surface(name=6321e2 StatusBar)/@0xfd4fc7, leashParent=Surface(name=WindowToken{c007aad android.os.BinderProxy@cfc46d7})/@0x513c9f4
10-04 17:30:17.695   914  1207 I SurfaceFlinger: id=17800 createSurf (0x0),-1 flag=24000, Surface(name=6321e2 StatusBar)/@0xfd4fc7 - animation-leash of insets_animation#1
10-04 17:30:17.695  4083 11298 I FASProvider: makeValuesForFasUpdate contentValues = package_name=com.example.techdemo extras=0 reason=deleted_from_mars_auto disableReason=deleted_from_mars_auto uid=10416 mode=0 level=1 resetTime=0
10-04 17:30:17.696  1268  1507 D WindowManager: makeSurface duration=1 leash=Surface(name=Surface(name=6321e2 StatusBar)/@0xfd4fc7 - animation-leash of insets_animation)/@0xf7cd2bb
10-04 17:30:17.696  1268  1507 D StatusBarManagerService: notifyRequestedSystemKey recent=false home=false
10-04 17:30:17.696  1683  1683 D NavigationBar: onSystemBarAttributesChanged() -  displayId:0, appearance:16 (APPEARANCE_LIGHT_NAVIGATION_BARS ), navbarColorManagedByIme:true
10-04 17:30:17.697  1268  1507 V WindowManager: Relayout hash=9281b9f, pid=31715: mAttrs={(0,0)(fillxfill) sim={adjust=pan forwardNavigation} ty=BASE_APPLICATION wanim=0x1030303
10-04 17:30:17.697  1268  1507 V WindowManager:   fl=81810100
10-04 17:30:17.697  1268  1507 V WindowManager:   pfl=12020040
10-04 17:30:17.697  1268  1507 V WindowManager:   apr=LIGHT_NAVIGATION_BARS
10-04 17:30:17.697  1268  1507 V WindowManager:   bhv=DEFAULT
10-04 17:30:17.697  1268  1507 V WindowManager:   fitSides= naviIconColor=0
10-04 17:30:17.697  1268  1507 V WindowManager:   sfl=100000}
10-04 17:30:17.698 31715 31715 I ViewRootImpl@46a49ad[MainActivity]: Relayout returned: old=(0,0,1080,2316) new=(0,0,1080,2316) req=(1080,2316)0 dur=5 res=0x7 s={true -5476376648651486496} ch=true fn=-1
10-04 17:30:17.700   827   946 I display : [PrimaryDisplay] getColorModes:: Supported color modes [7, 7] (SRGB)
10-04 17:30:17.700   827   946 I display : [PrimaryDisplay] getColorModes:: Supported color modes [9, 9] (DISPLAY_P3)
10-04 17:30:17.700   827   946 I display : [PrimaryDisplay] getColorModes:: Supported color modes [0, 0] (NATIVE)
10-04 17:30:17.700 31715 31715 I ViewRootImpl@46a49ad[MainActivity]: [DP] dp(1) 1 android.view.ViewRootImpl.reportNextDraw:11442 android.view.ViewRootImpl.performTraversals:4198 android.view.ViewRootImpl.doTraversal:2924 
10-04 17:30:17.700 31715 31715 D ViewRootImpl@46a49ad[MainActivity]: Creating frameDrawingCallback nextDrawUseBlastSync=false reportNextDraw=true hasBlurUpdates=false
10-04 17:30:17.700 31715 31715 D ViewRootImpl@46a49ad[MainActivity]: Creating frameCompleteCallback
10-04 17:30:17.701 31715 31742 W vulkan  : CreateSwapchainKHR(VkSwapchainCreateInfoKHR.imageColorSpace = 1000104013) failed: Unsupported color space, but assume as Success for ANGLE.
10-04 17:30:17.702 31715 31742 D OpenGLRenderer: eglCreateWindowSurface
10-04 17:30:17.703 31715 31747 I xample.techdem: [HIDL_FETCH_IMapper] android.hardware.graphics.mapper@4.0: Loaded Mapper successfully.
10-04 17:30:17.705 31715 31748 D ViewRootImpl@46a49ad[MainActivity]: Received frameDrawingCallback frameNum=1. Creating transactionCompleteCallback=false
10-04 17:30:17.709   914   914 I Layer   : id=17797 removeFromCurrentState Surface(name=6321e2 StatusBar)/@0xfd4fc7 - animation-leash of insets_animation#0 (125)
10-04 17:30:17.709   914   914 I SurfaceFlinger: [9281b9f com.example.techdemo/com.example.techdemo.MainActivity#0] FrameRatePriority: 1
10-04 17:30:17.709   914   914 I SurfaceFlinger: id=17797 Removed Surface(name=6321e2 StatusBar)/@0xfd4fc7 - animation-leash of insets_animation#0 (125)
10-04 17:30:17.709   914   914 I Layer   : id=17797 Destroyed Surface(name=6321e2 StatusBar)/@0xfd4fc7 - animation-leash of insets_animation#0
10-04 17:30:17.710  1268  1505 D InputDispatcher: Focus request (0): 9281b9f com.example.techdemo/com.example.techdemo.MainActivity but waiting because NOT_VISIBLE
10-04 17:30:17.715 31715 31742 I blob    : initializing random seed using 53162199275702
10-04 17:30:17.715 31715 31742 I blob    : get: caller's buffer is too small for value: 0 (needs 4887)
10-04 17:30:17.715 31715 31742 I blob    : get: copying 4887 bytes to caller's buffer
10-04 17:30:17.715 31715 31742 I blob    : get: caller's buffer is too small for value: 0 (needs 4887)
10-04 17:30:17.715 31715 31742 I blob    : get: copying 4887 bytes to caller's buffer
10-04 17:30:17.719 31715 31742 D PAL     : pSubmitInfo->stackSizeInDwords = 0 (PreProcessSubmit:1279)
10-04 17:30:17.719 31715 31742 D PAL     : m_perSubmitCmdStream size = { TotalChunkDwords:24, AvailableDwords:2017 } (RebuildCommandStreams:1591)
10-04 17:30:17.719 31715 31742 D PAL     : m_acePreambleCmdStream size = { TotalChunkDwords:16, AvailableDwords:2029 } (RebuildCommandStreams:1616)
10-04 17:30:17.719 31715 31742 D PAL     : m_dePostambleCmdStream size = { TotalChunkDwords:24, AvailableDwords:2024 } (RebuildCommandStreams:1729)
10-04 17:30:17.719 31715 31742 D PAL     : m_deCmdStream size = { TotalChunkDwords:200, AvailableDwords:1843 } (RebuildCommandStreams:1732)
10-04 17:30:17.721 31715 31742 D ViewRootImpl@46a49ad[MainActivity]: Received frameCompleteCallback  lastAcquiredFrameNum=1 lastAttemptedDrawFrameNum=1
10-04 17:30:17.723 31715 31715 I ViewRootImpl@46a49ad[MainActivity]: [DP] pdf(0) 1 android.view.ViewRootImpl.lambda$addFrameCompleteCallbackIfNeeded$3$ViewRootImpl:5000 android.view.ViewRootImpl$$ExternalSyntheticLambda16.run:6 android.os.Handler.handleCallback:938 
10-04 17:30:17.723 31715 31715 I ViewRootImpl@46a49ad[MainActivity]: [DP] rdf()
10-04 17:30:17.723 31715 31715 D ViewRootImpl@46a49ad[MainActivity]: reportDrawFinished (fn: -1) 
10-04 17:30:17.723  1268  1505 D WindowManager: finishDrawingWindow: Window{9281b9f u0 com.example.techdemo/com.example.techdemo.MainActivity} mDrawState=DRAW_PENDING
10-04 17:30:17.725  1268  1315 D ActivityManagerPerformance: AMP_release() ACT_RESUME
10-04 17:30:17.726  1268  1315 I WindowManager: Reparenting to leash, surface=Surface(name=9281b9f com.example.techdemo/com.example.techdemo.MainActivity)/@0x7fce3d8, leashParent=Surface(name=ActivityRecord{10c7e2 u0 com.example.techdemo/.MainActivity t5514})/@0x39b45d9
10-04 17:30:17.726   914  1207 I SurfaceFlinger: id=17801 createSurf (0x0),-1 flag=24000, Surface(name=9281b9f com.example.techdemo/com.example.techdemo.MainActivity)/@0x7fce3d8 - animation-leash of starting_reveal#0
10-04 17:30:17.727  1268  1315 D WindowManager: makeSurface duration=1 leash=Surface(name=Surface(name=9281b9f com.example.techdemo/com.example.techdemo.MainActivity)/@0x7fce3d8 - animation-leash of starting_reveal)/@0x5290331
10-04 17:30:17.729   839   963 I HYPER-HAL: [RequestManager.cpp]releaseLocked(): Released ID : 828847
10-04 17:30:17.733 31715 31715 D InsetsSourceConsumer: ensureControlAlpha: for ITYPE_STATUS_BAR on com.example.techdemo/com.example.techdemo.MainActivity
10-04 17:30:17.733  1683  2589 I ViewRootImpl@945a640[techdemo]: mWNT: t = android.view.SurfaceControl$Transaction@d30623b fN = 3 android.view.SyncRtSurfaceTransactionApplier.applyTransaction:94 android.view.SyncRtSurfaceTransactionApplier.lambda$scheduleApply$0$SyncRtSurfaceTransactionApplier:71 android.view.SyncRtSurfaceTransactionApplier$$ExternalSyntheticLambda0.onFrameDraw:4 
10-04 17:30:17.733  1683  2589 I ViewRootImpl@945a640[techdemo]: mWNT: merge t to BBQ
10-04 17:30:17.733  1683  2589 I ViewRootImpl@945a640[techdemo]: mWNT: t = android.view.SurfaceControl$Transaction@29fd58 fN = 3 android.view.SyncRtSurfaceTransactionApplier.applyTransaction:94 android.view.SyncRtSurfaceTransactionApplier.lambda$scheduleApply$0$SyncRtSurfaceTransactionApplier:71 android.view.SyncRtSurfaceTransactionApplier$$ExternalSyntheticLambda0.onFrameDraw:4 
10-04 17:30:17.733  1683  2589 I ViewRootImpl@945a640[techdemo]: mWNT: merge t to BBQ
10-04 17:30:17.736  1268  1505 D InputDispatcher: Focus entered window (0): 9281b9f com.example.techdemo/com.example.techdemo.MainActivity
10-04 17:30:17.736 31715 31715 I ViewRootImpl@46a49ad[MainActivity]: MSG_WINDOW_FOCUS_CHANGED 1 1
10-04 17:30:17.737 31715 31715 D InputMethodManager: startInputInner - Id : 0
10-04 17:30:17.737 31715 31715 I InputMethodManager: startInputInner - mService.startInputOrWindowGainedFocus
10-04 17:30:17.737  1268  1505 D InputMethodManagerService: mSecureKeypadEnabled = false
10-04 17:30:17.737  1268  1505 V InputMethodManagerService: Unspecified window will hide input
10-04 17:30:17.737  1268  1505 V InputMethodManagerService: hideCurrentInputLocked : shouldHideSoftInput is false
10-04 17:30:17.737  1268  1505 D InputMethodManagerService: DESKTOP MODE! : 2
10-04 17:30:17.737  1268  1505 D InputMethodManagerService: NOT IN KNOX DESKTOP MODE!
10-04 17:30:17.737  1268  1505 V InputMethodManagerService: getDisplayIdOfInputMethodWindowToBeAdded : 0
10-04 17:30:17.737  1268  1505 V InputMethodManagerService: Creating new session for client ClientState{a557a16 uid=10416 pid=31715 displayId=0}
10-04 17:30:17.737  1268  1505 D InputTransport: Input channel constructed: 'ClientS', fd=933
10-04 17:30:17.737  1268  1505 D InputTransport: Input channel constructed: 'ClientS', fd=944
10-04 17:30:17.738  1268  1505 D InputTransport: Input channel destroyed: 'ClientS', fd=944
10-04 17:30:17.740  1683  2590 I ViewRootImpl@945a640[techdemo]: mWNT: t = android.view.SurfaceControl$Transaction@721deb1 fN = 4 android.view.SyncRtSurfaceTransactionApplier.applyTransaction:94 android.view.SyncRtSurfaceTransactionApplier.lambda$scheduleApply$0$SyncRtSurfaceTransactionApplier:71 android.view.SyncRtSurfaceTransactionApplier$$ExternalSyntheticLambda0.onFrameDraw:4 
10-04 17:30:17.741  1683  2590 I ViewRootImpl@945a640[techdemo]: mWNT: merge t to BBQ
10-04 17:30:17.741  1268  1505 W InputMethodManagerService: onSessionCreated
10-04 17:30:17.741   914   914 D SurfaceFlinger: Display 4633128672291735999 HWC layers:
10-04 17:30:17.741   914   914 D SurfaceFlinger:      DEVICE | 0xb400007c6ee07390 | 0102 | RGBA_8888    |    0.0    0.0 1080.0 2316.0 |    0    0 1080 2316 | com.example.techdemo/com.example.techdemo.MainActivity$_31715#0
10-04 17:30:17.741   914   914 D SurfaceFlinger:      DEVICE | 0xb400007c6ee19990 | 0100 | RGBA_8888    |    0.0    0.0 1080.0 2316.0 |    0    0 1080 2316 | Splash Screen com.example.techdemo$_1683#0
10-04 17:30:17.741   914   914 D SurfaceFlinger:      DEVICE | 0xb400007c6ee00010 | 0100 | RGBA_8888    |    0.0    0.0 1080.0 2241.0 |    0   75 1080 2316 | InputMethod$_22660#0
10-04 17:30:17.741   914   914 D SurfaceFlinger:      DEVICE | 0xb400007c6ee158d0 | 0100 | RGBA_8888    |    0.0    0.0 1080.0   75.0 |    0    0 1080   75 | StatusBar$_1683#0
10-04 17:30:17.741   914   914 D SurfaceFlinger:      DEVICE | 0xb400007c6edfe090 | 0100 | RGBA_8888    |    0.0    0.0   67.0  342.0 | 1013  416 1080  758 | com.samsung.android.app.cocktailbars[...]arservice.CocktailBarService$_9298#0
10-04 17:30:17.741   914   914 D SurfaceFlinger:      DEVICE | 0xb400007c6edf4150 | 0100 | RGBA_8888    |    0.0    0.0  420.0  124.0 |  330 1877  750 2001 | Toast$_1683#0
10-04 17:30:17.741   914   914 D SurfaceFlinger:      DEVICE | 0xb400007c6ee02850 | 0100 | RGBA_8888    |    0.0    0.0 1080.0  135.0 |    0
10-04 17:30:17.741   914   914 D SurfaceFlinger:  2181 1080 2316 | NavigationBar0$_1683#0
10-04 17:30:17.741   914   914 D SurfaceFlinger: 
10-04 17:30:17.741  1268  1505 D InputMethodManagerService: checkDisplayOfStartInputAndUpdateKeyboard display Id 0last 0
10-04 17:30:17.741  1268  1505 D InputTransport: Input channel constructed: 'ClientS', fd=971
10-04 17:30:17.741  1268  1505 D InputTransport: Input channel destroyed: 'ClientS', fd=971
10-04 17:30:17.741 31715 31715 D InputMethodManager: startInputInner - Id : 0
10-04 17:30:17.743  1268  1505 D RestrictionPolicy: isScreenCaptureEnabled : ret=true userId=0
10-04 17:30:17.743 22660 22660 I GoogleInputMethodService: GoogleInputMethodService.onFinishInput():3274 
10-04 17:30:17.744  1268  1505 D InsetsSourceProvider: updateVisibility: serverVisible=true, clientVisible=false, source=InsetsSource: {mType=ITYPE_IME, mFrame=[0,1588][1080,2316], mVisible=false}, controlTarget=com.android.server.wm.DisplayContent$RemoteInsetsControlTarget@70d0544, from=com.android.server.wm.ImeInsetsSourceProvider.updateVisibility:89 com.android.server.wm.InsetsSourceProvider.setClientVisible:415 com.android.server.wm.InsetsSourceProvider.updateControlForTarget:365 com.android.server.wm.InsetsStateController.onControlChanged:592 com.android.server.wm.InsetsStateController.onImeControlTargetChanged:544 com.android.server.wm.DisplayContent.updateImeControlTarget:5202 com.android.server.wm.DisplayContent.updateImeControlTarget:5196 com.android.server.wm.DisplayContent.updateImeInputAndControlTarget:5184 com.android.server.wm.WindowManagerService$LocalService.updateInputMethodTargetWindow:8736 com.android.server.inputmethod.InputMethodManagerService.reportStartInput:3332 
10-04 17:30:17.744  1268  1505 I WindowManager: Cancelling animation restarting=true, leash=Surface(name=Surface(name=6aee25d InputMethod)/@0xe7c4759 - animation-leash of insets_animation)/@0x8c47206
10-04 17:30:17.744  1268  1505 I WindowManager: Reparenting to original parent: Surface(name=WindowToken{d6c0cf3 android.os.Binder@d96d362})/@0x7daf1e, destroy=false, surface=Surface(name=6aee25d InputMethod)/@0xe7c4759
10-04 17:30:17.744  1268  1505 I WindowManager: Reparenting to leash, surface=Surface(name=6aee25d InputMethod)/@0xe7c4759, leashParent=Surface(name=WindowToken{d6c0cf3 android.os.Binder@d96d362})/@0x7daf1e
10-04 17:30:17.744   914   986 I SurfaceFlinger: id=17802 createSurf (0x0),-1 flag=24004, Surface(name=6aee25d InputMethod)/@0xe7c4759 - animation-leash of insets_animation#1
10-04 17:30:17.744 22660 22660 I GoogleInputMethodService: GoogleInputMethodService.updateDeviceLockedStatus():2166 repeatCheckTimes = 0, unlocked = true
10-04 17:30:17.744 22660 22660 D InputMethodService: checkDisplayOfStartInputAndUpdateKeyboard display Id 0last 0
10-04 17:30:17.745 22660 22660 I GoogleInputMethodService: GoogleInputMethodService.onStartInput():1957 onStartInput(EditorInfo{inputType=0x0(NULL) imeOptions=0x0 privateImeOptions=null actionName=UNSPECIFIED actionLabel=null actionId=0 initialSelStart=-1 initialSelEnd=-1 initialCapsMode=0x0 hintText=null label=null packageName=com.example.techdemo fieldId=-1 fieldName=null extras=Bundle[{displayId=0}]}, false)
10-04 17:30:17.745 22660 22660 I GoogleInputMethodService: GoogleInputMethodService.shouldHideHeaderOnInitialState():4078 ShouldHideHeaderOnInitialState = false
10-04 17:30:17.745 22660 22660 I GoogleInputMethodService: GoogleInputMethodService.updateDeviceLockedStatus():2166 repeatCheckTimes = 2, unlocked = true
10-04 17:30:17.745  1268  1505 D WindowManager: makeSurface duration=1 leash=Surface(name=Surface(name=6aee25d InputMethod)/@0xe7c4759 - animation-leash of insets_animation)/@0x7d9a16d
10-04 17:30:17.745  1268  1315 I WindowManager: Reparenting to leash, surface=Surface(name=6c7100d NavigationBar0)/@0x4deb392, leashParent=Surface(name=WindowToken{8c1c537 android.os.BinderProxy@76ec7d1})/@0x2752163
10-04 17:30:17.746   914   986 I SurfaceFlinger: id=17803 createSurf (0x0),-1 flag=24000, Surface(name=6c7100d NavigationBar0)/@0x4deb392 - animation-leash of insets_animation#0
10-04 17:30:17.746  1268  1315 D WindowManager: makeSurface duration=0 leash=Surface(name=Surface(name=6c7100d NavigationBar0)/@0x4deb392 - animation-leash of insets_animation)/@0xe2721a2
10-04 17:30:17.748  1683  1683 D DisplayImeController: insetsControlChanged(), ime control is null, anim=null
10-04 17:30:17.749  1683  2589 I ViewRootImpl@945a640[techdemo]: mWNT: t = android.view.SurfaceControl$Transaction@92bef96 fN = 5 android.view.SyncRtSurfaceTransactionApplier.applyTransaction:94 android.view.SyncRtSurfaceTransactionApplier.lambda$scheduleApply$0$SyncRtSurfaceTransactionApplier:71 android.view.SyncRtSurfaceTransactionApplier$$ExternalSyntheticLambda0.onFrameDraw:4 
10-04 17:30:17.749  1683  2589 I ViewRootImpl@945a640[techdemo]: mWNT: merge t to BBQ
10-04 17:30:17.750  1683  1683 D PipMotionHelper: animateToOffset: originalBounds=Rect(495, 1925 - 1035, 2229) offset=0 callers=
10-04 17:30:17.750  1683  1683 D PipMotionHelper:     com.android.wm.shell.pip.phone.PipTouchHandler.onMovementBoundsChanged:477
10-04 17:30:17.750  1683  1683 D PipMotionHelper:     com.android.wm.shell.pip.phone.PipController.updateMovementBounds:715
10-04 17:30:17.750  1683  1683 D PipMotionHelper:     com.android.wm.shell.pip.phone.PipController.access$600:99
10-04 17:30:17.750  1683  1683 D PipMotionHelper:     com.android.wm.shell.pip.phone.PipController$PipControllerPinnedTaskListener.onMovementBoundsChanged:238
10-04 17:30:17.750  1683  1683 D PipMotionHelper:     com.android.wm.shell.pip.PinnedStackListenerForwarder.onMovementBoundsChanged:65
10-04 17:30:17.750   914   914 I Layer   : id=17794 removeFromCurrentState Surface(name=6aee25d InputMethod)/@0xe7c4759 - animation-leash of insets_animation#0 (127)
10-04 17:30:17.751 31715 31715 D InsetsSourceConsumer: ensureControlAlpha: for ITYPE_NAVIGATION_BAR on com.example.techdemo/com.example.techdemo.MainActivity
10-04 17:30:17.751  1268  3964 D InputMethodManagerServicePhysicalKey: isConnectedDexOnPC false
10-04 17:30:17.751  1268  3964 D InputMethodManagerService: isImeSwitcherDisabledPackage : false
10-04 17:30:17.753 22660 22660 I MSHandlerLifeCycle: isMultiSplitHandlerRequested: ignored. pkg=com.google.android.inputmethod.latin isActivity=false callers=com.android.internal.policy.DecorView.setVisibility:4295 android.app.Dialog.hide:741 android.inputmethodservice.InputMethodService.removeImeSurface:1143 android.inputmethodservice.InputMethodService.scheduleImeSurfaceRemoval:1136 android.inputmethodservice.InputMethodService.access$1400:354 
10-04 17:30:17.753 22660 22660 I MSHandlerLifeCycle: removeMultiSplitHandler: no exist. decor=DecorView@617a52c[InputMethod]
10-04 17:30:17.758   914   914 D SurfaceFlinger: Display 4633128672291735999 HWC layers:
10-04 17:30:17.758   914   914 D SurfaceFlinger:      DEVICE | 0xb400007c6ee07390 | 0102 | RGBA_8888    |    0.0    0.0 1080.0 2293.0 |    0   23 1080 2316 | com.example.techdemo/com.example.techdemo.MainActivity$_31715#0
10-04 17:30:17.758   914   914 D SurfaceFlinger:      DEVICE | 0xb400007c6edfb310 | 0100 | RGBA_8888    |    0.0    0.0 1080.0 2316.0 |    0    0 1080 2316 | Splash Screen com.example.techdemo$_1683#0
10-04 17:30:17.758   914   914 D SurfaceFlinger:      DEVICE | 0xb400007c6ee158d0 | 0100 | RGBA_8888    |    0.0    0.0 1080.0   75.0 |    0    0 1080   75 | StatusBar$_1683#0
10-04 17:30:17.758   914   914 D SurfaceFlinger:      DEVICE | 0xb400007c6edfe090 | 0100 | RGBA_8888    |    0.0    0.0   67.0  342.0 | 1013  416 1080  758 | com.samsung.android.app.cocktailbars[...]arservice.CocktailBarService$_9298#0
10-04 17:30:17.758   914   914 D SurfaceFlinger:      DEVICE | 0xb400007c6edf4150 | 0100 | RGBA_8888    |    0.0    0.0  420.0  124.0 |  330 1877  750 2001 | Toast$_1683#0
10-04 17:30:17.758   914   914 D SurfaceFlinger:      DEVICE | 0xb400007c6ee02850 | 0100 | RGBA_8888    |    0.0    0.0 1080.0  135.0 |    0 2181 1080 2316 | NavigationBar0$_1683#0
10-04 17:30:17.758   914   914 D SurfaceFlinger: 
10-04 17:30:17.760 22660 22660 I SurfaceView@7aeca13: onWindowVisibilityChanged(8) false android.view.SurfaceView{7aeca13 G.E...... ......I. 0,0-0,0 #7f0b034f app:id/key_pos_header_action_surface} of ViewRootImpl@ac69273[InputMethod]
10-04 17:30:17.760  1683  2590 I ViewRootImpl@945a640[techdemo]: mWNT: t = android.view.SurfaceControl$Transaction@eb8e717 fN = 6 android.view.SyncRtSurfaceTransactionApplier.applyTransaction:94 android.view.SyncRtSurfaceTransactionApplier.lambda$scheduleApply$0$SyncRtSurfaceTransactionApplier:71 android.view.SyncRtSurfaceTransactionApplier$$ExternalSyntheticLambda0.onFrameDraw:4 
10-04 17:30:17.760  1683  2590 I ViewRootImpl@945a640[techdemo]: mWNT: merge t to BBQ
10-04 17:30:17.761 22660 23378 D OpenGLRenderer: setSurface called with nullptr
10-04 17:30:17.761 22660 23378 D OpenGLRenderer: setSurface() destroyed EGLSurface
10-04 17:30:17.762 22660 23378 D OpenGLRenderer: destroyEglSurface
10-04 17:30:17.765  1683  2589 I ViewRootImpl@945a640[techdemo]: mWNT: t = android.view.SurfaceControl$Transaction@ded9704 fN = 7 android.view.SyncRtSurfaceTransactionApplier.applyTransaction:94 android.view.SyncRtSurfaceTransactionApplier.lambda$scheduleApply$0$SyncRtSurfaceTransactionApplier:71 android.view.SyncRtSurfaceTransactionApplier$$ExternalSyntheticLambda0.onFrameDraw:4 
10-04 17:30:17.765  1683  2589 I ViewRootImpl@945a640[techdemo]: mWNT: merge t to BBQ
10-04 17:30:17.767  1268  3964 V WindowManager: Relayout Window{6aee25d u0 InputMethod}: viewVisibility=8 req=1080x2241 d0
10-04 17:30:17.767  1268  3964 E WindowManager: win=Window{6aee25d u0 InputMethod} destroySurfaces: appStopped=true win.mWindowRemovalAllowed=false win.mRemoveOnExit=false win.mViewVisibility=8 caller=com.android.server.wm.WindowManagerService.tryStartExitingAnimation:2970 com.android.server.wm.WindowManagerService.relayoutWindow:2694 com.android.server.wm.Session.relayout:242 android.view.IWindowSession$Stub.onTransact:790 com.android.server.wm.Session.onTransact:176 android.os.Binder.execTransactInternal:1215 android.os.Binder.execTransact:1179 
10-04 17:30:17.767  1268  3964 I WindowManager: Destroying surface Surface(name=InputMethod$_22660)/@0x834de33 called by com.android.server.wm.WindowStateAnimator.destroySurface:987 com.android.server.wm.WindowStateAnimator.destroySurfaceLocked:518 com.android.server.wm.WindowState.destroySurfaceUnchecked:4246 com.android.server.wm.WindowState.destroySurface:4220 com.android.server.wm.WindowManagerService.tryStartExitingAnimation:2970 com.android.server.wm.WindowManagerService.relayoutWindow:2694 com.android.server.wm.Session.relayout:242 android.view.IWindowSession$Stub.onTransact:790 
10-04 17:30:17.768   914  1207 I SurfaceFlinger: RestrictHighRefreshRate : 0
10-04 17:30:17.769  1268  1314 I DisplayModeDirector: Schedule to change allowedModes=baseModeId=8 allowGroupSwitching=false primaryRefreshRateRange=[10 120] appRequestRefreshRateRange=[10 120], displayId=0
10-04 17:30:17.769  1268  1314 I DisplayModeDirector:  -1:
10-04 17:30:17.769  1268  1314 I DisplayModeDirector:    PRIORITY_REFRESH_RATE_MODE -> Vote{width=-1, height=-1, minRefreshRate=10.0, maxRefreshRate=120.0, disableRefreshRateSwitching=false, baseModeRefreshRate=0.0}
10-04 17:30:17.769  1268  1314 I DisplayModeDirector:    PRIORITY_USER_SETTING_PEAK_REFRESH_RATE -> Vote{width=-1, height=-1, minRefreshRate=0.0, maxRefreshRate=120.0, disableRefreshRateSwitching=false, baseModeRefreshRate=0.0}
10-04 17:30:17.769  1268  1314 I DisplayModeDirector:    PRIORITY_USER_SETTING_MIN_REFRESH_RATE -> Vote{width=-1, height=-1, minRefreshRate=0.0, maxRefreshRate=Infinity, disableRefreshRateSwitching=false, baseModeRefreshRate=0.0}
10-04 17:30:17.769  1268  1314 I DisplayModeDirector:  0:
10-04 17:30:17.769  1268  1314 I DisplayModeDirector:    PRIORITY_RESOLUTION -> Vote{width=1080, height=2316, minRefreshRate=0.0, maxRefreshRate=Infinity, disableRefreshRateSwitching=false, baseModeRefreshRate=0.0}
10-04 17:30:17.769  1268  1314 I DisplayModeDirector:  mModeSwitchingType: SWITCHING_TYPE_WITHIN_GROUPS mAlwaysRespectAppRequest: false
10-04 17:30:17.769  1268  1314 I DisplayModeDirector:  SettingObserver mRefreshRateMode: REFRESH_RATE_MODE_SEAMLESS
10-04 17:30:17.769  1268  1314 I DisplayModeDirector:  BrightnessObserver mPassive=false, mLfdScalability=0, mRequestedPassivefalse, mBrightness: 48, mAmbientLux: 31.0, mIsWirelessCharging=false
10-04 17:30:17.769  9298  9298 I Utils   : isCurrentUser current = 0, ownerId = 0
10-04 17:30:17.769  1268  3964 V WindowManager: Relayout hash=6aee25d, pid=22660: mAttrs={(0,0)(fillxfill) gr=BOTTOM CENTER_VERTICAL sim={adjust=pan} ty=INPUT_METHOD fmt=TRANSPARENT wanim=0x1030056 preferredMinDisplayRefreshRate=60.0 receive insets ignoring z-order
10-04 17:30:17.769  1268  3964 V WindowManager:   fl=81800108
10-04 17:30:17.769  1268  3964 V WindowManager:   pfl=12000000
10-04 17:30:17.769  1268  3964 V WindowManager:   vsysui=10
10-04 17:30:17.769  1268  3964 V WindowManager:   apr=LIGHT_NAVIGATION_BARS
10-04 17:30:17.769  1268  3964 V WindowManager:   bhv=DEFAULT
10-04 17:30:17.769  1268  3964 V WindowManager:   fitTypes=STATUS_BARS NAVIGATION_BARS
10-04 17:30:17.769  1268  3964 V WindowManager:   fitSides=LEFT TOP RIGHT
10-04 17:30:17.769  1268  3964 V WindowManager:   fitIgnoreVis dimDuration=150 naviIconColor=0}
10-04 17:30:17.769  9298  9298 I TrayVisibilityController: getComputedTrayVisible : keyguardState = 1
10-04 17:30:17.769  9298  9298 I TrayVisibilityController: updateTrayVisible: State=1 visible=1 mCurrentVisible=1 specificMode=0
10-04 17:30:17.769  9298  9298 I TrayStateController: onNotifyUpdateTray: state=0
10-04 17:30:17.770  1268  1314 D LocalDisplayAdapter: setDesiredDisplayModeSpecsAsync : defaultConfig=7 primaryRefreshRateRange=[10 120] appRequestRefreshRateRange=[10 120]
10-04 17:30:17.771 22660 22660 I ViewRootImpl@ac69273[InputMethod]: Relayout returned: old=(0,75,1080,2316) new=(0,75,1080,2316) req=(1080,2241)8 dur=3 res=0x5 s={false 0} ch=true fn=7
10-04 17:30:17.771 22660 22660 I SurfaceView@7aeca13: windowStopped(true) false android.view.SurfaceView{7aeca13 G.E...... ......I. 0,0-0,0 #7f0b034f app:id/key_pos_header_action_surface} of ViewRootImpl@ac69273[InputMethod]
10-04 17:30:17.774   914   914 I SurfaceFlinger: Setting desired display mode specs: default mode ID: 7, allowGroupSwitching = 0, primary range: [10.00fps 120.00fps], app request range: [10.00fps 120.00fps]
10-04 17:30:17.774   914   914 I Scheduler: DisplayModeChanged : 7
10-04 17:30:17.774  1683  2590 I ViewRootImpl@945a640[techdemo]: mWNT: t = android.view.SurfaceControl$Transaction@344b4ed fN = 8 android.view.SyncRtSurfaceTransactionApplier.applyTransaction:94 android.view.SyncRtSurfaceTransactionApplier.lambda$scheduleApply$0$SyncRtSurfaceTransactionApplier:71 android.view.SyncRtSurfaceTransactionApplier$$ExternalSyntheticLambda0.onFrameDraw:4 
10-04 17:30:17.774  1683  2590 I ViewRootImpl@945a640[techdemo]: mWNT: merge t to BBQ
10-04 17:30:17.774   914   914 I Layer   : id=17789 removeFromCurrentState InputMethod$_22660#0 (127)
10-04 17:30:17.774   914   914 I SurfaceFlinger: id=17789 Removed InputMethod$_22660#0 (127)
10-04 17:30:17.774   914   914 I Layer   : id=17789 Destroyed InputMethod$_22660#0
10-04 17:30:17.782  1683  1924 D OpenGLRenderer: setSurface called with nullptr
10-04 17:30:17.782  1683  1924 D OpenGLRenderer: setSurface() destroyed EGLSurface
10-04 17:30:17.782  1683  1924 D OpenGLRenderer: destroyEglSurface
10-04 17:30:17.783  1268  3964 V WindowManager: Relayout Window{97b8524 u0 Splash Screen com.example.techdemo}: viewVisibility=8 req=1080x2316 d0
10-04 17:30:17.784  1268  3964 I WindowManager: Reparenting to leash, surface=Surface(name=97b8524 Splash Screen com.example.techdemo)/@0xb552a8f, leashParent=Surface(name=ActivityRecord{10c7e2 u0 com.example.techdemo/.MainActivity t5514})/@0x39b45d9
10-04 17:30:17.784  1268  1727 V MdnieScenarioControlService: mAclOffEnabled : false mAclPreviewState : false mAclCompensationState : false
10-04 17:30:17.784   914  1218 I SurfaceFlinger: id=17804 createSurf (0x0),-1 flag=24000, Surface(name=97b8524 Splash Screen com.example.techdemo)/@0xb552a8f - animation-leash of window_animation#0
10-04 17:30:17.785  1268  3964 D WindowManager: makeSurface duration=1 leash=Surface(name=Surface(name=97b8524 Splash Screen com.example.techdemo)/@0xb552a8f - animation-leash of window_animation)/@0xfd4e11c
10-04 17:30:17.787  1268  3964 V WindowManager: Relayout hash=97b8524, pid=1683: mAttrs={(0,0)(fillxfill) sim={adjust=pan} ty=APPLICATION_STARTING fmt=TRANSLUCENT wanim=0x1030303
10-04 17:30:17.787  1268  3964 V WindowManager:   fl=81030118
10-04 17:30:17.787  1268  3964 V WindowManager:   pfl=36000010
10-04 17:30:17.787  1268  3964 V WindowManager:   apr=LIGHT_STATUS_BARS LIGHT_NAVIGATION_BARS
10-04 17:30:17.787  1268  3964 V WindowManager:   bhv=DEFAULT
10-04 17:30:17.787  1268  3964 V WindowManager:   fitSides= naviIconColor=0}
10-04 17:30:17.787  1683  1786 I ViewRootImpl@945a640[techdemo]: Relayout returned: old=(0,0,1080,2316) new=(0,0,1080,2316) req=(1080,2316)8 dur=4 res=0x5 s={false 0} ch=true fn=9
10-04 17:30:17.787  1683  1786 I ViewRootImpl@945a640[techdemo]: DirectWriting, detachedFromWindow, clear editTexts
10-04 17:30:17.788  1683  1786 I ViewRootImpl@945a640[techdemo]: dispatchDetachedFromWindow
10-04 17:30:17.788  1268  1507 I WindowManager: Cancelling animation restarting=false, leash=Surface(name=Surface(name=9281b9f com.example.techdemo/com.example.techdemo.MainActivity)/@0x7fce3d8 - animation-leash of starting_reveal)/@0x5290331
10-04 17:30:17.788  1268  1507 I WindowManager: Reparenting to original parent: Surface(name=ActivityRecord{10c7e2 u0 com.example.techdemo/.MainActivity t5514})/@0x39b45d9, destroy=false, surface=Surface(name=9281b9f com.example.techdemo/com.example.techdemo.MainActivity)/@0x7fce3d8
10-04 17:30:17.788  1268  1507 D InputTransport: Input channel destroyed: '97b8524', fd=762
10-04 17:30:17.788  1268  1507 W InputManager-JNI: Input channel object '97b8524 Splash Screen com.example.techdemo (client)' was disposed without first being removed with the input manager!
10-04 17:30:17.788  1268  1507 D InputTransport: Input channel destroyed: '97b8524', fd=901
10-04 17:30:17.789  1683  1786 D InputTransport: Input channel destroyed: '97b8524', fd=214
10-04 17:30:17.794   914   914 I Layer   : id=17801 removeFromCurrentState Surface(name=9281b9f com.example.techdemo/com.example.techdemo.MainActivity)/@0x7fce3d8 - animation-leash of starting_reveal#0 (127)
10-04 17:30:17.841  1268  1315 I WindowManager: Reparenting to original parent: Surface(name=ActivityRecord{10c7e2 u0 com.example.techdemo/.MainActivity t5514})/@0x39b45d9, destroy=true, surface=Surface(name=97b8524 Splash Screen com.example.techdemo)/@0xb552a8f
10-04 17:30:17.842  1268  1315 E WindowManager: win=Window{97b8524 u0 Splash Screen com.example.techdemo EXITING} destroySurfaces: appStopped=false win.mWindowRemovalAllowed=true win.mRemoveOnExit=true win.mViewVisibility=8 caller=com.android.server.wm.ActivityRecord.destroySurfaces:5867 com.android.server.wm.ActivityRecord.destroySurfaces:5848 com.android.server.wm.WindowState.onExitAnimationDone:5989 com.android.server.wm.WindowStateAnimator.onAnimationFinished:242 com.android.server.wm.WindowState.onAnimationFinished:6242 com.android.server.wm.WindowContainer$$ExternalSyntheticLambda0.onAnimationFinished:2 com.android.server.wm.SurfaceAnimator.lambda$getFinishedCallback$0$SurfaceAnimator:113 
10-04 17:30:17.842  1268  1315 I WindowManager: Destroying surface Surface(name=Splash Screen com.example.techdemo$_1683)/@0xddcf308 called by com.android.server.wm.WindowStateAnimator.destroySurface:987 com.android.server.wm.WindowStateAnimator.destroySurfaceLocked:518 com.android.server.wm.WindowState.destroySurfaceUnchecked:4246 com.android.server.wm.WindowState.destroySurface:4220 com.android.server.wm.ActivityRecord.destroySurfaces:5867 com.android.server.wm.ActivityRecord.destroySurfaces:5848 com.android.server.wm.WindowState.onExitAnimationDone:5989 com.android.server.wm.WindowStateAnimator.onAnimationFinished:242 
10-04 17:30:17.846  1683  1683 D SecLightBarControlHelper: updateStatus(WHITE icon) NumLightStacks:0, NumStacks:1, IndexLightStack:-1, StatusBarMode:0, StatusBarState:SHD, NeedDarkFontFromWallpaper:true, isWhiteKeyguardStatusBarBySettings:true
10-04 17:30:17.850   914   914 I Layer   : id=17796 removeFromCurrentState Splash Screen com.example.techdemo$_1683#0 (127)
10-04 17:30:17.850   914   914 I Layer   : id=17795 removeFromCurrentState 97b8524 Splash Screen com.example.techdemo#0 (127)
10-04 17:30:17.850   914   914 I Layer   : id=17804 removeFromCurrentState Surface(name=97b8524 Splash Screen com.example.techdemo)/@0xb552a8f - animation-leash of window_animation#0 (127)
10-04 17:30:17.851   914   914 I SurfaceFlinger: id=17795 Removed 97b8524 Splash Screen com.example.techdemo#0 (127)
10-04 17:30:17.851   914   914 I SurfaceFlinger: id=17796 Removed Splash Screen com.example.techdemo$_1683#0 (127)
10-04 17:30:17.851   914   914 I SurfaceFlinger: id=17804 Removed Surface(name=97b8524 Splash Screen com.example.techdemo)/@0xb552a8f - animation-leash of window_animation#0 (127)
10-04 17:30:17.851   914   914 I Layer   : id=17804 Destroyed Surface(name=97b8524 Splash Screen com.example.techdemo)/@0xb552a8f - animation-leash of window_animation#0
10-04 17:30:17.851   914   914 I Layer   : id=17795 Destroyed 97b8524 Splash Screen com.example.techdemo#0
10-04 17:30:17.854  1268  3964 V WindowManager: Relayout Window{3477618 u0 NotificationShade}: viewVisibility=4 req=1080x2316 d0
10-04 17:30:17.854   914   914 I Layer   : id=17796 Destroyed Splash Screen com.example.techdemo$_1683#0
10-04 17:30:17.856  1268  3964 V WindowManager: Relayout hash=3477618, pid=1683: mAttrs={(0,0)(fillxfill) gr=TOP CENTER_VERTICAL sim={adjust=resize} layoutInDisplayCutoutMode=always ty=2040 fmt=TRANSLUCENT
10-04 17:30:17.856  1268  3964 V WindowManager:   fl=81840048
10-04 17:30:17.856  1268  3964 V WindowManager:   pfl=1b000000
10-04 17:30:17.856  1268  3964 V WindowManager:   bhv=SHOW_TRANSIENT_BARS_BY_SWIPE naviIconColor=0
10-04 17:30:17.856  1268  3964 V WindowManager:   sfl=42000}
10-04 17:30:17.857  1683  1683 I ViewRootImpl@f73d02e[NotificationShade]: Relayout returned: old=(0,0,1080,2316) new=(0,0,1080,2316) req=(1080,2316)4 dur=3 res=0x1 s={false 0} ch=false fn=-1
10-04 17:30:17.857  1683  1683 D PanelCarrierLabelManager: updateNavBarHeight(135 >> 42) NavSettingsHelper(navGestureProtectionEnabled:false, navGestureHintEnabled:true, navHideKeyboardButtonEnabled:true)
10-04 17:30:17.858  1683  1683 D QSPanelResourcePicker: cabinetHeight= 677.8711
10-04 17:30:17.859  1683  1683 D QSPanelResourcePicker: cabinetHeight= 677.8711
10-04 17:30:17.860   914   914 D SurfaceFlinger: Display 4633128672291735999 HWC layers:
10-04 17:30:17.860   914   914 D SurfaceFlinger:      DEVICE | 0xb400007c6ee10d90 | 0102 | RGBA_8888    |    0.0    0.0 1080.0 2316.0 |    0    0 1080 2316 | com.example.techdemo/com.example.techdemo.MainActivity$_31715#0
10-04 17:30:17.860   914   914 D SurfaceFlinger:      DEVICE | 0xb400007c6ee158d0 | 0100 | RGBA_8888    |    0.0    0.0 1080.0   75.0 |    0    0 1080   75 | StatusBar$_1683#0
10-04 17:30:17.860   914   914 D SurfaceFlinger:      DEVICE | 0xb400007c6edfe090 | 0100 | RGBA_8888    |    0.0    0.0   67.0  342.0 | 1013  416 1080  758 | com.samsung.android.app.cocktailbars[...]arservice.CocktailBarService$_9298#0
10-04 17:30:17.860   914   914 D SurfaceFlinger:      DEVICE | 0xb400007c6edf4150 | 0100 | RGBA_8888    |    0.0    0.0  420.0  124.0 |  330 1877  750 2001 | Toast$_1683#0
10-04 17:30:17.860   914   914 D SurfaceFlinger:      DEVICE | 0xb400007c6ee02850 | 0100 | RGBA_8888    |    0.0    0.0 1080.0  135.0 |    0 2181 1080 2316 | NavigationBar0$_1683#0
10-04 17:30:17.860   914   914 D SurfaceFlinger: 
10-04 17:30:17.860  1683  1683 D KeyguardBottomAreaShortcutView: updateCameraVisibility isCameraDisabled:false visible:true
10-04 17:30:17.861  1683  1683 D KeyguardBottomAreaShortcutView: mIndicationArea margin start : 175, end : 175, bottom : 160
10-04 17:30:17.867  1683  1683 D ScrollView:  onsize change changed 
10-04 17:30:17.867  1683  1683 D QS      : setQSExpansion 0.0 -138.95
10-04 17:30:17.867  1683  1683 V SecQSFragmentAnimatorBase: setQsExpansionPosition 0.0
10-04 17:30:17.867  1683  1683 V QsExpandAnimator: setQsExpansionPosition 0.0 0
10-04 17:30:17.869  1683  1683 D QS      : setQSExpansion 0.0 -142.45
10-04 17:30:17.869  1683  1683 V SecQSFragmentAnimatorBase: setQsExpansionPosition 0.0
10-04 17:30:17.869  1683  1683 V QsExpandAnimator: setQsExpansionPosition 0.0 0
10-04 17:30:17.869  1683  1683 D QS      : setQSExpansion 0.0 -142.45
10-04 17:30:17.870  1683  1683 W Looper  : Slow dispatch took 21ms main h=android.view.Choreographer$FrameHandler c=android.view.Choreographer$FrameDisplayEventReceiver@a8a74ac m=0
10-04 17:30:17.873  1683  1683 D IndicatorGardenInputProperty: updateRotation() prv:-1 >> new:0
10-04 17:30:17.873  1683  1683 D DeviceState: getDeviceResolutionPixelSize - currentDensity = 450 deviceDensity = 450 initialDisplaySizeFactor = 1440 currentDisplaySizeFactor = 1080 initialDisplayDensity = 600 proportionalDensity = 450 proportionalPixel = 42
10-04 17:30:17.873  1683  1683 D DeviceState: getDeviceResolutionPixelSize - currentDensity = 450 deviceDensity = 450 initialDisplaySizeFactor = 1440 currentDisplaySizeFactor = 1080 initialDisplayDensity = 600 proportionalDensity = 450 proportionalPixel = 27
10-04 17:30:17.874  1683  1683 D DeviceState: getDeviceResolutionPixelSize - currentDensity = 450 deviceDensity = 450 initialDisplaySizeFactor = 1440 currentDisplaySizeFactor = 1080 initialDisplayDensity = 600 proportionalDensity = 450 proportionalPixel = 18
10-04 17:30:17.874  1683  1683 V QsExpandAnimator: updateAnimators
10-04 17:30:17.874  1683  1683 V QsExpandAnimator: clearAnimationState 
10-04 17:30:17.874  1683  1683 V QsExpandAnimator: setQsExpansionPosition 0.0 0
10-04 17:30:17.881  1683  1683 D QS      : setQSExpansion 0.0 -142.45
10-04 17:30:17.881  1683  1683 D QS      : setQSExpansion 0.0 -142.45
10-04 17:30:17.895  1268  1314 W ActivityTaskManager: Activity top resumed state loss timeout for ActivityRecord{2150336 u0 com.example.techdemo/.AddActivity t-1 f}}
10-04 17:30:17.916  1268  1315 I WindowManager: Reparenting to original parent: Surface(name=WindowToken{da7bff8 android.os.Binder@7170b5b})/@0x258012f, destroy=true, surface=Surface(name=694e3a4 Toast)/@0xf3d430e
10-04 17:30:17.926   914   914 I Layer   : id=17791 removeFromCurrentState Surface(name=694e3a4 Toast)/@0xf3d430e - animation-leash of window_animation#0 (124)
10-04 17:30:17.926  1268  1315 I WindowManager: Destroying surface Surface(name=Toast$_1683)/@0x19ddc87 called by com.android.server.wm.WindowStateAnimator.destroySurface:987 com.android.server.wm.WindowStateAnimator.destroySurfaceLocked:518 com.android.server.wm.WindowState.destroySurfaceUnchecked:4246 com.android.server.wm.RootWindowContainer.performSurfacePlacementNoTrace:1110 com.android.server.wm.RootWindowContainer.performSurfacePlacement:959 com.android.server.wm.WindowSurfacePlacer.performSurfacePlacementLoop:189 com.android.server.wm.WindowSurfacePlacer.performSurfacePlacement:130 com.android.server.wm.WindowSurfacePlacer.performSurfacePlacement:119 
10-04 17:30:17.926   914   914 I SurfaceFlinger: id=17791 Removed Surface(name=694e3a4 Toast)/@0xf3d430e - animation-leash of window_animation#0 (124)
10-04 17:30:17.926   914   914 I Layer   : id=17791 Destroyed Surface(name=694e3a4 Toast)/@0xf3d430e - animation-leash of window_animation#0
10-04 17:30:17.926  1268  1315 D PowerManagerService: [api] release WakeLock SCREEN_BRIGHT_WAKE_LOCK        'WindowManager' ON_AFTER_RELEASE ACQ=-2s789ms (uid=1000 pid=1268 ws=WorkSource{10041} displayId=-1)
10-04 17:30:17.926  1268  1315 D EdgeLightingManager: hideForWakeLock packageName=android
10-04 17:30:17.926  1268  1315 D EdgeLightingManager: hideForWakeLock is no more used
